01-31 10:34:10.243  7390  7390 D BiometricScheduler/Fingerprint21: [Starting] {[122] FingerprintAuthenticationClient, proto=3, owner=com.android.systemui, cookie=0, userId=0}, State: 0
01-31 10:34:10.243  7390  7390 D BiometricScheduler/Fingerprint21: [Started] {[122] FingerprintAuthenticationClient, proto=3, owner=com.android.systemui, cookie=0, userId=0}
01-31 10:34:10.243  7390  7390 D BiometricCoexCoordinator: addAuthenticationClient(OtherFp), client: {[122] FingerprintAuthenticationClient, proto=3, owner=com.android.systemui, cookie=0, userId=0}
01-31 10:34:10.243  7390  7390 D FingerprintService: Fps state updated from 0 to 2, client {[122] FingerprintAuthenticationClient, proto=3, owner=com.android.systemui, cookie=0, userId=0}
01-31 10:34:10.243  7390  7390 D Biometrics/AuthenticationClient: Requesting auth for com.android.systemui
01-31 10:34:10.716  7390  7434 I DisplayPowerController[0]: Blocking screen off
01-31 10:34:10.716  7390  7434 I DisplayPowerController[0]: Unblocked screen off after 0 ms
01-31 10:34:10.724  7390  7434 D ActivityTaskManager: Top Process State changed to PROCESS_STATE_TOP_SLEEPING
01-31 10:34:10.760  7390  7434 V DisplayPowerController[0]: Brightness [0.0] reason changing to: 'screen_off', previous reason: 'automatic'.
01-31 10:34:10.762  7390  7410 I DisplayDeviceRepository: Display device changed state: "Built-in Screen", OFF
01-31 10:34:10.908  7390  7434 I DreamManagerService: Entering dreamland.
01-31 10:34:10.909  7390  7434 I PowerManagerService: Dozing...
01-31 10:34:10.910  7390  7407 I DreamController: Starting dream: name=ComponentInfo{com.android.systemui/com.android.systemui.doze.DozeService}, isTest=false, canDoze=true, userId=0
01-31 10:34:11.310  7390  9855 D CompatibilityChangeReporter: Compat change id reported: 171306433; UID 10318; state: ENABLED
01-31 10:34:11.950  7390  9855 E ShortcutService: Invalid icon type in shortcut 9;0;0;QnC5uhxAfF0=. Bitmaps are not allowed in long-lived shortcuts. Use Resource icons, or Uri-based icons instead.
01-31 10:34:12.116  7390  7422 W NotificationHistory: Attempted to remove conversation for locked/gone/disabled user 0
01-31 10:34:12.856  7390  7390 E RemoteFillService: Error calling on fill request
01-31 10:34:12.856  7390  7390 E RemoteFillService: java.util.concurrent.TimeoutException
01-31 10:34:12.856  7390  7390 E RemoteFillService: 	at com.android.internal.infra.AndroidFuture.triggerTimeout(AndroidFuture.java:290)
01-31 10:34:12.856  7390  7390 E RemoteFillService: 	at com.android.internal.infra.AndroidFuture$$ExternalSyntheticLambda0.run(Unknown Source:2)
01-31 10:34:12.856  7390  7390 E RemoteFillService: 	at android.os.Handler.handleCallback(Handler.java:938)
01-31 10:34:12.856  7390  7390 E RemoteFillService: 	at android.os.Handler.dispatchMessage(Handler.java:99)
01-31 10:34:12.856  7390  7390 E RemoteFillService: 	at android.os.Looper.loopOnce(Looper.java:201)
01-31 10:34:12.856  7390  7390 E RemoteFillService: 	at android.os.Looper.loop(Looper.java:288)
01-31 10:34:12.856  7390  7390 E RemoteFillService: 	at com.android.server.SystemServer.run(SystemServer.java:903)
01-31 10:34:12.856  7390  7390 E RemoteFillService: 	at com.android.server.SystemServer.main(SystemServer.java:610)
01-31 10:34:12.856  7390  7390 E RemoteFillService: 	at java.lang.reflect.Method.invoke(Native Method)
01-31 10:34:12.856  7390  7390 E RemoteFillService: 	at com.android.internal.os.RuntimeInit$MethodAndArgsCaller.run(RuntimeInit.java:548)
01-31 10:34:12.856  7390  7390 E RemoteFillService: 	at com.android.internal.os.ZygoteInit.main(ZygoteInit.java:981)
01-31 10:34:18.915  7390 10613 W ProcessStats: Tracking association SourceState{901415c com.viber.voip/10185 Top #230958} whose proc state 1 is better than process ProcessState{bef8f46 com.google.android.gms.persistent/10025 pkg=com.google.android.gms} proc state 2 (316 skipped)
01-31 10:34:26.613  7390  7863 D CompatibilityChangeReporter: Compat change id reported: 135634846; UID 10008; state: DISABLED
01-31 10:34:26.614  7390  7863 D CompatibilityChangeReporter: Compat change id reported: 177438394; UID 10008; state: DISABLED
01-31 10:34:26.614  7390  7863 D CompatibilityChangeReporter: Compat change id reported: 135772972; UID 10008; state: DISABLED
01-31 10:34:26.614  7390  7863 D CompatibilityChangeReporter: Compat change id reported: 135754954; UID 10008; state: ENABLED
01-31 10:34:26.614  7390  7424 D CompatibilityChangeReporter: Compat change id reported: 143937733; UID 10008; state: ENABLED
01-31 10:34:26.633  7390  7424 I ActivityManager: Start proc 20993:android.process.media/u0a8 for content provider {com.android.providers.downloads/com.android.providers.downloads.DownloadProvider}
01-31 10:34:27.063  7390  7863 D CompatibilityChangeReporter: Compat change id reported: 171306433; UID 10092; state: ENABLED
01-31 10:34:31.596  7390  7455 W ProcessStats: Tracking association SourceState{901415c com.viber.voip/10185 Top #231006} whose proc state 1 is better than process ProcessState{bef8f46 com.google.android.gms.persistent/10025 pkg=com.google.android.gms} proc state 2 (84 skipped)
01-31 10:34:41.639  7390  7863 W ProcessStats: Tracking association SourceState{901415c com.viber.voip/10185 Top #231017} whose proc state 1 is better than process ProcessState{bef8f46 com.google.android.gms.persistent/10025 pkg=com.google.android.gms} proc state 2 (11 skipped)
01-31 10:34:53.422  7390  7863 W ProcessStats: Tracking association SourceState{901415c com.viber.voip/10185 Top #231020} whose proc state 1 is better than process ProcessState{bef8f46 com.google.android.gms.persistent/10025 pkg=com.google.android.gms} proc state 2 (5 skipped)
01-31 10:35:03.083  7390  9184 W AppOps  : Noting op not finished: uid 10173 pkg com.urbandroid.sleep code 79 startTime of in progress event=1675114382964
01-31 10:35:03.087  7390  7863 W AppOps  : Noting op not finished: uid 10025 pkg com.google.android.gms code 113 startTime of in progress event=1675114318627
01-31 10:35:03.103  7390  7863 W AppOps  : Noting op not finished: uid 10126 pkg com.google.android.apps.maps code 79 startTime of in progress event=1675114379653
01-31 10:35:03.107  7390  9184 W AppOps  : Noting op not finished: uid 10346 pkg com.google.android.gms.location.history code 79 startTime of in progress event=1675037432798
01-31 10:35:03.111  7390  7863 W AppOps  : Noting op not finished: uid 10025 pkg com.google.android.gms code 113 startTime of in progress event=1675114173922
01-31 10:35:03.120  7390  7863 D CompatibilityChangeReporter: Compat change id reported: 177438394; UID 10126; state: DISABLED
01-31 10:35:03.120  7390  7863 D CompatibilityChangeReporter: Compat change id reported: 135772972; UID 10126; state: DISABLED
01-31 10:35:03.120  7390  7863 D CompatibilityChangeReporter: Compat change id reported: 135754954; UID 10126; state: ENABLED
01-31 10:35:03.121  7390  7424 D CompatibilityChangeReporter: Compat change id reported: 143937733; UID 10126; state: ENABLED
01-31 10:35:03.135  7390  7424 I ActivityManager: Start proc 21017:com.google.android.apps.maps/u0a126 for broadcast {com.google.android.apps.maps/com.google.android.apps.gmm.locationsharing.reporting.ActivityRecognitionBroadcastReceiver}
01-31 10:35:03.200  7390  7863 D CompatibilityChangeReporter: Compat change id reported: 168419799; UID 10126; state: DISABLED
01-31 10:35:03.560  7390  7863 W ProcessStats: Tracking association SourceState{901415c com.viber.voip/10185 Top #231046} whose proc state 1 is better than process ProcessState{bef8f46 com.google.android.gms.persistent/10025 pkg=com.google.android.gms} proc state 2 (31 skipped)
01-31 10:35:03.973  7390  8261 W AppOps  : Noting op not finished: uid 10126 pkg com.google.android.apps.maps code 79 startTime of in progress event=1675114503967
01-31 10:35:03.990  7390  7408 D CompatibilityChangeReporter: Compat change id reported: 171306433; UID 10126; state: ENABLED
01-31 10:35:06.416  7390  7390 I ContentCaptureManagerService: Content capture data sharing session terminated successfully for package 'com.google.android.googlequicksearchbox'
01-31 10:35:13.419  7390  8261 E AppOps  : Operation not started: uid=10075 pkg=com.google.android.apps.messaging(null) op=WAKE_LOCK
01-31 10:35:16.191  7390  8261 W ProcessStats: Tracking association SourceState{901415c com.viber.voip/10185 Top #231101} whose proc state 1 is better than process ProcessState{bef8f46 com.google.android.gms.persistent/10025 pkg=com.google.android.gms} proc state 2 (53 skipped)
01-31 10:36:14.952  7390  7390 I ContentCaptureManagerService: Content capture data sharing session terminated successfully for package 'com.google.android.googlequicksearchbox'
01-31 10:37:15.048  7390  7455 W ProcessStats: Tracking association SourceState{901415c com.viber.voip/10185 Top #231145} whose proc state 1 is better than process ProcessState{bef8f46 com.google.android.gms.persistent/10025 pkg=com.google.android.gms} proc state 2 (69 skipped)
01-31 10:39:16.321  7390  7430 D KernelCpuUidUserSysTimeReader: Removing uids 90010-90010
01-31 10:39:16.322  7390  7430 D KernelCpuUidUserSysTimeReader: Removing uids 90017-90017
01-31 10:39:16.322  7390  7430 D KernelCpuUidUserSysTimeReader: Removing uids 90015-90015
01-31 10:41:30.120  7390  7390 W Looper  : Slow delivery took 330ms main h=com.android.server.accessibility.AbstractAccessibilityServiceConnection$1 c=null m=2048
01-31 10:41:30.148  7390  7390 W Looper  : Drained
01-31 10:43:31.956  7390  7423 D CompatibilityChangeReporter: Compat change id reported: 135634846; UID 10240; state: DISABLED
01-31 10:43:31.957  7390  7423 D CompatibilityChangeReporter: Compat change id reported: 177438394; UID 10240; state: DISABLED
01-31 10:43:31.957  7390  7423 D CompatibilityChangeReporter: Compat change id reported: 135772972; UID 10240; state: DISABLED
01-31 10:43:31.957  7390  7424 D CompatibilityChangeReporter: Compat change id reported: 143937733; UID 10240; state: ENABLED
01-31 10:43:31.976  7390  7424 I ActivityManager: Start proc 21119:com.alibaba.aliexpresshd:channel/u0a240 for broadcast {com.alibaba.aliexpresshd/com.google.firebase.iid.FirebaseInstanceIdReceiver}
01-31 10:43:32.519  7390  9184 W ActivityManager: Unable to start service Intent { act=com.taobao.orange.service.OrangeApiService cat=[android.intent.category.DEFAULT] cmp=com.alibaba.aliexpresshd/com.taobao.orange.service.OrangeApiService } U=0: not found
01-31 10:43:32.663  7390  9184 W ActivityManager: Unable to start service Intent { act=mtopsdk.xstate.aidl.IXState cat=[android.intent.category.DEFAULT] pkg=com.alibaba.aliexpresshd cmp=com.alibaba.aliexpresshd/mtopsdk.xstate.XStateService } U=0: not found
01-31 10:43:34.041  7390  7390 W Looper  : Slow delivery took 364ms main h=com.android.server.job.controllers.QuotaController$QcHandler c=null m=6
01-31 10:43:34.107  7390  7390 W Looper  : Drained
01-31 10:43:34.152  7390  7423 D CompatibilityChangeReporter: Compat change id reported: 135634846; UID 10240; state: DISABLED
01-31 10:43:34.152  7390  7423 D CompatibilityChangeReporter: Compat change id reported: 177438394; UID 10240; state: DISABLED
01-31 10:43:34.152  7390  7423 D CompatibilityChangeReporter: Compat change id reported: 135772972; UID 10240; state: DISABLED
01-31 10:43:34.153  7390  7424 D CompatibilityChangeReporter: Compat change id reported: 143937733; UID 10240; state: ENABLED
01-31 10:43:34.168  7390  7424 I ActivityManager: Start proc 21217:com.alibaba.aliexpresshd/u0a240 for broadcast {com.alibaba.aliexpresshd/com.aliexpress.module.imsdk.agoo.ImAgooReceiver}
01-31 10:44:25.474  7390 10613 W ActivityManager: Unable to start service Intent { act=com.taobao.orange.service.OrangeApiService cat=[android.intent.category.DEFAULT] cmp=com.alibaba.aliexpresshd/com.taobao.orange.service.OrangeApiService } U=0: not found
01-31 10:44:25.906  7390  8261 W ActivityManager: Unable to start service Intent { act=mtopsdk.xstate.aidl.IXState cat=[android.intent.category.DEFAULT] pkg=com.alibaba.aliexpresshd cmp=com.alibaba.aliexpresshd/mtopsdk.xstate.XStateService } U=0: not found
01-31 10:45:01.297  7390  8261 E PackageDexUsage: Unsupported context?
01-31 10:45:01.380  7390  9184 W AppOps  : Noting op not finished: uid 10173 pkg com.urbandroid.sleep code 79 startTime of in progress event=1675114503124
01-31 10:45:01.384  7390  9184 W AppOps  : Noting op not finished: uid 10025 pkg com.google.android.gms code 113 startTime of in progress event=1675114318627
01-31 10:45:01.403  7390  7863 W AppOps  : Noting op not finished: uid 10126 pkg com.google.android.apps.maps code 79 startTime of in progress event=1675114504003
01-31 10:45:01.407  7390  9184 W AppOps  : Noting op not finished: uid 10346 pkg com.google.android.gms.location.history code 79 startTime of in progress event=1675037432798
01-31 10:45:01.415  7390  8261 W AppOps  : Noting op not finished: uid 10025 pkg com.google.android.gms code 113 startTime of in progress event=1675114173922
01-31 10:45:01.545  7390  8261 E PackageDexUsage: Unsupported context?
01-31 10:45:01.645  7390  8261 D CompatibilityChangeReporter: Compat change id reported: 168419799; UID 10126; state: DISABLED
01-31 10:45:02.355  7390  7390 D TwilightService: onLocationChanged: provider=fused accuracy=14.37 time=1675115102325
01-31 10:45:03.045  7390  8261 D CompatibilityChangeReporter: Compat change id reported: 135634846; UID 10240; state: DISABLED
01-31 10:45:03.045  7390  7424 D CompatibilityChangeReporter: Compat change id reported: 143937733; UID 10240; state: ENABLED
01-31 10:45:03.077  7390  7424 I ActivityManager: Start proc 21508:com.google.android.webview:sandboxed_process0:org.chromium.content.app.SandboxedProcessService0:0/u0i95 for  {com.alibaba.aliexpresshd/org.chromium.content.app.SandboxedProcessService0:0}
01-31 10:45:03.165  7390  8261 W ProcessStats: Tracking association SourceState{901415c com.viber.voip/10185 Top #231288} whose proc state 1 is better than process ProcessState{bef8f46 com.google.android.gms.persistent/10025 pkg=com.google.android.gms} proc state 2 (231 skipped)
01-31 10:45:04.308  7390  8261 D CompatibilityChangeReporter: Compat change id reported: 135634846; UID 10105; state: DISABLED
01-31 10:45:04.309  7390  7424 D CompatibilityChangeReporter: Compat change id reported: 143937733; UID 10105; state: ENABLED
01-31 10:45:04.329  7390  7424 I ActivityManager: Start proc 21545:com.google.android.webview:webview_service/u0a105 for service {com.google.android.webview/org.chromium.android_webview.services.ComponentsProviderService}
01-31 10:45:04.806  7390  7390 D CompatibilityChangeReporter: Compat change id reported: 135634846; UID 10210; state: DISABLED
01-31 10:45:04.806  7390  7390 D CompatibilityChangeReporter: Compat change id reported: 177438394; UID 10210; state: DISABLED
01-31 10:45:04.806  7390  7390 D CompatibilityChangeReporter: Compat change id reported: 135772972; UID 10210; state: DISABLED
01-31 10:45:04.806  7390  7390 D CompatibilityChangeReporter: Compat change id reported: 135754954; UID 10210; state: ENABLED
01-31 10:45:04.807  7390  7424 D CompatibilityChangeReporter: Compat change id reported: 143937733; UID 10210; state: ENABLED
01-31 10:45:04.830  7390  7424 I ActivityManager: Start proc 21580:com.nextcloud.client/u0a210 for service {com.nextcloud.client/androidx.work.impl.background.systemjob.SystemJobService}
01-31 10:45:05.065  7390 10613 I ActivityManager: Process com.instagram.android (pid 19005) has died: cch+75 CEM 
01-31 10:45:05.357  7390  7876 I ActivityManager: Background started FGS: Allowed [callingPackage: io.homeassistant.companion.android; callingUid: 10497; uidState: TRNB; intent: Intent { act=ACTION_START_FOREGROUND cmp=io.homeassistant.companion.android/androidx.work.impl.foreground.SystemForegroundService (has extras) }; code:SYSTEM_ALLOW_LISTED; tempAllowListReason:<,reasonCode:SYSTEM_ALLOW_LISTED,duration:9223372036854775807,callingUid:-1>; targetSdkVersion:33; callerTargetSdkVersion:33; startForegroundCount:0; bindFromPackage:null]
01-31 10:45:05.371  7390  9865 W ActivityManager: Foreground service started from background can not have location/camera/microphone access: service io.homeassistant.companion.android/androidx.work.impl.foreground.SystemForegroundService
01-31 10:45:05.460  7390  7423 I DropBoxManagerService: add tag=system_server_wtf isTagEnabled=true flags=0x6
01-31 10:45:05.522  7390 10983 D CompatibilityChangeReporter: Compat change id reported: 149924527; UID 10210; state: ENABLED
01-31 10:45:05.523  7390 10983 D CompatibilityChangeReporter: Compat change id reported: 132649864; UID 10210; state: DISABLED
01-31 10:45:05.525  7390  9865 D CompatibilityChangeReporter: Compat change id reported: 182734110; UID 10210; state: ENABLED
01-31 10:45:07.479  7390  7423 W BroadcastQueue: Background execution not allowed: receiving Intent { act=android.intent.action.DROPBOX_ENTRY_ADDED flg=0x10 (has extras) } to com.google.android.gms/.stats.service.DropBoxEntryAddedReceiver
01-31 10:45:07.479  7390  7423 W BroadcastQueue: Background execution not allowed: receiving Intent { act=android.intent.action.DROPBOX_ENTRY_ADDED flg=0x10 (has extras) } to com.google.android.gms/.chimera.GmsIntentOperationService$PersistentTrustedReceiver
01-31 10:45:07.636  7390  7876 I DropBoxManagerService: add tag=platform_stats_bookmark isTagEnabled=true flags=0x2
01-31 10:45:07.643  7390  7423 W BroadcastQueue: Background execution not allowed: receiving Intent { act=android.intent.action.DROPBOX_ENTRY_ADDED flg=0x10 (has extras) } to com.google.android.gms/.stats.service.DropBoxEntryAddedReceiver
01-31 10:45:07.643  7390  7423 W BroadcastQueue: Background execution not allowed: receiving Intent { act=android.intent.action.DROPBOX_ENTRY_ADDED flg=0x10 (has extras) } to com.google.android.gms/.chimera.GmsIntentOperationService$PersistentTrustedReceiver
01-31 10:45:19.377  7390  7422 E DiscreteRegistry: Deleting file 1675027926895tl
01-31 10:45:19.377  7390  7422 E DiscreteRegistry: Deleting file 1675028182847tl
01-31 10:45:22.604  7390  7876 I ActivityManager: Process com.qualcomm.telephony (pid 6586) has died: cch+85 SVC 
01-31 10:45:22.605  7390  7876 W ActivityManager: Scheduling restart of crashed service com.qualcomm.atfwd/.AtFwdService in 1000ms for start-requested
01-31 10:45:22.627  7390  7876 I ActivityManager: Process com.google.android.apps.fitness (pid 20338) has died: cch+75 CEM 
01-31 10:45:59.898  7390  7663 W ProcessStats: Tracking association SourceState{901415c com.viber.voip/10185 Top #231440} whose proc state 1 is better than process ProcessState{bef8f46 com.google.android.gms.persistent/10025 pkg=com.google.android.gms} proc state 2 (228 skipped)
01-31 10:46:51.882  7390  7423 D CompatibilityChangeReporter: Compat change id reported: 135634846; UID 10331; state: DISABLED
01-31 10:46:51.882  7390  7423 D CompatibilityChangeReporter: Compat change id reported: 177438394; UID 10331; state: DISABLED
01-31 10:46:51.882  7390  7423 D CompatibilityChangeReporter: Compat change id reported: 135772972; UID 10331; state: DISABLED
01-31 10:46:51.883  7390  7423 D CompatibilityChangeReporter: Compat change id reported: 135754954; UID 10331; state: DISABLED
01-31 10:46:51.887  7390  7424 D CompatibilityChangeReporter: Compat change id reported: 143937733; UID 10331; state: DISABLED
01-31 10:46:51.898  7390  7424 I ActivityManager: Start proc 21686:com.qualcomm.telephony/u0a331 for service {com.qualcomm.atfwd/com.qualcomm.atfwd.AtFwdService}
01-31 10:46:51.950  7390  7876 D CompatibilityChangeReporter: Compat change id reported: 168419799; UID 10331; state: DISABLED
01-31 10:47:57.657  7390  7663 I ActivityManager: Background started FGS: Allowed [callingPackage: com.google.android.apps.messaging; callingUid: 10075; uidState: BFGS; intent: Intent { cmp=com.google.android.apps.messaging/com.google.apps.tiktok.concurrent.InternalForegroundService (has extras) }; code:PROC_STATE_BFGS; tempAllowListReason:<broadcast:u0a25:com.google.android.c2dm.intent.RECEIVE,reason:high-prio FCM,reasonCode:PUSH_MESSAGING,duration:20000,callingUid:10025>; targetSdkVersion:33; callerTargetSdkVersion:33; startForegroundCount:0; bindFromPackage:null]
01-31 10:47:57.665  7390  7663 W ActivityManager: Foreground service started from background can not have location/camera/microphone access: service com.google.android.apps.messaging/com.google.apps.tiktok.concurrent.InternalForegroundService
01-31 10:47:57.874  7390  7390 W NotificationHistory: Attempted to add notif for locked/gone/disabled user 0
01-31 10:48:01.023  7390  7663 E AppOps  : Operation not started: uid=10075 pkg=com.google.android.apps.messaging(null) op=WAKE_LOCK
01-31 10:48:01.206  7390  7390 W NotificationHistory: Attempted to add notif for locked/gone/disabled user 0
01-31 10:48:01.547  7390  7434 I DisplayPowerController[0]: Blocking screen on until initial contents have been drawn.
01-31 10:48:01.549  7390  7434 V DisplayPowerController[0]: Brightness [0.122047246] reason changing to: 'doze', previous reason: 'screen_off'.
01-31 10:48:01.550  7390  7410 I DisplayDeviceRepository: Display device changed state: "Built-in Screen", ON
01-31 10:48:01.647  7390  7434 I DisplayPowerController[0]: Unblocked screen on after 100 ms
01-31 10:48:01.672  7390  7876 I ActivityManager: Process com.android.vending:background (pid 20321) has died: cch+65 CEM 
01-31 10:48:01.758  7390  7423 W BroadcastQueue: Permission Denial: receiving Intent { act=android.intent.action.SERVICE_STATE flg=0x1000010 (has extras) } to ProcessRecord{c9233a0 7578:com.android.systemui/u0a54} (pid=7578, uid=10054) requires android.permission.READ_PHONE_STATE due to sender android (uid 1001)
01-31 10:48:01.759  7390  7423 W BroadcastQueue: Permission Denial: receiving Intent { act=android.intent.action.SERVICE_STATE flg=0x1000010 (has extras) } to com.google.android.cellbroadcastreceiver/com.android.cellbroadcastreceiver.CellBroadcastReceiver requires android.permission.READ_PHONE_STATE due to sender android (uid 1001)
01-31 10:48:01.759  7390  9856 W ContextImpl: Calling a method in the system process without a qualified user: android.app.ContextImpl.sendBroadcastMultiplePermissions:1256 com.android.server.TelephonyRegistry.broadcastServiceStateChanged:2870 com.android.server.TelephonyRegistry.notifyServiceStateForPhoneId:1608 com.android.internal.telephony.ITelephonyRegistry$Stub.onTransact:455 android.os.Binder.execTransactInternal:1184 
01-31 10:48:01.760  7390  7423 W BroadcastQueue: Permission Denial: receiving Intent { act=android.intent.action.SERVICE_STATE flg=0x1000010 (has extras) } to ProcessRecord{73f2d9e 8671:com.google.android.wearable.app:background/u0a393} (pid=8671, uid=10393) requires android.permission.READ_PRIVILEGED_PHONE_STATE due to sender android (uid 1001)
01-31 10:48:01.796  7390  9183 W ContextImpl: Calling a method in the system process without a qualified user: android.app.ContextImpl.sendBroadcastMultiplePermissions:1256 com.android.server.TelephonyRegistry.broadcastServiceStateChanged:2870 com.android.server.TelephonyRegistry.notifyServiceStateForPhoneId:1608 com.android.internal.telephony.ITelephonyRegistry$Stub.onTransact:455 android.os.Binder.execTransactInternal:1184 
01-31 10:48:01.796  7390  7423 W BroadcastQueue: Permission Denial: receiving Intent { act=android.intent.action.SERVICE_STATE flg=0x1000010 (has extras) } to ProcessRecord{c9233a0 7578:com.android.systemui/u0a54} (pid=7578, uid=10054) requires android.permission.READ_PHONE_STATE due to sender android (uid 1001)
01-31 10:48:01.796  7390  7423 W BroadcastQueue: Permission Denial: receiving Intent { act=android.intent.action.SERVICE_STATE flg=0x1000010 (has extras) } to com.google.android.cellbroadcastreceiver/com.android.cellbroadcastreceiver.CellBroadcastReceiver requires android.permission.READ_PHONE_STATE due to sender android (uid 1001)
01-31 10:48:01.797  7390  7423 W BroadcastQueue: Permission Denial: receiving Intent { act=android.intent.action.SERVICE_STATE flg=0x1000010 (has extras) } to ProcessRecord{73f2d9e 8671:com.google.android.wearable.app:background/u0a393} (pid=8671, uid=10393) requires android.permission.READ_PRIVILEGED_PHONE_STATE due to sender android (uid 1001)
01-31 10:48:02.152  7390  7876 E AppOps  : Operation not started: uid=10075 pkg=com.google.android.apps.messaging(null) op=WAKE_LOCK
01-31 10:48:02.568  7390  7663 E AppOps  : Operation not started: uid=10075 pkg=com.google.android.apps.messaging(null) op=WAKE_LOCK
01-31 10:48:05.584  7390  7663 I PowerManagerService: Powering on display group fromDozing (groupId=0, uid=10054, reason=WAKE_REASON_GESTURE, details=com.android.systemui:NODOZE)...
01-31 10:48:05.584  7390  7663 I PowerManagerService: Waking up from Dozing (uid=10054, reason=WAKE_REASON_GESTURE, details=com.android.systemui:NODOZE)...
01-31 10:48:05.619  7390  7434 V DisplayPowerController[0]: Brightness [0.24431737] reason changing to: 'manual', previous reason: 'doze'.
01-31 10:48:05.619  7390  7434 I DreamManagerService: Gently waking up from dream.
01-31 10:48:05.620  7390  7407 I DreamManagerService: Performing gentle wake from dream.
01-31 10:48:05.620  7390  7876 I DreamManagerService: Leaving dreamland.
01-31 10:48:05.631  7390  7407 I DreamManagerService: Performing gentle wake from dream.
01-31 10:48:05.632  7390  7407 I DreamController: Stopping dream: name=ComponentInfo{com.android.systemui/com.android.systemui.doze.DozeService}, isTest=false, canDoze=true, userId=0, reason='finished self'(from 'requested stopDream')
01-31 10:48:05.633  7390  7434 V DisplayPowerController[0]: Brightness [0.24423644] reason changing to: 'automatic', previous reason: 'manual'.
01-31 10:48:05.686  7390  7874 W ProcessStats: Tracking association SourceState{901415c com.viber.voip/10185 Top #231607} whose proc state 1 is better than process ProcessState{bef8f46 com.google.android.gms.persistent/10025 pkg=com.google.android.gms} proc state 2 (632 skipped)
01-31 10:48:05.744  7390  7874 W ActivityManager: Background start not allowed: service Intent { act=Orca.PERSISTENT_KICK_SKIP_PING cmp=com.facebook.katana/com.facebook.mqttlite.MqttService (has extras) } to com.facebook.katana/com.facebook.mqttlite.MqttService from pid=19070 uid=10318 pkg=com.facebook.katana startFg?=false
01-31 10:48:05.909  7390  7874 I SoundTriggerService: getModelState(): id = 9f6ad62a-1f0b-11e7-87c5-40a8f03d3f15
01-31 10:48:05.952  7390  7390 V SoundTriggerService: 9f6ad62a-1f0b-11e7-87c5-40a8f03d3f15: Generic sound trigger event: GenericRecognitionEvent ::RecognitionEvent [status=3, soundModelHandle=89, captureAvailable=true, captureSession=937121, captureDelayMs=0, capturePreambleMs=0, triggerInData=false, sampleRate=16000, encoding=2, channelMask=16, data=17]
01-31 10:48:05.969  7390  7390 V SoundTriggerService: 9f6ad62a-1f0b-11e7-87c5-40a8f03d3f15: onServiceConnected(android.os.BinderProxy@90e54c2)
01-31 10:48:05.969  7390  7390 V SoundTriggerService: 9f6ad62a-1f0b-11e7-87c5-40a8f03d3f15: runOp 0
01-31 10:48:06.483  7390  7663 V SoundTriggerService: 9f6ad62a-1f0b-11e7-87c5-40a8f03d3f15: destroy
01-31 10:48:06.488  7390  7876 I SoundTriggerService: loadGenericSoundModel(): id = 9f6ad62a-1f0b-11e7-87c5-40a8f03d3f15
01-31 10:48:06.521  7390  7876 I SoundTriggerService: loadGenericSoundModel(): id = 9f6ad62a-1f0b-11e7-87c5-40a8f03d3f15
01-31 10:48:06.521  7390  7876 W SoundTriggerHelper: Unload error: Attempting unload invalid generic model with id:9f6ad62a-1f0b-11e7-87c5-40a8f03d3f15
01-31 10:48:06.521  7390  7876 I SoundTriggerService: startRecognition(): id = 9f6ad62a-1f0b-11e7-87c5-40a8f03d3f15
01-31 10:48:06.558  7390  7876 I SoundTriggerHelper: startRecognition successful.
01-31 10:48:06.559  7390  7876 W SoundTriggerService: error onStart(): Model 9f6ad62a-1f0b-11e7-87c5-40a8f03d3f15 already started
01-31 10:48:06.559  7390  7876 I SoundTriggerService: deleteSoundModel(): id = 12caddb1-acdb-4dce-8cb0-2e95a2313aee
01-31 10:48:06.559  7390  7876 W SoundTriggerHelper: Unload error: Attempting unload invalid generic model with id:12caddb1-acdb-4dce-8cb0-2e95a2313aee
01-31 10:48:06.559  7390  7876 W SoundTriggerService: error onStop(): Model 12caddb1-acdb-4dce-8cb0-2e95a2313aee has no stats available
01-31 10:48:06.877  7390  7390 V Biometrics/AcquisitionClient: Acquired: 7 0, shouldSend: true
01-31 10:48:07.094  7390  7390 V Biometrics/AcquisitionClient: Acquired: 0 0, shouldSend: true
01-31 10:48:07.098  7390  7390 V Biometrics/LoggableMonitor: Authentication latency: 221
01-31 10:48:07.099  7390  7390 V Biometrics/AuthenticationClient: onAuthenticated(true), ID:1909858644, Owner: com.android.systemui, isBP: false, listener: com.android.server.biometrics.sensors.ClientMonitorCallbackConverter@afb11d2, requireConfirmation: false, user: 0, clientMonitor: {[122] FingerprintAuthenticationClient, proto=3, owner=com.android.systemui, cookie=0, userId=0}
01-31 10:48:07.099  7390  7390 W Biometrics/AuthenticationClient: Allowing background authentication, this is allowed only for platform or test invocations
01-31 10:48:07.110  7390  7390 D Biometrics/AuthenticationClient: addAuthToken: 0
01-31 10:48:07.111  7390  7390 D BiometricScheduler/Fingerprint21: [Finishing] {[122] FingerprintAuthenticationClient, proto=3, owner=com.android.systemui, cookie=0, userId=0}, success: true
01-31 10:48:07.111  7390  7390 D BiometricCoexCoordinator: removeAuthenticationClient(OtherFp), client: {[122] FingerprintAuthenticationClient, proto=3, owner=com.android.systemui, cookie=0, userId=0}
01-31 10:48:07.111  7390  7390 D FingerprintService: Client finished, fps state updated to 0, client {[122] FingerprintAuthenticationClient, proto=3, owner=com.android.systemui, cookie=0, userId=0}
01-31 10:48:07.111  7390  7390 D GestureAvailabilityTracker: Notifying gesture availability, active=true
01-31 10:48:07.111  7390  7390 D BiometricScheduler/Fingerprint21: No operations, returning to idle
01-31 10:48:07.218  7390  7408 W Looper  : Slow dispatch took 101ms android.ui h=com.android.server.am.ActivityManagerService$UiHandler c=null m=68
01-31 10:48:07.222  7390  7390 E AlarmManager: Attempt to decrement existing alarm count 0 by 1 for uid 1000
01-31 10:48:07.253  7390  7665 W AppOps  : Noting op not finished: uid 10173 pkg com.urbandroid.sleep code 79 startTime of in progress event=1675115101644
01-31 10:48:07.256  7390  7665 W AppOps  : Noting op not finished: uid 10025 pkg com.google.android.gms code 113 startTime of in progress event=1675115280513
01-31 10:48:07.264  7390  7874 W AppOps  : Noting op not finished: uid 10126 pkg com.google.android.apps.maps code 79 startTime of in progress event=1675115101933
01-31 10:48:07.268  7390 10626 D CompatibilityChangeReporter: Compat change id reported: 135634846; UID 10412; state: DISABLED
01-31 10:48:07.268  7390 10626 D CompatibilityChangeReporter: Compat change id reported: 177438394; UID 10412; state: DISABLED
01-31 10:48:07.268  7390 10626 D CompatibilityChangeReporter: Compat change id reported: 135772972; UID 10412; state: DISABLED
01-31 10:48:07.268  7390 10626 D CompatibilityChangeReporter: Compat change id reported: 135754954; UID 10412; state: ENABLED
01-31 10:48:07.269  7390  7424 D CompatibilityChangeReporter: Compat change id reported: 143937733; UID 10412; state: ENABLED
01-31 10:48:07.277  7390  7874 W AppOps  : Noting op not finished: uid 10346 pkg com.google.android.gms.location.history code 79 startTime of in progress event=1675037432798
01-31 10:48:07.279  7390  7424 I ActivityManager: Start proc 21921:com.google.android.turboadapter/u0a412 for service {com.google.android.turboadapter/com.google.android.turboadapter.GoogleBatteryService}
01-31 10:48:07.288  7390  9866 W AppOps  : Noting op not finished: uid 10025 pkg com.google.android.gms code 113 startTime of in progress event=1675115280513
01-31 10:48:07.330  7390  7665 D CompatibilityChangeReporter: Compat change id reported: 168419799; UID 10412; state: DISABLED
01-31 10:48:07.359  7390  7423 I DropBoxManagerService: add tag=system_server_wtf isTagEnabled=true flags=0x6
01-31 10:48:07.389  7390  7423 D CompatibilityChangeReporter: Compat change id reported: 168419799; UID 10413; state: DISABLED
01-31 10:48:07.443  7390  7665 D ActivityTaskManager: Top Process State changed to PROCESS_STATE_TOP
01-31 10:48:07.511  7390  7665 I ActivityTaskManager: START u0 {dat=content://com.google.android.apps.messaging.shared.datamodel.BugleContentProviderInternal/conversations/1 flg=0x18080001 cmp=com.google.android.apps.messaging/.conversation.screen.ConversationActivity (has extras)} from uid 10075
01-31 10:48:07.512  7390  7665 W ActivityTaskManager: Can't find TaskDisplayArea to determine support for multi window. Task id=82502 attached=false
01-31 10:48:07.526  7390  7665 W ActivityTaskManager: Tried to set launchTime (0) < mLastActivityLaunchTime (139166544)
01-31 10:48:07.546  7390  7874 I ActivityManager: Process com.google.android.permissioncontroller (pid 20147) has died: cch+95 CEM 
01-31 10:48:07.594  7390  8482 I ActivityManager: Process com.android.vending (pid 20127) has died: cch+85 CEM 
01-31 10:48:07.640  7390  8219 I ActivityManager: Process com.google.android.setupwizard:remote (pid 20523) has died: cch+85 CEM 
01-31 10:48:07.696  7390  9192 I ActivityManager: Process org.thoughtcrime.securesms (pid 20570) has died: cch+75 CEM 
01-31 10:48:07.893  7390  7423 W BroadcastQueue: Permission Denial: broadcasting Intent { act=com.google.android.apps.gmm.NAVIGATION_STATE flg=0x10 pkg=com.google.android.googlequicksearchbox (has extras) } from null (pid=-1, uid=-1) requires com.google.android.googlequicksearchbox.permission.LAUNCH_FROM_GMM due to registered receiver BroadcastFilter{5f05102 10059/u0 ReceiverList{516724d 12534 com.google.android.googlequicksearchbox:search/10059/u0 remote:8e46de4}}
01-31 10:48:07.893  7390  7423 W BroadcastQueue: Permission Denial: broadcasting Intent { act=com.google.android.apps.gmm.NAVIGATION_STATE flg=0x10 pkg=com.google.android.gms (has extras) } from null (pid=-1, uid=-1) requires com.google.android.googlequicksearchbox.permission.LAUNCH_FROM_GMM due to registered receiver BroadcastFilter{5f05102 10059/u0 ReceiverList{516724d 12534 com.google.android.googlequicksearchbox:search/10059/u0 remote:8e46de4}}
01-31 10:48:08.025  7390  7410 W ActivityTaskManager: Activity top resumed state loss timeout for ActivityRecord{79d24ea u0 com.viber.voip/.messages.ui.ConversationActivity t82484}
01-31 10:48:08.129  7390  7390 W Looper  : Slow dispatch took 530ms main h=android.app.ActivityThread$H c=android.app.LoadedApk$ReceiverDispatcher$Args$$ExternalSyntheticLambda0@eb6f3b9 m=0
01-31 10:48:08.129  7390  7390 W Looper  : Slow delivery took 530ms main h=android.app.ActivityThread$H c=android.app.LoadedApk$ReceiverDispatcher$Args$$ExternalSyntheticLambda0@c3e53fe m=0
01-31 10:48:08.132  7390  7390 W Looper  : Drained
01-31 10:48:08.258  7390  9855 I ActivityManager: Process com.google.android.euicc (pid 20154) has died: cch+65 CEM 
01-31 10:48:08.295  7390 10984 D CompatibilityChangeReporter: Compat change id reported: 135634846; UID 10433; state: DISABLED
01-31 10:48:08.295  7390 10984 D CompatibilityChangeReporter: Compat change id reported: 177438394; UID 10433; state: DISABLED
01-31 10:48:08.295  7390 10984 D CompatibilityChangeReporter: Compat change id reported: 135772972; UID 10433; state: DISABLED
01-31 10:48:08.295  7390 10984 D CompatibilityChangeReporter: Compat change id reported: 135754954; UID 10433; state: ENABLED
01-31 10:48:08.295  7390  7424 D CompatibilityChangeReporter: Compat change id reported: 143937733; UID 10433; state: ENABLED
01-31 10:48:08.305  7390 10984 I ActivityManager: Process com.google.android.apps.tachyon (pid 18611) has died: cch+65 CEM 
01-31 10:48:08.314  7390  7424 I ActivityManager: Start proc 21990:com.instagram.android/u0a433 for broadcast {com.instagram.android/com.instagram.analytics.uploadscheduler.AnalyticsUploadAlarmReceiver}
01-31 10:48:08.400  7390  9856 D CompatibilityChangeReporter: Compat change id reported: 168419799; UID 10433; state: DISABLED
01-31 10:48:09.295  7390  8220 I ActivityManager: Process android.process.media (pid 20993) has died: cch+65 CEM 
01-31 10:48:09.363  7390  8220 I ActivityManager: Process com.google.android.youtube (pid 19380) has died: cch+75 CEM 
01-31 10:48:09.796  7390  7390 E RemoteFillService: Error calling on fill request
01-31 10:48:09.796  7390  7390 E RemoteFillService: java.util.concurrent.CancellationException
01-31 10:48:09.796  7390  7390 E RemoteFillService: 	at java.util.concurrent.CompletableFuture.cancel(CompletableFuture.java:2372)
01-31 10:48:09.796  7390  7390 E RemoteFillService: 	at com.android.internal.infra.AndroidFuture.cancel(AndroidFuture.java:154)
01-31 10:48:09.796  7390  7390 E RemoteFillService: 	at com.android.internal.infra.ServiceConnector$Impl$CompletionAwareJob.cancel(ServiceConnector.java:700)
01-31 10:48:09.796  7390  7390 E RemoteFillService: 	at com.android.server.autofill.RemoteFillService.cancelCurrentRequest(RemoteFillService.java:131)
01-31 10:48:09.796  7390  7390 E RemoteFillService: 	at com.android.server.autofill.Session.cancelCurrentRequestLocked(Session.java:749)
01-31 10:48:09.796  7390  7390 E RemoteFillService: 	at com.android.server.autofill.Session.requestNewFillResponseLocked(Session.java:826)
01-31 10:48:09.796  7390  7390 E RemoteFillService: 	at com.android.server.autofill.Session.requestNewFillResponseOnViewEnteredIfNecessaryLocked(Session.java:2665)
01-31 10:48:09.796  7390  7390 E RemoteFillService: 	at com.android.server.autofill.Session.updateLocked(Session.java:2880)
01-31 10:48:09.796  7390  7390 E RemoteFillService: 	at com.android.server.autofill.AutofillManagerServiceImpl.updateSessionLocked(AutofillManagerServiceImpl.java:607)
01-31 10:48:09.796  7390  7390 E RemoteFillService: 	at com.android.server.autofill.AutofillManagerService$AutoFillManagerServiceStub.updateSession(AutofillManagerService.java:1618)
01-31 10:48:09.796  7390  7390 E RemoteFillService: 	at android.view.autofill.IAutoFillManager$Stub.onTransact(IAutoFillManager.java:369)
01-31 10:48:09.796  7390  7390 E RemoteFillService: 	at android.os.Binder.execTransactInternal(Binder.java:1184)
01-31 10:48:09.796  7390  7390 E RemoteFillService: 	at android.os.Binder.execTransact(Binder.java:1143)
01-31 10:48:10.223  7390  7390 D CompatibilityChangeReporter: Compat change id reported: 135634846; UID 10329; state: DISABLED
01-31 10:48:10.223  7390  7390 D CompatibilityChangeReporter: Compat change id reported: 177438394; UID 10329; state: DISABLED
01-31 10:48:10.223  7390  7390 D CompatibilityChangeReporter: Compat change id reported: 135772972; UID 10329; state: DISABLED
01-31 10:48:10.223  7390  7390 D CompatibilityChangeReporter: Compat change id reported: 135754954; UID 10329; state: ENABLED
01-31 10:48:10.223  7390  7424 D CompatibilityChangeReporter: Compat change id reported: 143937733; UID 10329; state: ENABLED
01-31 10:48:10.230  7390  7424 I ActivityManager: Start proc 22051:com.google.android.permissioncontroller/u0a329 for service {com.google.android.permissioncontroller/com.android.permissioncontroller.permission.service.LocationAccessCheck$LocationAccessCheckJobService}
01-31 10:48:10.254  7390  8220 D CompatibilityChangeReporter: Compat change id reported: 168419799; UID 10329; state: DISABLED
01-31 10:48:10.433  7390 10984 D CompatibilityChangeReporter: Compat change id reported: 135634846; UID 10228; state: DISABLED
01-31 10:48:10.433  7390 10984 D CompatibilityChangeReporter: Compat change id reported: 177438394; UID 10228; state: DISABLED
01-31 10:48:10.433  7390 10984 D CompatibilityChangeReporter: Compat change id reported: 135772972; UID 10228; state: DISABLED
01-31 10:48:10.434  7390 10984 D CompatibilityChangeReporter: Compat change id reported: 135754954; UID 10228; state: ENABLED
01-31 10:48:10.434  7390  7424 D CompatibilityChangeReporter: Compat change id reported: 143937733; UID 10228; state: ENABLED
01-31 10:48:10.437  7390 10984 D CompatibilityChangeReporter: Compat change id reported: 135634846; UID 10223; state: DISABLED
01-31 10:48:10.437  7390 10984 D CompatibilityChangeReporter: Compat change id reported: 177438394; UID 10223; state: DISABLED
01-31 10:48:10.437  7390 10984 D CompatibilityChangeReporter: Compat change id reported: 135772972; UID 10223; state: DISABLED
01-31 10:48:10.437  7390 10984 D CompatibilityChangeReporter: Compat change id reported: 135754954; UID 10223; state: ENABLED
01-31 10:48:10.441  7390  7424 I ActivityManager: Start proc 22074:com.snapchat.android/u0a228 for service {com.snapchat.android/androidx.work.impl.background.systemjob.SystemJobService}
01-31 10:48:10.441  7390  7424 D CompatibilityChangeReporter: Compat change id reported: 143937733; UID 10223; state: ENABLED
01-31 10:48:10.450  7390  7424 I ActivityManager: Start proc 22075:com.Slack/u0a223 for service {com.Slack/androidx.work.impl.background.systemjob.SystemJobService}
01-31 10:48:10.472  7390 10984 D CompatibilityChangeReporter: Compat change id reported: 168419799; UID 10223; state: DISABLED
01-31 10:48:10.477  7390  8220 D CompatibilityChangeReporter: Compat change id reported: 168419799; UID 10228; state: DISABLED
01-31 10:48:10.646  7390  9230 I ActivityManager: Process com.google.process.gapps (pid 19844) has died: cch+65 CEM 
01-31 10:48:10.736  7390  9230 I ActivityManager: Process com.facebook.katana (pid 19070) has died: cch+55 CEM 
01-31 10:48:10.803  7390  7425 I ActivityManager: Process PhantomProcessRecord {7ef4af2 19356:19070:nightwatch.txt/u0a318} died
01-31 10:48:10.859  7390  7449 W AppOps  : Noting op not finished: uid 10173 pkg com.urbandroid.sleep code 79 startTime of in progress event=1675115287531
01-31 10:48:11.430  7390  7390 D CompatibilityChangeReporter: Compat change id reported: 135634846; UID 10008; state: DISABLED
01-31 10:48:11.430  7390  7390 D CompatibilityChangeReporter: Compat change id reported: 177438394; UID 10008; state: DISABLED
01-31 10:48:11.430  7390  7390 D CompatibilityChangeReporter: Compat change id reported: 135772972; UID 10008; state: DISABLED
01-31 10:48:11.430  7390  7390 D CompatibilityChangeReporter: Compat change id reported: 135754954; UID 10008; state: ENABLED
01-31 10:48:11.430  7390  7424 D CompatibilityChangeReporter: Compat change id reported: 143937733; UID 10008; state: ENABLED
01-31 10:48:11.437  7390  7424 I ActivityManager: Start proc 22212:android.process.media/u0a8 for service {com.android.providers.downloads/com.android.providers.downloads.DownloadJobService}
01-31 10:48:11.458  7390  9230 D CompatibilityChangeReporter: Compat change id reported: 168419799; UID 10008; state: DISABLED
01-31 10:48:12.630  7390  7423 I ActivityManager: Waited long enough for: ServiceRecord{9485a u0 com.google.android.apps.messaging/com.google.apps.tiktok.concurrent.AndroidFuturesService}
01-31 10:48:13.053  7390  9866 W WindowManager: Attempted to add presentation window to a non-suitable display.  Aborting.
01-31 10:48:13.070  7390 10984 D CompatibilityChangeReporter: Compat change id reported: 183164979; UID 10228; state: ENABLED
01-31 10:48:13.270  7390  7449 D CompatibilityChangeReporter: Compat change id reported: 135634846; UID 10318; state: DISABLED
01-31 10:48:13.270  7390  7449 D CompatibilityChangeReporter: Compat change id reported: 177438394; UID 10318; state: DISABLED
01-31 10:48:13.270  7390  7449 D CompatibilityChangeReporter: Compat change id reported: 135772972; UID 10318; state: DISABLED
01-31 10:48:13.270  7390  7449 D CompatibilityChangeReporter: Compat change id reported: 135754954; UID 10318; state: ENABLED
01-31 10:48:13.270  7390  7424 D CompatibilityChangeReporter: Compat change id reported: 143937733; UID 10318; state: ENABLED
01-31 10:48:13.278  7390  7424 I ActivityManager: Start proc 22296:com.facebook.katana/u0a318 for content provider {com.facebook.katana/com.facebook.katana.provider.FirstPartyUserValuesProvider}
01-31 10:48:13.296  7390  7449 D CompatibilityChangeReporter: Compat change id reported: 168419799; UID 10318; state: DISABLED
01-31 10:48:13.559  7390 10601 I ActivityManager: Process com.google.android.webview:sandboxed_process0:org.chromium.content.app.SandboxedProcessService0:0 (pid 21508) has died: cch+45 CEM 
01-31 10:48:13.559  7390 10601 W ActivityManager: Scheduling restart of crashed service com.alibaba.aliexpresshd/org.chromium.content.app.SandboxedProcessService0:0 in 1000ms for connection
01-31 10:48:13.929  7390 10601 I ActivityManager: Process com.alibaba.aliexpresshd (pid 21217) has died: cch+55 CEM 
01-31 10:48:14.905  7390  7390 E RemoteFillService: Error calling on fill request
01-31 10:48:14.905  7390  7390 E RemoteFillService: java.util.concurrent.TimeoutException
01-31 10:48:14.905  7390  7390 E RemoteFillService: 	at com.android.internal.infra.AndroidFuture.triggerTimeout(AndroidFuture.java:290)
01-31 10:48:14.905  7390  7390 E RemoteFillService: 	at com.android.internal.infra.AndroidFuture$$ExternalSyntheticLambda0.run(Unknown Source:2)
01-31 10:48:14.905  7390  7390 E RemoteFillService: 	at android.os.Handler.handleCallback(Handler.java:938)
01-31 10:48:14.905  7390  7390 E RemoteFillService: 	at android.os.Handler.dispatchMessage(Handler.java:99)
01-31 10:48:14.905  7390  7390 E RemoteFillService: 	at android.os.Looper.loopOnce(Looper.java:201)
01-31 10:48:14.905  7390  7390 E RemoteFillService: 	at android.os.Looper.loop(Looper.java:288)
01-31 10:48:14.905  7390  7390 E RemoteFillService: 	at com.android.server.SystemServer.run(SystemServer.java:903)
01-31 10:48:14.905  7390  7390 E RemoteFillService: 	at com.android.server.SystemServer.main(SystemServer.java:610)
01-31 10:48:14.905  7390  7390 E RemoteFillService: 	at java.lang.reflect.Method.invoke(Native Method)
01-31 10:48:14.905  7390  7390 E RemoteFillService: 	at com.android.internal.os.RuntimeInit$MethodAndArgsCaller.run(RuntimeInit.java:548)
01-31 10:48:14.905  7390  7390 E RemoteFillService: 	at com.android.internal.os.ZygoteInit.main(ZygoteInit.java:981)
01-31 10:48:15.544  7390  9192 D CompatibilityChangeReporter: Compat change id reported: 183164979; UID 10433; state: ENABLED
01-31 10:48:15.602  7390  9192 W ActivityManager: Background start not allowed: service Intent { act=Orca.START cmp=com.instagram.android/com.facebook.rti.push.service.FbnsService (has extras) } to com.instagram.android/com.facebook.rti.push.service.FbnsService from pid=21990 uid=10433 pkg=com.instagram.android startFg?=false
01-31 10:48:15.613  7390  9192 W ActivityManager: Background start not allowed: service Intent { act=Orca.START cmp=com.instagram.android/com.facebook.rti.push.service.FbnsService (has extras) } to com.instagram.android/com.facebook.rti.push.service.FbnsService from pid=21990 uid=10433 pkg=com.instagram.android startFg?=false
01-31 10:48:15.627  7390  9192 D CompatibilityChangeReporter: Compat change id reported: 135634846; UID 10433; state: DISABLED
01-31 10:48:15.627  7390  9192 D CompatibilityChangeReporter: Compat change id reported: 177438394; UID 10433; state: DISABLED
01-31 10:48:15.628  7390  9192 D CompatibilityChangeReporter: Compat change id reported: 135772972; UID 10433; state: DISABLED
01-31 10:48:15.628  7390  9192 D CompatibilityChangeReporter: Compat change id reported: 135754954; UID 10433; state: ENABLED
01-31 10:48:15.628  7390  7424 D CompatibilityChangeReporter: Compat change id reported: 143937733; UID 10433; state: ENABLED
01-31 10:48:15.635  7390  7424 I ActivityManager: Start proc 22484:com.instagram.android:mqtt/u0a433 for service {com.instagram.android/com.facebook.rti.push.service.FbnsService}
01-31 10:48:15.946  7390 10601 I ActivityManager: Process com.nextcloud.client (pid 21580) has died: cch+45 CEM 
01-31 10:48:16.390  7390  9856 I ActivityManager: com.android.vending is exempt from freezer
01-31 10:48:16.390  7390  9856 D CompatibilityChangeReporter: Compat change id reported: 135634846; UID 10053; state: DISABLED
01-31 10:48:16.390  7390  9856 D CompatibilityChangeReporter: Compat change id reported: 177438394; UID 10053; state: DISABLED
01-31 10:48:16.390  7390  9856 D CompatibilityChangeReporter: Compat change id reported: 135772972; UID 10053; state: DISABLED
01-31 10:48:16.390  7390  9856 D CompatibilityChangeReporter: Compat change id reported: 135754954; UID 10053; state: ENABLED
01-31 10:48:16.391  7390  7424 D CompatibilityChangeReporter: Compat change id reported: 143937733; UID 10053; state: ENABLED
01-31 10:48:16.402  7390  7424 I ActivityManager: Start proc 22584:com.android.vending/u0a53 for service {com.android.vending/com.google.android.finsky.billing.iab.InAppBillingService}
01-31 10:48:16.739  7390  9856 D CompatibilityChangeReporter: Compat change id reported: 183164979; UID 10318; state: ENABLED
01-31 10:48:18.464  7390  7390 D WindowManager: powerPress: eventTime=139323557 interactive=true count=0 beganFromNonInteractive=false mShortPressOnPowerBehavior=1
01-31 10:48:18.466  7390  7390 I PowerManagerService: Powering off display group due to power_button (groupId= 0, uid= 1000)...
01-31 10:48:18.466  7390  7390 I PowerManagerService: Going to sleep due to power_button (uid 1000)...
01-31 10:48:18.497  7390  7449 D BiometricUtils: isEncrypted: false isLockdown: false
01-31 10:48:18.497  7390  7390 D BiometricScheduler/Fingerprint21: [Added] {[123] FingerprintUpdateActiveUserClient, proto=1, owner=android, cookie=0, userId=0}, new queue size: 1
01-31 10:48:18.497  7390  7390 D BiometricScheduler/Fingerprint21: [Polled] {[123] FingerprintUpdateActiveUserClient, proto=1, owner=android, cookie=0, userId=0}, State: 0
01-31 10:48:18.497  7390  7390 D BiometricScheduler/Fingerprint21: [Starting] {[123] FingerprintUpdateActiveUserClient, proto=1, owner=android, cookie=0, userId=0}, State: 0
01-31 10:48:18.497  7390  7390 D BiometricScheduler/Fingerprint21: [Started] {[123] FingerprintUpdateActiveUserClient, proto=1, owner=android, cookie=0, userId=0}
