01-31 08:47:42.692  7390  7403 W AppOps  : Noting op not finished: uid 10126 pkg com.google.android.apps.maps code 79 startTime of in progress event=1675108062689
01-31 08:47:43.216  7390  9863 W AppOps  : Noting op not finished: uid 10173 pkg com.urbandroid.sleep code 79 startTime of in progress event=1675108062718
01-31 08:47:43.225  7390 10984 W AppOps  : Noting op not finished: uid 10126 pkg com.google.android.apps.maps code 79 startTime of in progress event=1675108062705
01-31 08:47:43.229  7390  7403 W AppOps  : Noting op not finished: uid 10346 pkg com.google.android.gms.location.history code 79 startTime of in progress event=1675037432798
01-31 08:47:43.235  7390  9865 W AppOps  : Noting op not finished: uid 10025 pkg com.google.android.gms code 113 startTime of in progress event=1675101616338
01-31 08:47:43.256  7390  7403 W AppOps  : Noting op not finished: uid 10126 pkg com.google.android.apps.maps code 79 startTime of in progress event=1675108063253
01-31 08:47:43.273  7390  9855 W AppOps  : Noting op not finished: uid 10126 pkg com.google.android.apps.maps code 79 startTime of in progress event=1675108063272
01-31 08:47:48.310  7390  9855 W AppOps  : Noting op not finished: uid 10173 pkg com.urbandroid.sleep code 79 startTime of in progress event=1675108063242
01-31 08:47:48.319  7390  9855 W AppOps  : Noting op not finished: uid 10126 pkg com.google.android.apps.maps code 79 startTime of in progress event=1675108063283
01-31 08:47:48.327  7390  9855 W AppOps  : Noting op not finished: uid 10346 pkg com.google.android.gms.location.history code 79 startTime of in progress event=1675037432798
01-31 08:47:48.332  7390 10984 W AppOps  : Noting op not finished: uid 10025 pkg com.google.android.gms code 113 startTime of in progress event=1675101616338
01-31 08:47:48.362  7390  9865 W AppOps  : Noting op not finished: uid 10126 pkg com.google.android.apps.maps code 79 startTime of in progress event=1675108068359
01-31 08:47:48.384  7390  8485 W AppOps  : Noting op not finished: uid 10126 pkg com.google.android.apps.maps code 79 startTime of in progress event=1675108068383
01-31 08:47:51.744  7390 10984 W AppOps  : Noting op not finished: uid 10173 pkg com.urbandroid.sleep code 79 startTime of in progress event=1675108068338
01-31 08:47:54.487  7390  7403 D CompatibilityChangeReporter: Compat change id reported: 135634846; UID 10412; state: DISABLED
01-31 08:47:54.487  7390  7403 D CompatibilityChangeReporter: Compat change id reported: 177438394; UID 10412; state: DISABLED
01-31 08:47:54.487  7390  7403 D CompatibilityChangeReporter: Compat change id reported: 135772972; UID 10412; state: DISABLED
01-31 08:47:54.487  7390  7403 D CompatibilityChangeReporter: Compat change id reported: 135754954; UID 10412; state: ENABLED
01-31 08:47:54.488  7390  7424 D CompatibilityChangeReporter: Compat change id reported: 143937733; UID 10412; state: ENABLED
01-31 08:47:54.495  7390  7424 I ActivityManager: Start proc 11939:com.google.android.turboadapter/u0a412 for service {com.google.android.turboadapter/com.google.android.turboadapter.GoogleBatteryService}
01-31 08:47:54.530  7390  7403 D CompatibilityChangeReporter: Compat change id reported: 168419799; UID 10412; state: DISABLED
01-31 08:47:59.970  7390  7390 I ContentCaptureManagerService: Content capture data sharing session terminated successfully for package 'com.google.android.googlequicksearchbox'
01-31 08:48:06.924  7390  7403 D ContentCapturePerUserService: Notified activity assist data for activity: Token{f5bab05 ActivityRecord{301875a u0 eu.faircode.email/.ActivityCompose t82491}} without a session Id
01-31 08:48:10.681  7390  7390 E RemoteFillService: Error calling on fill request
01-31 08:48:10.681  7390  7390 E RemoteFillService: java.util.concurrent.CancellationException
01-31 08:48:10.681  7390  7390 E RemoteFillService: 	at java.util.concurrent.CompletableFuture.cancel(CompletableFuture.java:2372)
01-31 08:48:10.681  7390  7390 E RemoteFillService: 	at com.android.internal.infra.AndroidFuture.cancel(AndroidFuture.java:154)
01-31 08:48:10.681  7390  7390 E RemoteFillService: 	at com.android.internal.infra.ServiceConnector$Impl$CompletionAwareJob.cancel(ServiceConnector.java:700)
01-31 08:48:10.681  7390  7390 E RemoteFillService: 	at com.android.server.autofill.RemoteFillService.cancelCurrentRequest(RemoteFillService.java:131)
01-31 08:48:10.681  7390  7390 E RemoteFillService: 	at com.android.server.autofill.Session.cancelCurrentRequestLocked(Session.java:749)
01-31 08:48:10.681  7390  7390 E RemoteFillService: 	at com.android.server.autofill.Session.requestNewFillResponseLocked(Session.java:826)
01-31 08:48:10.681  7390  7390 E RemoteFillService: 	at com.android.server.autofill.Session.requestNewFillResponseOnViewEnteredIfNecessaryLocked(Session.java:2665)
01-31 08:48:10.681  7390  7390 E RemoteFillService: 	at com.android.server.autofill.Session.updateLocked(Session.java:2880)
01-31 08:48:10.681  7390  7390 E RemoteFillService: 	at com.android.server.autofill.AutofillManagerServiceImpl.updateSessionLocked(AutofillManagerServiceImpl.java:607)
01-31 08:48:10.681  7390  7390 E RemoteFillService: 	at com.android.server.autofill.AutofillManagerService$AutoFillManagerServiceStub.updateSession(AutofillManagerService.java:1618)
01-31 08:48:10.681  7390  7390 E RemoteFillService: 	at android.view.autofill.IAutoFillManager$Stub.onTransact(IAutoFillManager.java:369)
01-31 08:48:10.681  7390  7390 E RemoteFillService: 	at android.os.Binder.execTransactInternal(Binder.java:1184)
01-31 08:48:10.681  7390  7390 E RemoteFillService: 	at android.os.Binder.execTransact(Binder.java:1143)
01-31 08:48:10.707  7390  7403 D ContentCapturePerUserService: Notified activity assist data for activity: Token{f5bab05 ActivityRecord{301875a u0 eu.faircode.email/.ActivityCompose t82491}} without a session Id
01-31 08:48:15.722  7390  7390 E RemoteFillService: Error calling on fill request
01-31 08:48:15.722  7390  7390 E RemoteFillService: java.util.concurrent.TimeoutException
01-31 08:48:15.722  7390  7390 E RemoteFillService: 	at com.android.internal.infra.AndroidFuture.triggerTimeout(AndroidFuture.java:290)
01-31 08:48:15.722  7390  7390 E RemoteFillService: 	at com.android.internal.infra.AndroidFuture$$ExternalSyntheticLambda0.run(Unknown Source:2)
01-31 08:48:15.722  7390  7390 E RemoteFillService: 	at android.os.Handler.handleCallback(Handler.java:938)
01-31 08:48:15.722  7390  7390 E RemoteFillService: 	at android.os.Handler.dispatchMessage(Handler.java:99)
01-31 08:48:15.722  7390  7390 E RemoteFillService: 	at android.os.Looper.loopOnce(Looper.java:201)
01-31 08:48:15.722  7390  7390 E RemoteFillService: 	at android.os.Looper.loop(Looper.java:288)
01-31 08:48:15.722  7390  7390 E RemoteFillService: 	at com.android.server.SystemServer.run(SystemServer.java:903)
01-31 08:48:15.722  7390  7390 E RemoteFillService: 	at com.android.server.SystemServer.main(SystemServer.java:610)
01-31 08:48:15.722  7390  7390 E RemoteFillService: 	at java.lang.reflect.Method.invoke(Native Method)
01-31 08:48:15.722  7390  7390 E RemoteFillService: 	at com.android.internal.os.RuntimeInit$MethodAndArgsCaller.run(RuntimeInit.java:548)
01-31 08:48:15.722  7390  7390 E RemoteFillService: 	at com.android.internal.os.ZygoteInit.main(ZygoteInit.java:981)
01-31 08:48:21.252  7390  8485 W ActivityManager: Unable to start service Intent { act=org.openintents.openpgp.IOpenPgpService2 pkg=org.sufficientlysecure.keychain } U=0: not found
01-31 08:48:21.252  7390  9866 W ActivityManager: Unbind failed: could not find connection for android.os.BinderProxy@1f09dfb
01-31 08:48:21.364  7390  8485 I ActivityTaskManager: START u0 {flg=0x4000000 cmp=eu.faircode.email/.ActivityView} from uid 10214
01-31 08:48:21.376  7390  8485 W ActivityTaskManager: Duplicate finish request for r=ActivityRecord{301875a u0 eu.faircode.email/.ActivityCompose t82491 f}}
01-31 08:48:24.825  7390  9866 W NotificationService: Toast already killed. pkg=eu.faircode.email token=android.os.BinderProxy@bafe631
01-31 08:48:25.434  7390  7410 W WindowManager: Unable to start animation, surface is null or no children.
01-31 08:48:27.969  7390  7390 D WindowManager: powerPress: eventTime=138267616 interactive=true count=0 beganFromNonInteractive=false mShortPressOnPowerBehavior=1
01-31 08:48:27.970  7390  7390 I PowerManagerService: Powering off display group due to power_button (groupId= 0, uid= 1000)...
01-31 08:48:27.970  7390  7390 I PowerManagerService: Going to sleep due to power_button (uid 1000)...
01-31 08:48:27.986  7390  9863 D BiometricUtils: isEncrypted: false isLockdown: false
01-31 08:48:27.986  7390  7390 D BiometricScheduler/Fingerprint21: [Added] {[111] FingerprintUpdateActiveUserClient, proto=1, owner=android, cookie=0, userId=0}, new queue size: 1
01-31 08:48:27.986  7390  7390 D BiometricScheduler/Fingerprint21: [Polled] {[111] FingerprintUpdateActiveUserClient, proto=1, owner=android, cookie=0, userId=0}, State: 0
01-31 08:48:27.986  7390  7390 D BiometricScheduler/Fingerprint21: [Starting] {[111] FingerprintUpdateActiveUserClient, proto=1, owner=android, cookie=0, userId=0}, State: 0
01-31 08:48:27.986  7390  7390 D BiometricScheduler/Fingerprint21: [Started] {[111] FingerprintUpdateActiveUserClient, proto=1, owner=android, cookie=0, userId=0}
01-31 08:48:27.986  7390  7390 D FingerprintUpdateActiveUserClient: Already user: 0, returning
01-31 08:48:27.987  7390  7390 D BiometricScheduler/Fingerprint21: [Added] {[112] FingerprintAuthenticationClient, proto=3, owner=com.android.systemui, cookie=0, userId=0}, new queue size: 1
01-31 08:48:27.987  7390  7390 V BiometricScheduler/Fingerprint21: Not idle, current operation: {[111] FingerprintUpdateActiveUserClient, proto=1, owner=android, cookie=0, userId=0}, State: 2
01-31 08:48:27.987  7390  7390 D BiometricScheduler/Fingerprint21: [Finishing] {[111] FingerprintUpdateActiveUserClient, proto=1, owner=android, cookie=0, userId=0}, success: true
01-31 08:48:27.987  7390  7390 D BiometricScheduler/Fingerprint21: [Polled] {[112] FingerprintAuthenticationClient, proto=3, owner=com.android.systemui, cookie=0, userId=0}, State: 0
01-31 08:48:27.987  7390  7390 D GestureAvailabilityTracker: Notifying gesture availability, active=false
01-31 08:48:27.987  7390  7390 D BiometricScheduler/Fingerprint21: [Starting] {[112] FingerprintAuthenticationClient, proto=3, owner=com.android.systemui, cookie=0, userId=0}, State: 0
01-31 08:48:27.987  7390  7390 D BiometricScheduler/Fingerprint21: [Started] {[112] FingerprintAuthenticationClient, proto=3, owner=com.android.systemui, cookie=0, userId=0}
01-31 08:48:27.987  7390  7390 D BiometricCoexCoordinator: addAuthenticationClient(OtherFp), client: {[112] FingerprintAuthenticationClient, proto=3, owner=com.android.systemui, cookie=0, userId=0}
01-31 08:48:27.987  7390  7390 D FingerprintService: Fps state updated from 0 to 2, client {[112] FingerprintAuthenticationClient, proto=3, owner=com.android.systemui, cookie=0, userId=0}
01-31 08:48:27.987  7390  7390 D Biometrics/AuthenticationClient: Requesting auth for com.android.systemui
01-31 08:48:28.444  7390  7434 I DisplayPowerController[0]: Blocking screen off
01-31 08:48:28.444  7390  7434 I DisplayPowerController[0]: Unblocked screen off after 0 ms
01-31 08:48:28.454  7390  7434 D ActivityTaskManager: Top Process State changed to PROCESS_STATE_TOP_SLEEPING
01-31 08:48:28.475  7390  7434 V DisplayPowerController[0]: Brightness [0.0] reason changing to: 'screen_off', previous reason: 'automatic'.
01-31 08:48:28.475  7390  7410 I DisplayDeviceRepository: Display device changed state: "Built-in Screen", OFF
01-31 08:48:28.619  7390  7434 I DreamManagerService: Entering dreamland.
01-31 08:48:28.620  7390  7434 I PowerManagerService: Dozing...
01-31 08:48:28.621  7390  7407 I DreamController: Starting dream: name=ComponentInfo{com.android.systemui/com.android.systemui.doze.DozeService}, isTest=false, canDoze=true, userId=0
01-31 08:48:56.960  7390  7390 I SoundTriggerHelper: Recognition success
01-31 08:48:56.963  8405 21290 I AlwaysOnHotwordDetector: onDetected
01-31 08:48:58.294  7390  9866 I SoundTriggerHelper: startRecognition successful.
01-31 08:48:58.493  7390  7390 W WindowManager: removeWindowToken: Attempted to remove non-existing token: android.os.Binder@d6be071
01-31 08:49:13.121  7390  7390 I SoundTriggerHelper: Recognition success
01-31 08:49:13.122  8405 21290 I AlwaysOnHotwordDetector: onDetected
01-31 08:49:14.296  7390  9863 I SoundTriggerHelper: startRecognition successful.
01-31 08:49:53.397  7390  9866 W AppOps  : Noting op not finished: uid 10173 pkg com.urbandroid.sleep code 79 startTime of in progress event=1675108071783
01-31 08:49:53.419  7390  9183 W AppOps  : Noting op not finished: uid 10126 pkg com.google.android.apps.maps code 79 startTime of in progress event=1675108068394
01-31 08:49:53.425  7390  9192 W AppOps  : Noting op not finished: uid 10346 pkg com.google.android.gms.location.history code 79 startTime of in progress event=1675037432798
01-31 08:49:53.437  7390  9192 W AppOps  : Noting op not finished: uid 10025 pkg com.google.android.gms code 113 startTime of in progress event=1675101616338
01-31 08:50:26.183  7390  7390 D CompatibilityChangeReporter: Compat change id reported: 135634846; UID 10043; state: DISABLED
01-31 08:50:26.184  7390  7390 D CompatibilityChangeReporter: Compat change id reported: 177438394; UID 10043; state: DISABLED
01-31 08:50:26.184  7390  7390 D CompatibilityChangeReporter: Compat change id reported: 135772972; UID 10043; state: DISABLED
01-31 08:50:26.184  7390  7390 D CompatibilityChangeReporter: Compat change id reported: 135754954; UID 10043; state: ENABLED
01-31 08:50:26.185  7390  7424 D CompatibilityChangeReporter: Compat change id reported: 143937733; UID 10043; state: ENABLED
01-31 08:50:26.206  7390  7424 I ActivityManager: Start proc 12067:com.google.android.apps.turbo:aab/u0a43 for service {com.google.android.apps.turbo/com.google.android.libraries.smartbattery.appusage.library.InferAppBucketsJob}
01-31 08:56:49.742  7390  7409 I EntropyMixer: Writing entropy...
01-31 08:56:49.745  7390  7390 I SoundTriggerHelper: Recognition success
01-31 08:56:49.746  8405 21290 I AlwaysOnHotwordDetector: onDetected
01-31 08:56:49.869  7390  7423 W BroadcastQueue: Permission Denial: broadcasting Intent { act=com.google.android.apps.gmm.NAVIGATION_STATE flg=0x10 pkg=com.google.android.googlequicksearchbox (has extras) } from null (pid=-1, uid=-1) requires com.google.android.googlequicksearchbox.permission.LAUNCH_FROM_GMM due to registered receiver BroadcastFilter{10c9178 10059/u0 ReceiverList{fae32db 12534 com.google.android.googlequicksearchbox:search/10059/u0 remote:f23bfea}}
01-31 08:56:49.870  7390  7423 W BroadcastQueue: Permission Denial: broadcasting Intent { act=com.google.android.apps.gmm.NAVIGATION_STATE flg=0x10 pkg=com.google.android.gms (has extras) } from null (pid=-1, uid=-1) requires com.google.android.googlequicksearchbox.permission.LAUNCH_FROM_GMM due to registered receiver BroadcastFilter{10c9178 10059/u0 ReceiverList{fae32db 12534 com.google.android.googlequicksearchbox:search/10059/u0 remote:f23bfea}}
01-31 08:56:50.036  7390  7422 E DiscreteRegistry: Deleting file 1675021832995tl
01-31 08:56:50.558  7390  7390 W Looper  : Slow dispatch took 106ms main h=android.os.Handler c=com.android.internal.os.BinderLatencyObserver$1@65d88cb m=0
01-31 08:56:51.004  7390  9192 I SoundTriggerHelper: startRecognition successful.
01-31 08:58:51.322  7390  7455 W DeviceIdleController: motion timeout went off and device isn't stationary
01-31 08:58:53.343  7390  9866 W AppOps  : Noting op not finished: uid 10173 pkg com.urbandroid.sleep code 79 startTime of in progress event=1675108193416
01-31 08:58:53.354  7390  9865 W AppOps  : Noting op not finished: uid 10126 pkg com.google.android.apps.maps code 79 startTime of in progress event=1675108193427
01-31 08:58:53.358  7390  9865 W AppOps  : Noting op not finished: uid 10346 pkg com.google.android.gms.location.history code 79 startTime of in progress event=1675037432798
01-31 08:58:53.363  7390  9865 W AppOps  : Noting op not finished: uid 10025 pkg com.google.android.gms code 113 startTime of in progress event=1675101616338
01-31 08:58:53.390  7390 10984 W AppOps  : Noting op not finished: uid 10173 pkg com.urbandroid.sleep code 79 startTime of in progress event=1675108733353
01-31 08:58:53.397  7390  9863 W AppOps  : Noting op not finished: uid 10025 pkg com.google.android.gms code 113 startTime of in progress event=1675108733361
01-31 08:58:53.412  7390  9192 W AppOps  : Noting op not finished: uid 10126 pkg com.google.android.apps.maps code 79 startTime of in progress event=1675108733363
01-31 08:58:53.418  7390 10984 W AppOps  : Noting op not finished: uid 10346 pkg com.google.android.gms.location.history code 79 startTime of in progress event=1675037432798
01-31 08:58:53.430  7390  9863 W AppOps  : Noting op not finished: uid 10025 pkg com.google.android.gms code 113 startTime of in progress event=1675101616338
01-31 08:58:53.857  7390  7390 D TwilightService: onLocationChanged: provider=fused accuracy=14.829 time=1675108733835
01-31 09:00:01.302  7390  7423 D CompatibilityChangeReporter: Compat change id reported: 135634846; UID 10035; state: DISABLED
01-31 09:00:01.302  7390  7423 D CompatibilityChangeReporter: Compat change id reported: 177438394; UID 10035; state: DISABLED
01-31 09:00:01.302  7390  7423 D CompatibilityChangeReporter: Compat change id reported: 135772972; UID 10035; state: DISABLED
01-31 09:00:01.302  7390  7423 D CompatibilityChangeReporter: Compat change id reported: 135754954; UID 10035; state: ENABLED
01-31 09:00:01.304  7390  7424 D CompatibilityChangeReporter: Compat change id reported: 143937733; UID 10035; state: ENABLED
01-31 09:00:01.311  7390  7390 D CompatibilityChangeReporter: Compat change id reported: 135634846; UID 10210; state: DISABLED
01-31 09:00:01.311  7390  7390 D CompatibilityChangeReporter: Compat change id reported: 177438394; UID 10210; state: DISABLED
01-31 09:00:01.312  7390  7390 D CompatibilityChangeReporter: Compat change id reported: 135772972; UID 10210; state: DISABLED
01-31 09:00:01.312  7390  7390 D CompatibilityChangeReporter: Compat change id reported: 135754954; UID 10210; state: ENABLED
01-31 09:00:01.325  7390  7424 I ActivityManager: Start proc 12176:com.google.android.settings.intelligence/u0a35 for broadcast {com.google.android.settings.intelligence/com.google.android.settings.intelligence.modules.battery.impl.usage.PeriodicJobReceiver}
01-31 09:00:01.326  7390  7424 D CompatibilityChangeReporter: Compat change id reported: 143937733; UID 10210; state: ENABLED
01-31 09:00:01.340  7390  7424 I ActivityManager: Start proc 12177:com.nextcloud.client/u0a210 for service {com.nextcloud.client/androidx.work.impl.background.systemjob.SystemJobService}
01-31 09:00:01.359  7390  9863 D CompatibilityChangeReporter: Compat change id reported: 168419799; UID 10035; state: DISABLED
01-31 09:00:01.371  7390  9866 D CompatibilityChangeReporter: Compat change id reported: 168419799; UID 10210; state: DISABLED
01-31 09:00:01.810  7390  9866 D CompatibilityChangeReporter: Compat change id reported: 135634846; UID 1000; state: DISABLED
01-31 09:00:01.810  7390  9866 D CompatibilityChangeReporter: Compat change id reported: 177438394; UID 1000; state: DISABLED
01-31 09:00:01.810  7390  9866 D CompatibilityChangeReporter: Compat change id reported: 135772972; UID 1000; state: DISABLED
01-31 09:00:01.811  7390  9866 D CompatibilityChangeReporter: Compat change id reported: 135754954; UID 1000; state: ENABLED
01-31 09:00:01.827  7390  7424 I ActivityManager: Start proc 12238:com.android.settings/1000 for broadcast {com.android.settings/com.google.android.settings.fuelgauge.BatteryBroadcastReceiver}
01-31 09:00:01.857  7390 10984 I ActivityManager: Background started FGS: Allowed [callingPackage: io.homeassistant.companion.android; callingUid: 10497; uidState: TRNB; intent: Intent { act=ACTION_START_FOREGROUND cmp=io.homeassistant.companion.android/androidx.work.impl.foreground.SystemForegroundService (has extras) }; code:SYSTEM_ALLOW_LISTED; tempAllowListReason:<,reasonCode:SYSTEM_ALLOW_LISTED,duration:9223372036854775807,callingUid:-1>; targetSdkVersion:33; callerTargetSdkVersion:33; startForegroundCount:0; bindFromPackage:null]
01-31 09:00:01.883  7390  9230 W ActivityManager: Foreground service started from background can not have location/camera/microphone access: service io.homeassistant.companion.android/androidx.work.impl.foreground.SystemForegroundService
01-31 09:00:01.975  7390  7423 I DropBoxManagerService: add tag=system_server_wtf isTagEnabled=true flags=0x6
01-31 09:00:02.855  7390  9866 I ContentCaptureManagerService: Data share request accepted by Content Capture service
01-31 09:00:03.172  7390  7422 I UsageStatsService: User[0] Flushing usage stats to disk
01-31 09:00:03.984  7390  7423 W BroadcastQueue: Background execution not allowed: receiving Intent { act=android.intent.action.DROPBOX_ENTRY_ADDED flg=0x10 (has extras) } to com.google.android.gms/.stats.service.DropBoxEntryAddedReceiver
01-31 09:00:03.984  7390  7423 W BroadcastQueue: Background execution not allowed: receiving Intent { act=android.intent.action.DROPBOX_ENTRY_ADDED flg=0x10 (has extras) } to com.google.android.gms/.chimera.GmsIntentOperationService$PersistentTrustedReceiver
01-31 09:00:04.271  7390 10681 I DropBoxManagerService: add tag=platform_stats_bookmark isTagEnabled=true flags=0x2
01-31 09:00:04.277  7390  7423 W BroadcastQueue: Background execution not allowed: receiving Intent { act=android.intent.action.DROPBOX_ENTRY_ADDED flg=0x10 (has extras) } to com.google.android.gms/.stats.service.DropBoxEntryAddedReceiver
01-31 09:00:04.277  7390  7423 W BroadcastQueue: Background execution not allowed: receiving Intent { act=android.intent.action.DROPBOX_ENTRY_ADDED flg=0x10 (has extras) } to com.google.android.gms/.chimera.GmsIntentOperationService$PersistentTrustedReceiver
01-31 09:00:16.402  7390  7390 W NotificationHistory: Attempted to add notif for locked/gone/disabled user 0
01-31 09:00:16.774  7390  7434 I DisplayPowerController[0]: Blocking screen on until initial contents have been drawn.
01-31 09:00:16.775  7390  7434 V DisplayPowerController[0]: Brightness [0.122047246] reason changing to: 'doze', previous reason: 'screen_off'.
01-31 09:00:16.777  7390  7410 I DisplayDeviceRepository: Display device changed state: "Built-in Screen", ON
01-31 09:00:16.869  7390  7434 I DisplayPowerController[0]: Unblocked screen on after 95 ms
01-31 09:00:16.946  7390  7423 W BroadcastQueue: Permission Denial: receiving Intent { act=android.intent.action.SERVICE_STATE flg=0x1000010 (has extras) } to ProcessRecord{c9233a0 7578:com.android.systemui/u0a54} (pid=7578, uid=10054) requires android.permission.READ_PHONE_STATE due to sender android (uid 1001)
01-31 09:00:16.946  7390  7423 W BroadcastQueue: Permission Denial: receiving Intent { act=android.intent.action.SERVICE_STATE flg=0x1000010 (has extras) } to com.google.android.cellbroadcastreceiver/com.android.cellbroadcastreceiver.CellBroadcastReceiver requires android.permission.READ_PHONE_STATE due to sender android (uid 1001)
01-31 09:00:16.982  7390 10681 W ContextImpl: Calling a method in the system process without a qualified user: android.app.ContextImpl.sendBroadcastMultiplePermissions:1256 com.android.server.TelephonyRegistry.broadcastServiceStateChanged:2870 com.android.server.TelephonyRegistry.notifyServiceStateForPhoneId:1608 com.android.internal.telephony.ITelephonyRegistry$Stub.onTransact:455 android.os.Binder.execTransactInternal:1184 
01-31 09:00:16.984  7390  7423 W BroadcastQueue: Permission Denial: receiving Intent { act=android.intent.action.SERVICE_STATE flg=0x1000010 (has extras) } to ProcessRecord{73f2d9e 8671:com.google.android.wearable.app:background/u0a393} (pid=8671, uid=10393) requires android.permission.READ_PRIVILEGED_PHONE_STATE due to sender android (uid 1001)
01-31 09:00:22.222  7390  7434 I DisplayPowerController[0]: Blocking screen off
01-31 09:00:22.223  7390  7434 I DisplayPowerController[0]: Unblocked screen off after 1 ms
01-31 09:00:22.225  7390  7434 V DisplayPowerController[0]: Brightness [0.0] reason changing to: 'screen_off', previous reason: 'doze'.
01-31 09:00:22.248  7390  7410 I DisplayDeviceRepository: Display device changed state: "Built-in Screen", OFF
01-31 09:00:29.787  7390  7473 I PowerManagerService: Powering on display group fromDozing (groupId=0, uid=1000, reason=WAKE_REASON_POWER_BUTTON, details=android.policy:POWER)...
01-31 09:00:29.787  7390  7473 I PowerManagerService: Waking up from Dozing (uid=1000, reason=WAKE_REASON_POWER_BUTTON, details=android.policy:POWER)...
01-31 09:00:29.789  7390  7408 D CompatibilityChangeReporter: Compat change id reported: 173031413; UID 1000; state: ENABLED
01-31 09:00:29.794  7390  7434 I DisplayPowerController[0]: Blocking screen on until initial contents have been drawn.
01-31 09:00:29.808  7390  7434 V DisplayPowerController[0]: Brightness [0.2442901] reason changing to: 'manual', previous reason: 'screen_off'.
01-31 09:00:29.813  7390  7410 I DisplayDeviceRepository: Display device changed state: "Built-in Screen", ON
01-31 09:00:29.894  7390  7434 I DisplayPowerController[0]: Unblocked screen on after 100 ms
01-31 09:00:29.900  7390  7390 D WindowManager: powerPress: eventTime=138332873 interactive=true count=0 beganFromNonInteractive=true mShortPressOnPowerBehavior=1
01-31 09:00:29.929  7390  7434 V DisplayPowerController[0]: Brightness [0.2442364] reason changing to: 'automatic', previous reason: 'manual'.
01-31 09:00:29.931  7390  9866 I SoundTriggerService: getModelState(): id = 9f6ad62a-1f0b-11e7-87c5-40a8f03d3f15
01-31 09:00:29.949  7390 10681 W ActivityManager: Background start not allowed: service Intent { act=Orca.PERSISTENT_KICK_SKIP_PING cmp=com.facebook.orca/com.facebook.mqttlite.MqttService (has extras) } to com.facebook.orca/com.facebook.mqttlite.MqttService from pid=6442 uid=10179 pkg=com.facebook.orca startFg?=false
01-31 09:00:29.962  7390  7390 V SoundTriggerService: 9f6ad62a-1f0b-11e7-87c5-40a8f03d3f15: Generic sound trigger event: GenericRecognitionEvent ::RecognitionEvent [status=3, soundModelHandle=85, captureAvailable=true, captureSession=936889, captureDelayMs=0, capturePreambleMs=0, triggerInData=false, sampleRate=16000, encoding=2, channelMask=16, data=12]
01-31 09:00:29.973  7390  7390 V SoundTriggerService: 9f6ad62a-1f0b-11e7-87c5-40a8f03d3f15: onServiceConnected(android.os.BinderProxy@71b6023)
01-31 09:00:29.973  7390  7390 V SoundTriggerService: 9f6ad62a-1f0b-11e7-87c5-40a8f03d3f15: runOp 0
01-31 09:00:30.050  7390  7434 W PowerManagerService: Screen on took 269 ms
01-31 09:00:30.050  7390  7434 I DreamManagerService: Gently waking up from dream.
01-31 09:00:30.050  7390  7407 I DreamManagerService: Performing gentle wake from dream.
01-31 09:00:30.074  7390  9866 I DreamManagerService: Leaving dreamland.
01-31 09:00:30.074  7390  7407 I DreamManagerService: Performing gentle wake from dream.
01-31 09:00:30.074  7390  7407 I DreamController: Stopping dream: name=ComponentInfo{com.android.systemui/com.android.systemui.doze.DozeService}, isTest=false, canDoze=true, userId=0, reason='finished self'(from 'requested stopDream')
01-31 09:00:30.397  7390  7390 V Biometrics/AcquisitionClient: Acquired: 7 0, shouldSend: true
01-31 09:00:30.437  7390 10983 I SoundTriggerService: startRecognition(): id = 9f6ad62a-1f0b-11e7-87c5-40a8f03d3f15
01-31 09:00:30.437  7390 10613 V SoundTriggerService: 9f6ad62a-1f0b-11e7-87c5-40a8f03d3f15: destroy
01-31 09:00:30.437  7390 10983 W SoundTriggerHelper: Canceling previous recognition for model id: 9f6ad62a-1f0b-11e7-87c5-40a8f03d3f15
01-31 09:00:30.437  7390 10983 V SoundTriggerService: 9f6ad62a-1f0b-11e7-87c5-40a8f03d3f15: onError: -2147483648
01-31 09:00:30.439  7390 10983 W SoundTriggerService: 9f6ad62a-1f0b-11e7-87c5-40a8f03d3f15: Dropped operation as already destroyed or marked for destruction
01-31 09:00:30.473  7390 10983 I SoundTriggerHelper: startRecognition successful.
01-31 09:00:30.473  7390 10983 W SoundTriggerService: error onStart(): Model 9f6ad62a-1f0b-11e7-87c5-40a8f03d3f15 already started
01-31 09:00:30.474  7390 10983 I SoundTriggerService: deleteSoundModel(): id = 12caddb1-acdb-4dce-8cb0-2e95a2313aee
01-31 09:00:30.474  7390 10983 W SoundTriggerHelper: Unload error: Attempting unload invalid generic model with id:12caddb1-acdb-4dce-8cb0-2e95a2313aee
01-31 09:00:30.474  7390 10983 W SoundTriggerService: error onStop(): Model 12caddb1-acdb-4dce-8cb0-2e95a2313aee has no stats available
01-31 09:00:32.025  7390  7390 V Biometrics/AcquisitionClient: Acquired: 7 0, shouldSend: true
01-31 09:00:32.292  7390  7390 V Biometrics/AcquisitionClient: Acquired: 0 0, shouldSend: true
01-31 09:00:32.297  7390  7390 V Biometrics/LoggableMonitor: Authentication latency: 273
01-31 09:00:32.297  7390  7390 V Biometrics/AuthenticationClient: onAuthenticated(true), ID:1909858644, Owner: com.android.systemui, isBP: false, listener: com.android.server.biometrics.sensors.ClientMonitorCallbackConverter@efa4157, requireConfirmation: false, user: 0, clientMonitor: {[112] FingerprintAuthenticationClient, proto=3, owner=com.android.systemui, cookie=0, userId=0}
01-31 09:00:32.297  7390  7390 W Biometrics/AuthenticationClient: Allowing background authentication, this is allowed only for platform or test invocations
01-31 09:00:32.311  7390  7390 D Biometrics/AuthenticationClient: addAuthToken: 0
01-31 09:00:32.312  7390  7390 D BiometricScheduler/Fingerprint21: [Finishing] {[112] FingerprintAuthenticationClient, proto=3, owner=com.android.systemui, cookie=0, userId=0}, success: true
01-31 09:00:32.312  7390  7390 D BiometricCoexCoordinator: removeAuthenticationClient(OtherFp), client: {[112] FingerprintAuthenticationClient, proto=3, owner=com.android.systemui, cookie=0, userId=0}
01-31 09:00:32.312  7390  7390 D FingerprintService: Client finished, fps state updated to 0, client {[112] FingerprintAuthenticationClient, proto=3, owner=com.android.systemui, cookie=0, userId=0}
01-31 09:00:32.313  7390  7390 D GestureAvailabilityTracker: Notifying gesture availability, active=true
01-31 09:00:32.313  7390  7390 D BiometricScheduler/Fingerprint21: No operations, returning to idle
01-31 09:00:32.316  7390 10613 D ActivityTaskManager: Top Process State changed to PROCESS_STATE_TOP
01-31 09:00:32.442  7390 10613 W BroadcastQueue: Background execution not allowed: receiving Intent { act=android.intent.action.USER_PRESENT flg=0x24200010 } to com.android.chrome/org.chromium.chrome.browser.sharing.click_to_call.ClickToCallMessageHandler$PhoneUnlockedReceiver
01-31 09:00:32.449  7390  7423 W BroadcastQueue: Background execution not allowed: receiving Intent { act=android.intent.action.USER_PRESENT flg=0x24200010 } to com.google.android.gms/.auth.setup.devicesignals.LockScreenReceiver
01-31 09:00:32.450  7390  7423 W BroadcastQueue: Background execution not allowed: receiving Intent { act=android.intent.action.USER_PRESENT flg=0x24200010 } to com.google.android.gms/.chimera.GmsIntentOperationService$PersistentTrustedReceiver
01-31 09:00:32.450  7390  7423 W BroadcastQueue: Background execution not allowed: receiving Intent { act=android.intent.action.USER_PRESENT flg=0x24200010 } to com.alibaba.aliexpresshd/.receiver.SystemBroadcastReceiver
01-31 09:00:32.450  7390  7423 W BroadcastQueue: Background execution not allowed: receiving Intent { act=android.intent.action.USER_PRESENT flg=0x24200010 } to com.alibaba.aliexpresshd/com.taobao.accs.EventReceiver
01-31 09:00:32.450  7390  7423 W BroadcastQueue: Background execution not allowed: receiving Intent { act=android.intent.action.USER_PRESENT flg=0x24200010 } to com.instagram.android/com.instagram.push.FbnsInitBroadcastReceiver
01-31 09:00:32.479  7390  7455 D CompatibilityChangeReporter: Compat change id reported: 171306433; UID 10035; state: ENABLED
01-31 09:00:32.505  7390  7423 W BroadcastQueue: Permission Denial: broadcasting Intent { act=com.google.android.apps.gmm.NAVIGATION_STATE flg=0x10 pkg=com.google.android.googlequicksearchbox (has extras) } from null (pid=-1, uid=-1) requires com.google.android.googlequicksearchbox.permission.LAUNCH_FROM_GMM due to registered receiver BroadcastFilter{499a64b 10059/u0 ReceiverList{ef01b1a 12534 com.google.android.googlequicksearchbox:search/10059/u0 remote:bdd35c5}}
01-31 09:00:32.505  7390  7423 W BroadcastQueue: Permission Denial: broadcasting Intent { act=com.google.android.apps.gmm.NAVIGATION_STATE flg=0x10 pkg=com.google.android.gms (has extras) } from null (pid=-1, uid=-1) requires com.google.android.googlequicksearchbox.permission.LAUNCH_FROM_GMM due to registered receiver BroadcastFilter{499a64b 10059/u0 ReceiverList{ef01b1a 12534 com.google.android.googlequicksearchbox:search/10059/u0 remote:bdd35c5}}
01-31 09:00:32.639  7390 10681 W AppOps  : Noting op not finished: uid 10173 pkg com.urbandroid.sleep code 79 startTime of in progress event=1675108733404
01-31 09:00:32.641  7390 10681 W AppOps  : Noting op not finished: uid 10025 pkg com.google.android.gms code 113 startTime of in progress event=1675108733361
01-31 09:00:32.656  7390  9866 W AppOps  : Noting op not finished: uid 10126 pkg com.google.android.apps.maps code 79 startTime of in progress event=1675108733421
01-31 09:00:32.662  7390  8220 W AppOps  : Noting op not finished: uid 10346 pkg com.google.android.gms.location.history code 79 startTime of in progress event=1675037432798
01-31 09:00:32.666  7390 10681 W AppOps  : Noting op not finished: uid 10025 pkg com.google.android.gms code 113 startTime of in progress event=1675101616338
01-31 09:00:32.910  7390  7390 W Looper  : Slow dispatch took 476ms main h=android.app.ActivityThread$H c=android.app.LoadedApk$ReceiverDispatcher$Args$$ExternalSyntheticLambda0@1cc058a m=0
01-31 09:00:32.911  7390  7390 W Looper  : Slow delivery took 476ms main h=com.android.server.job.controllers.QuotaController$QcHandler c=null m=5
01-31 09:00:32.938  7390  7390 D CompatibilityChangeReporter: Compat change id reported: 168419799; UID 10043; state: DISABLED
01-31 09:00:32.942  7390  7390 D CompatibilityChangeReporter: Compat change id reported: 168419799; UID 10035; state: DISABLED
01-31 09:00:32.945  7390  9866 I DropBoxManagerService: add tag=event_data isTagEnabled=true flags=0x2
01-31 09:00:32.952  7390  7390 W Looper  : Drained
01-31 09:00:32.990  7390  7423 D CompatibilityChangeReporter: Compat change id reported: 168419799; UID 10413; state: DISABLED
01-31 09:00:33.042  7390  8219 W AppOps  : Noting op not finished: uid 10126 pkg com.google.android.apps.maps code 79 startTime of in progress event=1675108833029
01-31 09:00:33.208  7390  8219 I DropBoxManagerService: add tag=dumpsys:account isTagEnabled=true flags=0x2
01-31 09:00:34.266  7390 10613 D CompatibilityChangeReporter: Compat change id reported: 135634846; UID 10025; state: DISABLED
01-31 09:00:34.266  7390 10613 D CompatibilityChangeReporter: Compat change id reported: 177438394; UID 10025; state: DISABLED
01-31 09:00:34.266  7390 10613 D CompatibilityChangeReporter: Compat change id reported: 135772972; UID 10025; state: DISABLED
01-31 09:00:34.266  7390 10613 D CompatibilityChangeReporter: Compat change id reported: 135754954; UID 10025; state: ENABLED
01-31 09:00:34.266  7390  7424 D CompatibilityChangeReporter: Compat change id reported: 143937733; UID 10025; state: ENABLED
01-31 09:00:34.274  7390  7424 I ActivityManager: Start proc 12436:com.google.android.gms.unstable/u0a25 for service {com.google.android.gms/com.google.android.gms.droidguard.DroidGuardService}
01-31 09:00:35.053  7390  9866 I ContentCaptureManagerService: Data share request accepted by Content Capture service
01-31 09:00:35.218  7390  7390 D CompatibilityChangeReporter: Compat change id reported: 175319604; UID 1000; state: ENABLED
01-31 09:00:35.601  7390 10613 D CompatibilityChangeReporter: Compat change id reported: 135634846; UID 10223; state: DISABLED
01-31 09:00:35.601  7390 10613 D CompatibilityChangeReporter: Compat change id reported: 177438394; UID 10223; state: DISABLED
01-31 09:00:35.601  7390 10613 D CompatibilityChangeReporter: Compat change id reported: 135772972; UID 10223; state: DISABLED
01-31 09:00:35.601  7390 10613 D CompatibilityChangeReporter: Compat change id reported: 135754954; UID 10223; state: ENABLED
01-31 09:00:35.602  7390  7424 D CompatibilityChangeReporter: Compat change id reported: 143937733; UID 10223; state: ENABLED
01-31 09:00:35.610  7390  7424 I ActivityManager: Start proc 12489:com.Slack/u0a223 for broadcast {com.Slack/com.google.firebase.iid.FirebaseInstanceIdReceiver}
01-31 09:00:35.922  7390  7390 D CompatibilityChangeReporter: Compat change id reported: 135634846; UID 10364; state: DISABLED
01-31 09:00:35.922  7390  7390 D CompatibilityChangeReporter: Compat change id reported: 177438394; UID 10364; state: DISABLED
01-31 09:00:35.922  7390  7390 D CompatibilityChangeReporter: Compat change id reported: 135772972; UID 10364; state: DISABLED
01-31 09:00:35.922  7390  7390 D CompatibilityChangeReporter: Compat change id reported: 135754954; UID 10364; state: ENABLED
01-31 09:00:35.922  7390  7424 D CompatibilityChangeReporter: Compat change id reported: 143937733; UID 10364; state: ENABLED
01-31 09:00:35.924  7390  7390 D CompatibilityChangeReporter: Compat change id reported: 135634846; UID 10228; state: DISABLED
01-31 09:00:35.924  7390  7390 D CompatibilityChangeReporter: Compat change id reported: 177438394; UID 10228; state: DISABLED
01-31 09:00:35.924  7390  7390 D CompatibilityChangeReporter: Compat change id reported: 135772972; UID 10228; state: DISABLED
01-31 09:00:35.924  7390  7390 D CompatibilityChangeReporter: Compat change id reported: 135754954; UID 10228; state: ENABLED
01-31 09:00:35.926  7390  7390 D CompatibilityChangeReporter: Compat change id reported: 168419799; UID 1000; state: DISABLED
01-31 09:00:35.933  7390  7390 D CompatibilityChangeReporter: Compat change id reported: 135634846; UID 10185; state: DISABLED
01-31 09:00:35.933  7390  7390 D CompatibilityChangeReporter: Compat change id reported: 177438394; UID 10185; state: DISABLED
01-31 09:00:35.933  7390  7390 D CompatibilityChangeReporter: Compat change id reported: 135772972; UID 10185; state: DISABLED
01-31 09:00:35.935  7390  7390 D CompatibilityChangeReporter: Compat change id reported: 135634846; UID 10433; state: DISABLED
01-31 09:00:35.935  7390  7390 D CompatibilityChangeReporter: Compat change id reported: 177438394; UID 10433; state: DISABLED
01-31 09:00:35.935  7390  7390 D CompatibilityChangeReporter: Compat change id reported: 135772972; UID 10433; state: DISABLED
01-31 09:00:35.935  7390  7390 D CompatibilityChangeReporter: Compat change id reported: 135754954; UID 10433; state: ENABLED
01-31 09:00:35.936  7390  7424 I ActivityManager: Start proc 12508:com.microsoft.teams/u0a364 for service {com.microsoft.teams/com.microsoft.skype.teams.services.authorization.SkypeTokenRefreshJobM}
01-31 09:00:35.936  7390  7424 D CompatibilityChangeReporter: Compat change id reported: 143937733; UID 10228; state: ENABLED
01-31 09:00:35.945  7390  7424 I ActivityManager: Start proc 12509:com.snapchat.android/u0a228 for service {com.snapchat.android/androidx.work.impl.background.systemjob.SystemJobService}
01-31 09:00:35.946  7390  7424 D CompatibilityChangeReporter: Compat change id reported: 143937733; UID 10185; state: ENABLED
01-31 09:00:35.951  7390  7390 D WindowManager: powerPress: eventTime=138338874 interactive=true count=0 beganFromNonInteractive=false mShortPressOnPowerBehavior=1
01-31 09:00:35.951  7390  7390 I PowerManagerService: Powering off display group due to power_button (groupId= 0, uid= 1000)...
01-31 09:00:35.951  7390  7390 I PowerManagerService: Going to sleep due to power_button (uid 1000)...
01-31 09:00:35.961  7390  7565 D CompatibilityChangeReporter: Compat change id reported: 135634846; UID 10255; state: DISABLED
01-31 09:00:35.961  7390  7565 D CompatibilityChangeReporter: Compat change id reported: 177438394; UID 10255; state: DISABLED
01-31 09:00:35.961  7390  7565 D CompatibilityChangeReporter: Compat change id reported: 135772972; UID 10255; state: DISABLED
01-31 09:00:35.962  7390  7565 D CompatibilityChangeReporter: Compat change id reported: 135754954; UID 10255; state: ENABLED
01-31 09:00:35.966  7390  7424 I ActivityManager: Start proc 12515:com.viber.voip/u0a185 for service {com.viber.voip/androidx.work.impl.background.systemjob.SystemJobService}
01-31 09:00:35.966  7390  7424 D CompatibilityChangeReporter: Compat change id reported: 143937733; UID 10433; state: ENABLED
01-31 09:00:35.970  7390  8220 D BiometricUtils: isEncrypted: false isLockdown: false
01-31 09:00:35.970  7390  7390 D BiometricScheduler/Fingerprint21: [Added] {[113] FingerprintUpdateActiveUserClient, proto=1, owner=android, cookie=0, userId=0}, new queue size: 1
01-31 09:00:35.970  7390  7390 D BiometricScheduler/Fingerprint21: [Polled] {[113] FingerprintUpdateActiveUserClient, proto=1, owner=android, cookie=0, userId=0}, State: 0
01-31 09:00:35.970  7390  7390 D BiometricScheduler/Fingerprint21: [Starting] {[113] FingerprintUpdateActiveUserClient, proto=1, owner=android, cookie=0, userId=0}, State: 0
01-31 09:00:35.970  7390  7390 D BiometricScheduler/Fingerprint21: [Started] {[113] FingerprintUpdateActiveUserClient, proto=1, owner=android, cookie=0, userId=0}
01-31 09:00:35.970  7390  7390 D FingerprintUpdateActiveUserClient: Already user: 0, returning
01-31 09:00:35.971  7390  7390 D BiometricScheduler/Fingerprint21: [Added] {[114] FingerprintAuthenticationClient, proto=3, owner=com.android.systemui, cookie=0, userId=0}, new queue size: 1
01-31 09:00:35.971  7390  7390 V BiometricScheduler/Fingerprint21: Not idle, current operation: {[113] FingerprintUpdateActiveUserClient, proto=1, owner=android, cookie=0, userId=0}, State: 2
01-31 09:00:35.971  7390  7390 D BiometricScheduler/Fingerprint21: [Finishing] {[113] FingerprintUpdateActiveUserClient, proto=1, owner=android, cookie=0, userId=0}, success: true
01-31 09:00:35.971  7390  7390 D BiometricScheduler/Fingerprint21: [Polled] {[114] FingerprintAuthenticationClient, proto=3, owner=com.android.systemui, cookie=0, userId=0}, State: 0
01-31 09:00:35.971  7390  7390 D GestureAvailabilityTracker: Notifying gesture availability, active=false
01-31 09:00:35.971  7390  7390 D BiometricScheduler/Fingerprint21: [Starting] {[114] FingerprintAuthenticationClient, proto=3, owner=com.android.systemui, cookie=0, userId=0}, State: 0
01-31 09:00:35.971  7390  7390 D BiometricScheduler/Fingerprint21: [Started] {[114] FingerprintAuthenticationClient, proto=3, owner=com.android.systemui, cookie=0, userId=0}
01-31 09:00:35.971  7390  7390 D BiometricCoexCoordinator: addAuthenticationClient(OtherFp), client: {[114] FingerprintAuthenticationClient, proto=3, owner=com.android.systemui, cookie=0, userId=0}
01-31 09:00:35.971  7390  7390 D FingerprintService: Fps state updated from 0 to 2, client {[114] FingerprintAuthenticationClient, proto=3, owner=com.android.systemui, cookie=0, userId=0}
01-31 09:00:35.971  7390  7390 D Biometrics/AuthenticationClient: Requesting auth for com.android.systemui
01-31 09:00:35.976  7390  7404 D CompatibilityChangeReporter: Compat change id reported: 168419799; UID 10364; state: DISABLED
01-31 09:00:35.987  7390  7424 W ActivityManager: Slow operation: 53ms so far, now at startProcess: done updating battery stats
01-31 09:00:35.987  7390  7424 W ActivityManager: Slow operation: 53ms so far, now at startProcess: building log message
01-31 09:00:35.987  7390  7424 I ActivityManager: Start proc 12530:com.instagram.android/u0a433 for service {com.instagram.android/com.instagram.util.offline.StoryBackgroundPrefetchJobService}
01-31 09:00:35.987  7390  7424 W ActivityManager: Slow operation: 53ms so far, now at startProcess: starting to update pids map
01-31 09:00:35.987  7390  7424 W ActivityManager: Slow operation: 53ms so far, now at startProcess: done updating pids map
01-31 09:00:35.987  7390  7424 D CompatibilityChangeReporter: Compat change id reported: 143937733; UID 10255; state: ENABLED
01-31 09:00:36.008  7390  9192 D CompatibilityChangeReporter: Compat change id reported: 168419799; UID 10185; state: DISABLED
01-31 09:00:36.012  7390  7424 W ActivityManager: Slow operation: 53ms so far, now at startProcess: done updating battery stats
01-31 09:00:36.012  7390  7424 W ActivityManager: Slow operation: 53ms so far, now at startProcess: building log message
01-31 09:00:36.012  7390  7424 I ActivityManager: Start proc 12565:com.whatsapp/u0a255 for service {com.whatsapp/com.whatsapp.contact.sync.ContactsSyncAdapterService}
01-31 09:00:36.012  7390  7424 W ActivityManager: Slow operation: 53ms so far, now at startProcess: starting to update pids map
01-31 09:00:36.012  7390  7424 W ActivityManager: Slow operation: 53ms so far, now at startProcess: done updating pids map
01-31 09:00:36.015  7390 10613 D CompatibilityChangeReporter: Compat change id reported: 168419799; UID 10433; state: DISABLED
01-31 09:00:36.088  7390  9192 I ActivityManager: Process com.instagram.android:mqtt (pid 10660) has died: cch+85 CEM 
01-31 09:00:36.117  7390 10613 W AppOps  : Noting op not finished: uid 10173 pkg com.urbandroid.sleep code 79 startTime of in progress event=1675108832725
01-31 09:00:36.137  7390  9192 I ActivityManager: Process com.google.android.apps.wellbeing (pid 10935) has died: cch+75 CEM 
01-31 09:00:36.202  7390 10681 I ActivityManager: Process android.process.media (pid 10981) has died: cch+75 CEM 
01-31 09:00:36.211  7390 10681 I ActivityManager: Process com.google.android.youtube (pid 10139) has died: cch+65 CEM 
01-31 09:00:36.506  7390  7434 I DisplayPowerController[0]: Blocking screen off
01-31 09:00:36.506  7390  7434 I DisplayPowerController[0]: Unblocked screen off after 0 ms
01-31 09:00:36.518  7390  7434 D ActivityTaskManager: Top Process State changed to PROCESS_STATE_TOP_SLEEPING
01-31 09:00:36.535  7390  7600 I ActivityManager: Process com.google.android.inputmethod.latin (pid 10682) has died: cch+65 CEM 
01-31 09:00:36.630  7390  7434 V DisplayPowerController[0]: Brightness [0.0] reason changing to: 'screen_off', previous reason: 'automatic'.
01-31 09:00:36.771  7390  7407 W Looper  : Slow dispatch took 115ms android.fg h=com.android.server.usb.UsbDeviceManager$UsbHandlerHal c=null m=9
01-31 09:00:36.796  7390  9856 D CompatibilityChangeReporter: Compat change id reported: 171306433; UID 10025; state: ENABLED
01-31 09:00:36.808  7390  7410 I DisplayDeviceRepository: Display device changed state: "Built-in Screen", OFF
01-31 09:00:37.027  7390 10681 I ActivityManager: Process com.google.android.apps.turbo:aab (pid 12067) has died: cch+99 CEM 
01-31 09:00:37.118  7390  7434 I DreamManagerService: Entering dreamland.
01-31 09:00:37.118  7390  7434 I PowerManagerService: Dozing...
01-31 09:00:37.159  7390  7407 I DreamController: Starting dream: name=ComponentInfo{com.android.systemui/com.android.systemui.doze.DozeService}, isTest=false, canDoze=true, userId=0
01-31 09:00:37.420  7390 10601 I ActivityManager: Process com.google.android.turboadapter (pid 11939) has died: cch+99 CEM 
01-31 09:00:37.781  7390 10984 D CompatibilityChangeReporter: Compat change id reported: 168419799; UID 10025; state: DISABLED
01-31 09:00:38.315  7390  7450 D CompatibilityChangeReporter: Compat change id reported: 171306433; UID 10185; state: ENABLED
01-31 09:00:39.105  7390  7450 D CompatibilityChangeReporter: Compat change id reported: 135634846; UID 10318; state: DISABLED
01-31 09:00:39.105  7390  7450 D CompatibilityChangeReporter: Compat change id reported: 177438394; UID 10318; state: DISABLED
01-31 09:00:39.105  7390  7450 D CompatibilityChangeReporter: Compat change id reported: 135772972; UID 10318; state: DISABLED
01-31 09:00:39.106  7390  7450 D CompatibilityChangeReporter: Compat change id reported: 135754954; UID 10318; state: ENABLED
01-31 09:00:39.106  7390  7424 D CompatibilityChangeReporter: Compat change id reported: 143937733; UID 10318; state: ENABLED
01-31 09:00:39.115  7390  7424 I ActivityManager: Start proc 12922:com.facebook.katana/u0a318 for content provider {com.facebook.katana/com.facebook.katana.provider.FirstPartyUserValuesProvider}
01-31 09:00:39.179  7390 10601 D CompatibilityChangeReporter: Compat change id reported: 168419799; UID 10318; state: DISABLED
01-31 09:00:39.269  7390  7450 D CompatibilityChangeReporter: Compat change id reported: 183164979; UID 10433; state: ENABLED
01-31 09:00:39.371  7390 10984 I ActivityManager: Process com.android.settings (pid 12238) has died: cch+95 CEM 
01-31 09:00:39.781  7390  9863 I ActivityManager: Process com.nextcloud.client (pid 12177) has died: cch+95 CEM 
01-31 09:00:39.811  7390  9184 I ActivityManager: Process com.urbandroid.sleep (pid 11363) has died: cch+85 CEM 
01-31 09:00:39.995  7390  9184 W ActivityManager: Background start not allowed: service Intent { act=Orca.START cmp=com.instagram.android/com.facebook.rti.push.service.FbnsService (has extras) } to com.instagram.android/com.facebook.rti.push.service.FbnsService from pid=12530 uid=10433 pkg=com.instagram.android startFg?=false
01-31 09:00:40.004  7390  9184 D CompatibilityChangeReporter: Compat change id reported: 135634846; UID 10433; state: DISABLED
01-31 09:00:40.005  7390  9184 D CompatibilityChangeReporter: Compat change id reported: 177438394; UID 10433; state: DISABLED
01-31 09:00:40.005  7390  9184 D CompatibilityChangeReporter: Compat change id reported: 135772972; UID 10433; state: DISABLED
01-31 09:00:40.005  7390  9184 D CompatibilityChangeReporter: Compat change id reported: 135754954; UID 10433; state: ENABLED
