01-31 08:12:57.111  7390  7390 V SoundTriggerService: 9f6ad62a-1f0b-11e7-87c5-40a8f03d3f15: Generic sound trigger event: GenericRecognitionEvent ::RecognitionEvent [status=0, soundModelHandle=81, captureAvailable=true, captureSession=936593, captureDelayMs=0, capturePreambleMs=0, triggerInData=false, sampleRate=16000, encoding=2, channelMask=16, data=19]
01-31 08:12:57.146  7390  7390 V SoundTriggerService: 9f6ad62a-1f0b-11e7-87c5-40a8f03d3f15: onServiceConnected(android.os.BinderProxy@f253a3b)
01-31 08:12:57.147  7390  7390 V SoundTriggerService: 9f6ad62a-1f0b-11e7-87c5-40a8f03d3f15: runOp 0
01-31 08:13:00.371  7390 10984 V SoundTriggerService: 9f6ad62a-1f0b-11e7-87c5-40a8f03d3f15: destroy
01-31 08:13:00.373  7390  9865 I SoundTriggerService: startRecognition(): id = 9f6ad62a-1f0b-11e7-87c5-40a8f03d3f15
01-31 08:13:00.373  7390  9865 W SoundTriggerHelper: Canceling previous recognition for model id: 9f6ad62a-1f0b-11e7-87c5-40a8f03d3f15
01-31 08:13:00.373  7390  9865 V SoundTriggerService: 9f6ad62a-1f0b-11e7-87c5-40a8f03d3f15: onError: -2147483648
01-31 08:13:00.375  7390  9865 W SoundTriggerService: 9f6ad62a-1f0b-11e7-87c5-40a8f03d3f15: Dropped operation as already destroyed or marked for destruction
01-31 08:13:00.392  7390  9865 I SoundTriggerHelper: startRecognition successful.
01-31 08:13:00.392  7390  9865 W SoundTriggerService: error onStart(): Model 9f6ad62a-1f0b-11e7-87c5-40a8f03d3f15 already started
01-31 08:13:00.394  7390  9865 I SoundTriggerService: deleteSoundModel(): id = 12caddb1-acdb-4dce-8cb0-2e95a2313aee
01-31 08:13:00.394  7390  9865 W SoundTriggerHelper: Unload error: Attempting unload invalid generic model with id:12caddb1-acdb-4dce-8cb0-2e95a2313aee
01-31 08:13:00.394  7390  9865 W SoundTriggerService: error onStop(): Model 12caddb1-acdb-4dce-8cb0-2e95a2313aee has no stats available
01-31 08:13:02.887  7390  7390 D CompatibilityChangeReporter: Compat change id reported: 168419799; UID 10185; state: DISABLED
01-31 08:13:03.037  7390 10681 W AppOps  : Noting op not finished: uid 10173 pkg com.urbandroid.sleep code 79 startTime of in progress event=1675105627621
01-31 08:13:03.047  7390  9865 W AppOps  : Noting op not finished: uid 10126 pkg com.google.android.apps.maps code 79 startTime of in progress event=1675105624156
01-31 08:13:03.052  7390 10984 W AppOps  : Noting op not finished: uid 10346 pkg com.google.android.gms.location.history code 79 startTime of in progress event=1675037432798
01-31 08:13:03.058  7390  9865 W AppOps  : Noting op not finished: uid 10025 pkg com.google.android.gms code 113 startTime of in progress event=1675101616338
01-31 08:13:06.522  7390 10984 W AppOps  : Noting op not finished: uid 10173 pkg com.urbandroid.sleep code 79 startTime of in progress event=1675105983048
01-31 08:13:12.717  7578 12185 D PowerUI : can't show warning due to - plugged: true status unknown: false
01-31 08:14:09.772  7390  7565 D CompatibilityChangeReporter: Compat change id reported: 168419799; UID 1000; state: DISABLED
01-31 08:14:12.729  7578 13008 D PowerUI : can't show warning due to - plugged: true status unknown: false
01-31 08:14:13.291  7390  7499 D CompatibilityChangeReporter: Compat change id reported: 143231523; UID 1000; state: DISABLED
01-31 08:14:21.323  7390  7423 W BroadcastQueue: Permission Denial: broadcasting Intent { act=com.google.android.apps.gmm.NAVIGATION_STATE flg=0x10 pkg=com.google.android.googlequicksearchbox (has extras) } from null (pid=-1, uid=-1) requires com.google.android.googlequicksearchbox.permission.LAUNCH_FROM_GMM due to registered receiver BroadcastFilter{9805cba 10059/u0 ReceiverList{fa4f9e5 12534 com.google.android.googlequicksearchbox:search/10059/u0 remote:67074dc}}
01-31 08:14:21.323  7390  7423 W BroadcastQueue: Permission Denial: broadcasting Intent { act=com.google.android.apps.gmm.NAVIGATION_STATE flg=0x10 pkg=com.google.android.gms (has extras) } from null (pid=-1, uid=-1) requires com.google.android.googlequicksearchbox.permission.LAUNCH_FROM_GMM due to registered receiver BroadcastFilter{9805cba 10059/u0 ReceiverList{fa4f9e5 12534 com.google.android.googlequicksearchbox:search/10059/u0 remote:67074dc}}
01-31 08:14:21.791  7390 10681 I ContentCaptureManagerService: Data share request accepted by Content Capture service
01-31 08:14:49.497  7390  7390 D CompatibilityChangeReporter: Compat change id reported: 168419799; UID 10215; state: DISABLED
01-31 08:15:00.016  7390  7468 I ActivityManager: Killing 892:com.google.android.webview:webview_service/u0a105 (adj 985): empty #33
01-31 08:15:00.068  7390 10681 W ActivityManager: Foreground service started from background can not have location/camera/microphone access: service eu.faircode.email/.ServiceSynchronize
01-31 08:15:03.766  7390  9865 W AlarmManager: Window length 280882090ms too long; limiting to 1 day
01-31 08:15:03.814  7390 10984 D CompatibilityChangeReporter: Compat change id reported: 168936375; UID 10025; state: ENABLED
01-31 08:15:03.816  7390 10984 D CompatibilityChangeReporter: Compat change id reported: 73144566; UID 10025; state: ENABLED
01-31 08:15:03.841  7390 10681 W ActivityManager: Foreground service started from background can not have location/camera/microphone access: service eu.faircode.email/.ServiceSynchronize
01-31 08:15:07.342  7390  7423 W BroadcastQueue: Permission Denial: receiving Intent { act=android.intent.action.SERVICE_STATE flg=0x1000010 (has extras) } to ProcessRecord{c9233a0 7578:com.android.systemui/u0a54} (pid=7578, uid=10054) requires android.permission.READ_PHONE_STATE due to sender android (uid 1001)
01-31 08:15:07.342  7390  9863 W ContextImpl: Calling a method in the system process without a qualified user: android.app.ContextImpl.sendBroadcastMultiplePermissions:1256 com.android.server.TelephonyRegistry.broadcastServiceStateChanged:2870 com.android.server.TelephonyRegistry.notifyServiceStateForPhoneId:1608 com.android.internal.telephony.ITelephonyRegistry$Stub.onTransact:455 android.os.Binder.execTransactInternal:1184 
01-31 08:15:07.343  7390  7423 W BroadcastQueue: Permission Denial: receiving Intent { act=android.intent.action.SERVICE_STATE flg=0x1000010 (has extras) } to com.google.android.cellbroadcastreceiver/com.android.cellbroadcastreceiver.CellBroadcastReceiver requires android.permission.READ_PHONE_STATE due to sender android (uid 1001)
01-31 08:15:07.344  7390  7423 W BroadcastQueue: Permission Denial: receiving Intent { act=android.intent.action.SERVICE_STATE flg=0x1000010 (has extras) } to ProcessRecord{73f2d9e 8671:com.google.android.wearable.app:background/u0a393} (pid=8671, uid=10393) requires android.permission.READ_PRIVILEGED_PHONE_STATE due to sender android (uid 1001)
01-31 08:15:12.699  7578 13272 D PowerUI : can't show warning due to - plugged: true status unknown: false
01-31 08:15:34.766  7390  7390 D CompatibilityChangeReporter: Compat change id reported: 168419799; UID 10228; state: DISABLED
01-31 08:16:12.712  7578 13913 D PowerUI : can't show warning due to - plugged: true status unknown: false
01-31 08:17:12.719  7578 11241 D PowerUI : can't show warning due to - plugged: true status unknown: false
01-31 08:18:12.372  7390  7390 D CompatibilityChangeReporter: Compat change id reported: 135634846; UID 10018; state: DISABLED
01-31 08:18:12.373  7390  7390 D CompatibilityChangeReporter: Compat change id reported: 177438394; UID 10018; state: DISABLED
01-31 08:18:12.373  7390  7390 D CompatibilityChangeReporter: Compat change id reported: 135772972; UID 10018; state: DISABLED
01-31 08:18:12.373  7390  7390 D CompatibilityChangeReporter: Compat change id reported: 135754954; UID 10018; state: ENABLED
01-31 08:18:12.374  7390  7424 D CompatibilityChangeReporter: Compat change id reported: 143937733; UID 10018; state: ENABLED
01-31 08:18:12.396  7390  7424 I ActivityManager: Start proc 3087:com.google.android.apps.wellbeing/u0a18 for service {com.google.android.apps.wellbeing/androidx.work.impl.background.systemjob.SystemJobService}
01-31 08:18:12.691  7578  8018 D PowerUI : can't show warning due to - plugged: true status unknown: false
01-31 08:18:13.722  7390 10984 I ActivityManager: Killing 31592:com.alibaba.aliexpresshd:channel/u0a240 (adj 985): empty #33
01-31 08:18:25.467  7578 11579 D PowerUI : can't show warning due to - plugged: true status unknown: false
01-31 08:18:56.615  7390  9228 I PowerManagerService: Powering on display group fromDozing (groupId=0, uid=10228, reason=WAKE_REASON_APPLICATION, details=snapchat:screenwaker)...
01-31 08:18:56.615  7390  9228 I PowerManagerService: Waking up from Dozing (uid=10228, reason=WAKE_REASON_APPLICATION, details=snapchat:screenwaker)...
01-31 08:18:56.632  7390  7434 I DisplayPowerController[0]: Blocking screen on until initial contents have been drawn.
01-31 08:18:56.654  7390  7434 V DisplayPowerController[0]: Brightness [0.18757541] reason changing to: 'manual', previous reason: 'screen_off'.
01-31 08:18:56.655  7390  7410 I DisplayDeviceRepository: Display device changed state: "Built-in Screen", ON
01-31 08:18:56.709  7390  7390 D TwilightService: onLocationChanged: provider=fused accuracy=6.61 time=1675106336644
01-31 08:18:56.714  7390  7410 D ColorDisplayService: onTwilightStateChanged: isNight=false
01-31 08:18:56.783  7390  7434 V DisplayPowerController[0]: Brightness [0.22245687] reason changing to: 'automatic', previous reason: 'manual'.
01-31 08:18:56.903  7390  9855 I SoundTriggerService: getModelState(): id = 9f6ad62a-1f0b-11e7-87c5-40a8f03d3f15
01-31 08:18:56.934  7390  7390 V SoundTriggerService: 9f6ad62a-1f0b-11e7-87c5-40a8f03d3f15: Generic sound trigger event: GenericRecognitionEvent ::RecognitionEvent [status=3, soundModelHandle=81, captureAvailable=true, captureSession=936593, captureDelayMs=0, capturePreambleMs=0, triggerInData=false, sampleRate=16000, encoding=2, channelMask=16, data=18]
01-31 08:18:56.943  7390  7390 V SoundTriggerService: 9f6ad62a-1f0b-11e7-87c5-40a8f03d3f15: onServiceConnected(android.os.BinderProxy@e5c2a81)
01-31 08:18:56.944  7390  7390 V SoundTriggerService: 9f6ad62a-1f0b-11e7-87c5-40a8f03d3f15: runOp 0
01-31 08:18:56.971  7390  8261 W AppOps  : Noting op not finished: uid 10346 pkg com.google.android.gms.location.history code 79 startTime of in progress event=1675037432798
01-31 08:18:56.978  7390  7434 I DisplayPowerController[0]: Unblocked screen on after 346 ms
01-31 08:18:56.978  7390  7434 W PowerManagerService: Screen on took 364 ms
01-31 08:18:56.978  7390  7434 I DreamManagerService: Gently waking up from dream.
01-31 08:18:56.979  7390  7407 I DreamManagerService: Performing gentle wake from dream.
01-31 08:18:56.995  7390  9228 I DreamManagerService: Leaving dreamland.
01-31 08:18:56.996  7390  7407 I DreamManagerService: Performing gentle wake from dream.
01-31 08:18:56.996  7390  7407 I DreamController: Stopping dream: name=ComponentInfo{com.android.systemui/com.android.systemui.doze.DozeService}, isTest=false, canDoze=true, userId=0, reason='finished self'(from 'requested stopDream')
01-31 08:18:57.033  7390  7449 D CompatibilityChangeReporter: Compat change id reported: 135634846; UID 10495; state: DISABLED
01-31 08:18:57.033  7390  7449 D CompatibilityChangeReporter: Compat change id reported: 177438394; UID 10495; state: DISABLED
01-31 08:18:57.033  7390  7449 D CompatibilityChangeReporter: Compat change id reported: 135772972; UID 10495; state: DISABLED
01-31 08:18:57.033  7390  7449 D CompatibilityChangeReporter: Compat change id reported: 135754954; UID 10495; state: ENABLED
01-31 08:18:57.033  7390  7424 D CompatibilityChangeReporter: Compat change id reported: 143937733; UID 10495; state: ENABLED
01-31 08:18:57.043  7390  7424 I ActivityManager: Start proc 3277:com.samsung.android.oneconnect:cast/u0a495 for service {com.samsung.android.oneconnect/com.samsung.android.oneconnect.servicemodel.continuity.cast.CastMediaRouteProviderService}
01-31 08:18:57.060  7390  7449 W AppOps  : Noting op not finished: uid 10173 pkg com.urbandroid.sleep code 79 startTime of in progress event=1675105986561
01-31 08:18:57.063  7390  7449 W AppOps  : Noting op not finished: uid 10025 pkg com.google.android.gms code 113 startTime of in progress event=1675106336938
01-31 08:18:57.069  7390  7449 W AppOps  : Noting op not finished: uid 10126 pkg com.google.android.apps.maps code 79 startTime of in progress event=1675106108704
01-31 08:18:57.071  7390  7449 W AppOps  : Noting op not finished: uid 10346 pkg com.google.android.gms.location.history code 79 startTime of in progress event=1675037432798
01-31 08:18:57.074  7390  8261 W AppOps  : Noting op not finished: uid 10025 pkg com.google.android.gms code 113 startTime of in progress event=1675101616338
01-31 08:18:57.075  7390  7449 W ActivityManager: Background start not allowed: service Intent { act=Orca.PERSISTENT_KICK_SKIP_PING cmp=com.facebook.orca/com.facebook.mqttlite.MqttService (has extras) } to com.facebook.orca/com.facebook.mqttlite.MqttService from pid=2039 uid=10179 pkg=com.facebook.orca startFg?=false
01-31 08:18:57.121  7390  9192 D CompatibilityChangeReporter: Compat change id reported: 168419799; UID 10495; state: DISABLED
01-31 08:18:57.126  7390  7485 D CompatibilityChangeReporter: Compat change id reported: 171306433; UID 10495; state: ENABLED
01-31 08:18:57.202  7390  7449 W AppOps  : Noting op not finished: uid 10173 pkg com.urbandroid.sleep code 79 startTime of in progress event=1675106337095
01-31 08:18:57.208  7390  7449 W AppOps  : Noting op not finished: uid 10025 pkg com.google.android.gms code 113 startTime of in progress event=1675106336938
01-31 08:18:57.219  7390  9192 W AppOps  : Noting op not finished: uid 10126 pkg com.google.android.apps.maps code 79 startTime of in progress event=1675106337098
01-31 08:18:57.222  7390  9192 W AppOps  : Noting op not finished: uid 10346 pkg com.google.android.gms.location.history code 79 startTime of in progress event=1675037432798
01-31 08:18:57.227  7390  8261 W AppOps  : Noting op not finished: uid 10025 pkg com.google.android.gms code 113 startTime of in progress event=1675101616338
01-31 08:18:57.272  7390  9863 I ActivityManager: Process android.process.acore (pid 26105) has died: cch+99 CEM 
01-31 08:18:57.310  7390 10613 I ActivityManager: Process com.viber.voip:sync (pid 1328) has died: cch+99 CEM 
01-31 08:18:57.404  7390 10613 I ActivityManager: Process nz.goodnature (pid 31813) has died: cch+99 CEM 
01-31 08:18:57.517  7390 10613 V SoundTriggerService: 9f6ad62a-1f0b-11e7-87c5-40a8f03d3f15: destroy
01-31 08:18:57.524  7390 10601 I SoundTriggerService: startRecognition(): id = 9f6ad62a-1f0b-11e7-87c5-40a8f03d3f15
01-31 08:18:57.524  7390 10601 W SoundTriggerHelper: Canceling previous recognition for model id: 9f6ad62a-1f0b-11e7-87c5-40a8f03d3f15
01-31 08:18:57.524  7390 10601 V SoundTriggerService: 9f6ad62a-1f0b-11e7-87c5-40a8f03d3f15: onError: -2147483648
01-31 08:18:57.524  7390 10601 W SoundTriggerService: 9f6ad62a-1f0b-11e7-87c5-40a8f03d3f15: Dropped operation as already destroyed or marked for destruction
01-31 08:18:57.530  7390 10613 D CompatibilityChangeReporter: Compat change id reported: 135634846; UID 10495; state: DISABLED
01-31 08:18:57.530  7390 10613 D CompatibilityChangeReporter: Compat change id reported: 177438394; UID 10495; state: DISABLED
01-31 08:18:57.530  7390 10613 D CompatibilityChangeReporter: Compat change id reported: 135772972; UID 10495; state: DISABLED
01-31 08:18:57.530  7390 10613 D CompatibilityChangeReporter: Compat change id reported: 135754954; UID 10495; state: ENABLED
01-31 08:18:57.530  7390  7424 D CompatibilityChangeReporter: Compat change id reported: 143937733; UID 10495; state: ENABLED
01-31 08:18:57.538  7390  7424 I ActivityManager: Start proc 3316:com.samsung.android.oneconnect:Core/u0a495 for content provider {com.samsung.android.oneconnect/com.samsung.android.oneconnect.base.settings.InternalSettingsProvider}
01-31 08:18:57.559  7390 10601 I SoundTriggerHelper: startRecognition successful.
01-31 08:18:57.559  7390 10601 W SoundTriggerService: error onStart(): Model 9f6ad62a-1f0b-11e7-87c5-40a8f03d3f15 already started
01-31 08:18:57.560  7390 10613 I SoundTriggerService: deleteSoundModel(): id = 12caddb1-acdb-4dce-8cb0-2e95a2313aee
01-31 08:18:57.560  7390 10613 W SoundTriggerHelper: Unload error: Attempting unload invalid generic model with id:12caddb1-acdb-4dce-8cb0-2e95a2313aee
01-31 08:18:57.561  7390 10613 W SoundTriggerService: error onStop(): Model 12caddb1-acdb-4dce-8cb0-2e95a2313aee has no stats available
01-31 08:18:58.895  7390  7390 W NotificationHistory: Attempted to add notif for locked/gone/disabled user 0
01-31 08:19:00.601  7390  7665 W AppOps  : Noting op not finished: uid 10173 pkg com.urbandroid.sleep code 79 startTime of in progress event=1675106337216
01-31 08:19:04.621  7390  7434 V DisplayPowerController[0]: Brightness [0.05] reason changing to: 'automatic [ dim ]', previous reason: 'automatic'.
01-31 08:19:06.618  7390  7434 I PowerManagerService: Powering off display group due to timeout (groupId= 0, uid= 1000)...
01-31 08:19:06.619  7390  7434 I PowerManagerService: Going to sleep due to timeout (uid 1000)...
01-31 08:19:06.761  7390  7434 V DisplayPowerController[0]: Brightness [0.22245687] reason changing to: 'automatic', previous reason: 'automatic [ dim ]'.
01-31 08:19:07.191  7390  7434 I DisplayPowerController[0]: Blocking screen off
01-31 08:19:07.192  7390  7434 I DisplayPowerController[0]: Unblocked screen off after 1 ms
01-31 08:19:07.206  7390  7434 V DisplayPowerController[0]: Brightness [0.0] reason changing to: 'screen_off', previous reason: 'automatic'.
01-31 08:19:07.212  7390  7410 I DisplayDeviceRepository: Display device changed state: "Built-in Screen", OFF
01-31 08:19:07.357  7390  7434 I DreamManagerService: Entering dreamland.
01-31 08:19:07.360  7390  7434 I PowerManagerService: Dozing...
01-31 08:19:07.361  7390  7407 I DreamController: Starting dream: name=ComponentInfo{com.android.systemui/com.android.systemui.doze.DozeService}, isTest=false, canDoze=true, userId=0
01-31 08:19:07.550  7390  7665 W AppOps  : Noting op not finished: uid 10173 pkg com.urbandroid.sleep code 79 startTime of in progress event=1675106340650
01-31 08:19:07.553  7390  7665 W AppOps  : Noting op not finished: uid 10025 pkg com.google.android.gms code 113 startTime of in progress event=1675106336938
01-31 08:19:07.562  7390  7665 W AppOps  : Noting op not finished: uid 10126 pkg com.google.android.apps.maps code 79 startTime of in progress event=1675106337229
01-31 08:19:07.566  7390 10613 W AppOps  : Noting op not finished: uid 10346 pkg com.google.android.gms.location.history code 79 startTime of in progress event=1675037432798
01-31 08:19:07.571  7390 10613 W AppOps  : Noting op not finished: uid 10025 pkg com.google.android.gms code 113 startTime of in progress event=1675101616338
01-31 08:19:07.710  7390  7565 D CompatibilityChangeReporter: Compat change id reported: 177438394; UID 10147; state: DISABLED
01-31 08:19:07.710  7390  7565 D CompatibilityChangeReporter: Compat change id reported: 135772972; UID 10147; state: DISABLED
01-31 08:19:07.710  7390  7565 D CompatibilityChangeReporter: Compat change id reported: 135754954; UID 10147; state: ENABLED
01-31 08:19:07.711  7390  7424 D CompatibilityChangeReporter: Compat change id reported: 143937733; UID 10147; state: ENABLED
01-31 08:19:07.726  7390  7424 I ActivityManager: Start proc 3441:com.google.android.keep/u0a147 for service {com.google.android.keep/com.google.android.keep.syncadapter.KeepSyncAdapterService}
01-31 08:19:07.771  7390  7665 D CompatibilityChangeReporter: Compat change id reported: 168419799; UID 10147; state: DISABLED
01-31 08:19:10.893  7390 10613 D CompatibilityChangeReporter: Compat change id reported: 135634846; UID 10014; state: DISABLED
01-31 08:19:10.893  7390 10613 D CompatibilityChangeReporter: Compat change id reported: 177438394; UID 10014; state: DISABLED
01-31 08:19:10.893  7390 10613 D CompatibilityChangeReporter: Compat change id reported: 135772972; UID 10014; state: DISABLED
01-31 08:19:10.893  7390 10613 D CompatibilityChangeReporter: Compat change id reported: 135754954; UID 10014; state: ENABLED
01-31 08:19:10.893  7390  7424 D CompatibilityChangeReporter: Compat change id reported: 143937733; UID 10014; state: ENABLED
01-31 08:19:10.914  7390  7424 I ActivityManager: Start proc 3513:android.process.acore/u0a14 for content provider {com.android.providers.contacts/com.android.providers.contacts.ContactsProvider2}
01-31 08:19:12.709  7578 11802 D PowerUI : can't show warning due to - plugged: true status unknown: false
01-31 08:19:21.793  7390  7390 I ContentCaptureManagerService: Content capture data sharing session terminated successfully for package 'com.google.android.googlequicksearchbox'
01-31 08:19:50.229  7390  7390 I JobServiceContext: Letting 3a65ffd #u0a72/142822 com.google.android.youtube/androidx.work.impl.background.systemjob.SystemJobService continue to run past min execution time
01-31 08:20:04.315  7390  9192 D CompatibilityChangeReporter: Compat change id reported: 171306433; UID 10059; state: ENABLED
01-31 08:20:04.443  7390 10626 D CompatibilityChangeReporter: Compat change id reported: 135634846; UID 10025; state: DISABLED
01-31 08:20:04.443  7390 10626 D CompatibilityChangeReporter: Compat change id reported: 177438394; UID 10025; state: DISABLED
01-31 08:20:04.443  7390 10626 D CompatibilityChangeReporter: Compat change id reported: 135772972; UID 10025; state: DISABLED
01-31 08:20:04.443  7390 10626 D CompatibilityChangeReporter: Compat change id reported: 135754954; UID 10025; state: ENABLED
01-31 08:20:04.444  7390  7424 D CompatibilityChangeReporter: Compat change id reported: 143937733; UID 10025; state: ENABLED
01-31 08:20:04.459  7390  7424 I ActivityManager: Start proc 3541:com.google.process.gapps/u0a25 for content provider {com.google.android.gsf/com.google.android.gsf.settings.GoogleSettingsProvider}
01-31 08:20:04.499  7390  9192 D CompatibilityChangeReporter: Compat change id reported: 168419799; UID 10025; state: DISABLED
01-31 08:20:04.502  7390  9192 I ContentCaptureManagerService: Data share request accepted by Content Capture service
01-31 08:20:05.274  7390 10613 I ContentCaptureManagerService: Data share request accepted by Content Capture service
01-31 08:20:06.584  7390  7390 W NotificationHistory: Attempted to add notif for locked/gone/disabled user 0
01-31 08:20:12.714  7578 12185 D PowerUI : can't show warning due to - plugged: true status unknown: false
01-31 08:20:34.968  7390  7455 I ActivityManager: Killing 1814:com.android.settings/1000 (adj 985): empty #33
01-31 08:21:12.714  7578 13008 D PowerUI : can't show warning due to - plugged: true status unknown: false
01-31 08:22:12.731  7578 13272 D PowerUI : can't show warning due to - plugged: true status unknown: false
01-31 08:23:07.577  7390  7390 D CompatibilityChangeReporter: Compat change id reported: 135634846; UID 10240; state: DISABLED
01-31 08:23:07.577  7390  7390 D CompatibilityChangeReporter: Compat change id reported: 177438394; UID 10240; state: DISABLED
01-31 08:23:07.577  7390  7390 D CompatibilityChangeReporter: Compat change id reported: 135772972; UID 10240; state: DISABLED
01-31 08:23:07.578  7390  7424 D CompatibilityChangeReporter: Compat change id reported: 143937733; UID 10240; state: ENABLED
01-31 08:23:07.597  7390  7424 I ActivityManager: Start proc 3654:com.alibaba.aliexpresshd:channel/u0a240 for service {com.alibaba.aliexpresshd/com.taobao.accs.internal.AccsJobService}
01-31 08:23:08.089  7390 10626 W ActivityManager: Unable to start service Intent { act=com.taobao.orange.service.OrangeApiService cat=[android.intent.category.DEFAULT] cmp=com.alibaba.aliexpresshd/com.taobao.orange.service.OrangeApiService } U=0: not found
01-31 08:23:08.114  7390 10626 I DropBoxManagerService: add tag=event_data isTagEnabled=true flags=0x2
01-31 08:23:08.123  7390  7423 W BroadcastQueue: Background execution not allowed: receiving Intent { act=android.intent.action.DROPBOX_ENTRY_ADDED flg=0x10 (has extras) } to com.google.android.gms/.stats.service.DropBoxEntryAddedReceiver
01-31 08:23:08.124  7390  7423 W BroadcastQueue: Background execution not allowed: receiving Intent { act=android.intent.action.DROPBOX_ENTRY_ADDED flg=0x10 (has extras) } to com.google.android.gms/.chimera.GmsIntentOperationService$PersistentTrustedReceiver
01-31 08:23:08.233  7390  7665 W ActivityManager: Unable to start service Intent { act=mtopsdk.xstate.aidl.IXState cat=[android.intent.category.DEFAULT] pkg=com.alibaba.aliexpresshd cmp=com.alibaba.aliexpresshd/mtopsdk.xstate.XStateService } U=0: not found
01-31 08:23:08.235  7390  7665 I DropBoxManagerService: add tag=dumpsys:account isTagEnabled=true flags=0x2
01-31 08:23:08.239  7390  7423 W BroadcastQueue: Background execution not allowed: receiving Intent { act=android.intent.action.DROPBOX_ENTRY_ADDED flg=0x10 (has extras) } to com.google.android.gms/.stats.service.DropBoxEntryAddedReceiver
01-31 08:23:08.239  7390  7423 W BroadcastQueue: Background execution not allowed: receiving Intent { act=android.intent.action.DROPBOX_ENTRY_ADDED flg=0x10 (has extras) } to com.google.android.gms/.chimera.GmsIntentOperationService$PersistentTrustedReceiver
01-31 08:23:08.334  7390 10613 I DropBoxManagerService: add tag=platform_stats_bookmark isTagEnabled=true flags=0x2
01-31 08:23:08.337  7390  7423 W BroadcastQueue: Background execution not allowed: receiving Intent { act=android.intent.action.DROPBOX_ENTRY_ADDED flg=0x10 (has extras) } to com.google.android.gms/.stats.service.DropBoxEntryAddedReceiver
01-31 08:23:08.337  7390  7423 W BroadcastQueue: Background execution not allowed: receiving Intent { act=android.intent.action.DROPBOX_ENTRY_ADDED flg=0x10 (has extras) } to com.google.android.gms/.chimera.GmsIntentOperationService$PersistentTrustedReceiver
01-31 08:23:12.693  7578 13913 D PowerUI : can't show warning due to - plugged: true status unknown: false
01-31 08:23:19.384  3654  3768 E ActivityThread: Failed to find provider info for com.vivo.vms.IdProvider
01-31 08:23:21.003  7390 10613 D CompatibilityChangeReporter: Compat change id reported: 135634846; UID 10240; state: DISABLED
01-31 08:23:21.003  7390 10613 D CompatibilityChangeReporter: Compat change id reported: 177438394; UID 10240; state: DISABLED
01-31 08:23:21.003  7390 10613 D CompatibilityChangeReporter: Compat change id reported: 135772972; UID 10240; state: DISABLED
01-31 08:23:21.003  7390  7424 D CompatibilityChangeReporter: Compat change id reported: 143937733; UID 10240; state: ENABLED
01-31 08:23:21.024  7390  7424 I ActivityManager: Start proc 3810:com.alibaba.aliexpresshd/u0a240 for service {com.alibaba.aliexpresshd/anetwork.channel.aidl.NetworkService}
01-31 08:23:21.331  7390 10613 I ActivityManager: Process com.google.android.permissioncontroller (pid 2466) has died: cch+85 CEM 
01-31 08:23:21.455  7390 10613 W ActivityManager: Unable to start service Intent { act=com.taobao.orange.service.OrangeApiService cat=[android.intent.category.DEFAULT] cmp=com.alibaba.aliexpresshd/com.taobao.orange.service.OrangeApiService } U=0: not found
01-31 08:23:21.537  7390  7665 D CompatibilityChangeReporter: Compat change id reported: 135634846; UID 10318; state: DISABLED
01-31 08:23:21.537  7390  7665 D CompatibilityChangeReporter: Compat change id reported: 177438394; UID 10318; state: DISABLED
01-31 08:23:21.537  7390  7665 D CompatibilityChangeReporter: Compat change id reported: 135772972; UID 10318; state: DISABLED
01-31 08:23:21.538  7390  7665 D CompatibilityChangeReporter: Compat change id reported: 135754954; UID 10318; state: ENABLED
01-31 08:23:21.538  7390  7424 D CompatibilityChangeReporter: Compat change id reported: 143937733; UID 10318; state: ENABLED
01-31 08:23:21.552  7390  7424 I ActivityManager: Start proc 3859:com.facebook.katana/u0a318 for content provider {com.facebook.katana/com.facebook.platform.common.provider.PlatformProviderBase}
01-31 08:23:21.590  7390  9230 D CompatibilityChangeReporter: Compat change id reported: 168419799; UID 10318; state: DISABLED
01-31 08:23:21.758  7390  7665 W ActivityManager: Unable to start service Intent { act=mtopsdk.xstate.aidl.IXState cat=[android.intent.category.DEFAULT] pkg=com.alibaba.aliexpresshd cmp=com.alibaba.aliexpresshd/mtopsdk.xstate.XStateService } U=0: not found
01-31 08:23:22.061  7390  9192 I ActivityManager: Process com.google.android.settings.intelligence (pid 1788) has died: cch+85 CEM 
01-31 08:23:22.063  7390  7485 D CompatibilityChangeReporter: Compat change id reported: 171306433; UID 10035; state: ENABLED
01-31 08:23:22.168  7390  9192 I ActivityManager: Process com.facebook.orca (pid 2039) has died: cch+85 CEM 
01-31 08:23:22.215  7390  7425 I ActivityManager: Process PhantomProcessRecord {55bf936 2188:2039:nightwatch.txt/u0a179} died
01-31 08:23:23.168  7390  9192 D CompatibilityChangeReporter: Compat change id reported: 135634846; UID 10105; state: DISABLED
01-31 08:23:23.168  7390  7424 D CompatibilityChangeReporter: Compat change id reported: 143937733; UID 10105; state: ENABLED
01-31 08:23:23.185  7390  7424 I ActivityManager: Start proc 4057:com.google.android.webview:webview_service/u0a105 for service {com.google.android.webview/org.chromium.android_webview.services.VariationsSeedServer}
01-31 08:23:23.346  7390  9192 D CompatibilityChangeReporter: Compat change id reported: 168419799; UID 10105; state: DISABLED
01-31 08:23:24.120  7390  9228 E PackageDexUsage: Unsupported context?
01-31 08:23:24.302  7390  9192 D CompatibilityChangeReporter: Compat change id reported: 135634846; UID 10240; state: DISABLED
01-31 08:23:24.303  7390  7424 D CompatibilityChangeReporter: Compat change id reported: 143937733; UID 10240; state: ENABLED
01-31 08:23:24.319  7390  7424 I ActivityManager: Start proc 4184:com.google.android.webview:sandboxed_process0:org.chromium.content.app.SandboxedProcessService0:0/u0i88 for  {com.alibaba.aliexpresshd/org.chromium.content.app.SandboxedProcessService0:0}
01-31 08:23:24.468  7390  9228 E PackageDexUsage: Unsupported context?
01-31 08:23:25.174  7390  9228 D CompatibilityChangeReporter: Compat change id reported: 183164979; UID 10318; state: ENABLED
01-31 08:23:25.847  7390  9228 I ActivityManager: Killing 2562:com.google.android.apps.podcasts/u0a145 (adj 999): empty #33
01-31 08:23:30.166  3810  3905 E ActivityThread: Failed to find provider info for com.vivo.vms.IdProvider
01-31 08:23:31.612  7390  9230 D CompatibilityChangeReporter: Compat change id reported: 171306433; UID 10318; state: ENABLED
01-31 08:23:31.675  7390  9856 W ActivityManager: Background start not allowed: service Intent { act=Orca.START cmp=com.facebook.katana/com.facebook.mqttlite.MqttService (has extras) } to com.facebook.katana/com.facebook.mqttlite.MqttService from pid=3859 uid=10318 pkg=com.facebook.katana startFg?=false
01-31 08:23:33.009  7390  7423 W BroadcastQueue: Permission Denial: broadcasting Intent { act=android.net.conn.CONNECTIVITY_CHANGE flg=0x4200010 (has extras) } from null (pid=-1, uid=-1) requires com.facebook.permission.prod.FB_APP_COMMUNICATION due to registered receiver BroadcastFilter{c9de6d4 10318/u0 ReceiverList{dc5427 3859 com.facebook.katana/10318/u0 remote:6d3a6e6}}
01-31 08:23:33.223  3859  4140 E ActivityThread: Failed to find provider info for com.facebook.appmanager.firstparty.crashreporter
01-31 08:23:34.517  7390  9192 I ActivityManager: com.android.vending is exempt from freezer
01-31 08:23:34.517  7390  9192 D CompatibilityChangeReporter: Compat change id reported: 135634846; UID 10053; state: DISABLED
01-31 08:23:34.518  7390  9192 D CompatibilityChangeReporter: Compat change id reported: 177438394; UID 10053; state: DISABLED
01-31 08:23:34.518  7390  9192 D CompatibilityChangeReporter: Compat change id reported: 135772972; UID 10053; state: DISABLED
01-31 08:23:34.518  7390  9192 D CompatibilityChangeReporter: Compat change id reported: 135754954; UID 10053; state: ENABLED
01-31 08:23:34.519  7390  7424 D CompatibilityChangeReporter: Compat change id reported: 143937733; UID 10053; state: ENABLED
01-31 08:23:34.536  7390  7424 I ActivityManager: Start proc 4388:com.android.vending/u0a53 for service {com.android.vending/com.google.android.finsky.splitinstallservice.SplitInstallService}
01-31 08:23:34.552  7390  7407 D CompanionDeviceManagerService: onPackageModified(packageName = com.facebook.katana)
01-31 08:23:34.578  7390  7407 D CompatibilityChangeReporter: Compat change id reported: 135634846; UID 10329; state: DISABLED
01-31 08:23:34.578  7390  7407 D CompatibilityChangeReporter: Compat change id reported: 177438394; UID 10329; state: DISABLED
01-31 08:23:34.578  7390  7407 D CompatibilityChangeReporter: Compat change id reported: 135772972; UID 10329; state: DISABLED
01-31 08:23:34.578  7390  7407 D CompatibilityChangeReporter: Compat change id reported: 135754954; UID 10329; state: ENABLED
01-31 08:23:34.578  7390  7424 D CompatibilityChangeReporter: Compat change id reported: 143937733; UID 10329; state: ENABLED
01-31 08:23:34.588  7390  7390 I Telecom : DefaultDialerCache: Refreshing default dialer for user 0: now com.google.android.dialer: DDC.oR@D+g
01-31 08:23:34.591  7390  7390 I Telecom : DefaultDialerCache: Refreshing default dialer for user 10: now null: DDC.oR@D+g
01-31 08:23:34.591  7390  7390 I Telecom : DefaultDialerCache: Refreshing default dialer for user 11: now com.google.android.dialer: DDC.oR@D+g
01-31 08:23:34.594  7390  7424 I ActivityManager: Start proc 4390:com.google.android.permissioncontroller/u0a329 for service {com.google.android.permissioncontroller/com.android.permissioncontroller.permission.service.PermissionControllerServiceImpl}
01-31 08:23:34.604  7390  9192 D CompatibilityChangeReporter: Compat change id reported: 168419799; UID 10061; state: DISABLED
01-31 08:23:34.636  7390  8485 D CompatibilityChangeReporter: Compat change id reported: 168419799; UID 10329; state: DISABLED
01-31 08:23:35.144  7390  9856 I ActivityManager: Process com.nextcloud.client (pid 329) has died: cch+85 CEM 
01-31 08:23:35.247  7390  9855 I ActivityManager: Process com.google.android.calendar (pid 31059) has died: cch+99 CEM 
01-31 08:23:35.339  7390  9856 I ActivityManager: Process com.linkedin.android (pid 1645) has died: cch+99 CEM 
01-31 08:23:36.214  7390  9856 I ActivityManager: Process com.reddit.frontpage (pid 330) has died: cch+99 CEM 
01-31 08:23:37.657  7390  7876 I ActivityManager: com.android.vending is exempt from freezer
01-31 08:23:37.658  7390  7876 D CompatibilityChangeReporter: Compat change id reported: 135634846; UID 10053; state: DISABLED
01-31 08:23:37.658  7390  7876 D CompatibilityChangeReporter: Compat change id reported: 177438394; UID 10053; state: DISABLED
01-31 08:23:37.658  7390  7876 D CompatibilityChangeReporter: Compat change id reported: 135772972; UID 10053; state: DISABLED
01-31 08:23:37.658  7390  7876 D CompatibilityChangeReporter: Compat change id reported: 135754954; UID 10053; state: ENABLED
01-31 08:23:37.658  7390  7424 D CompatibilityChangeReporter: Compat change id reported: 143937733; UID 10053; state: ENABLED
01-31 08:23:37.674  7390  7424 I ActivityManager: Start proc 4527:com.android.vending:background/u0a53 for service {com.android.vending/com.google.android.finsky.ipcservers.background.BackgroundGrpcServerAndroidService}
01-31 08:23:48.492  7390  9856 D CompatibilityChangeReporter: Compat change id reported: 168419799; UID 10053; state: DISABLED
01-31 08:24:12.727  7578 11241 D PowerUI : can't show warning due to - plugged: true status unknown: false
01-31 08:24:49.504  7390  7876 D CompatibilityChangeReporter: Compat change id reported: 171306433; UID 10025; state: ENABLED
01-31 08:24:49.556  7390  7423 D CompatibilityChangeReporter: Compat change id reported: 168419799; UID 10318; state: DISABLED
01-31 08:24:49.593  7390  7422 E DiscreteRegistry: Deleting file 1675019987504tl
01-31 08:24:49.661  7390  7870 D CompatibilityChangeReporter: Compat change id reported: 168419799; UID 10025; state: DISABLED
01-31 08:24:56.059  7390  9855 W AppOps  : Noting op not finished: uid 10173 pkg com.urbandroid.sleep code 79 startTime of in progress event=1675106347562
01-31 08:24:56.064  7390  7876 W AppOps  : Noting op not finished: uid 10025 pkg com.google.android.gms code 113 startTime of in progress event=1675106336938
01-31 08:24:56.077  7390  7876 W AppOps  : Noting op not finished: uid 10126 pkg com.google.android.apps.maps code 79 startTime of in progress event=1675106347570
01-31 08:24:56.081  7390  7876 W AppOps  : Noting op not finished: uid 10346 pkg com.google.android.gms.location.history code 79 startTime of in progress event=1675037432798
01-31 08:24:56.085  7390  7876 W AppOps  : Noting op not finished: uid 10025 pkg com.google.android.gms code 113 startTime of in progress event=1675101616338
01-31 08:24:59.099  7390  9855 I ActivityManager: Background started FGS: Allowed [callingPackage: io.homeassistant.companion.android; callingUid: 10497; uidState: CEM ; intent: Intent { act=ACTION_START_FOREGROUND cmp=io.homeassistant.companion.android/androidx.work.impl.foreground.SystemForegroundService (has extras) }; code:SYSTEM_ALLOW_LISTED; tempAllowListReason:<,reasonCode:SYSTEM_ALLOW_LISTED,duration:9223372036854775807,callingUid:-1>; targetSdkVersion:33; callerTargetSdkVersion:33; startForegroundCount:0; bindFromPackage:null]
01-31 08:24:59.112  7390  9863 W ActivityManager: Foreground service started from background can not have location/camera/microphone access: service io.homeassistant.companion.android/androidx.work.impl.foreground.SystemForegroundService
01-31 08:24:59.239  7390  7423 I DropBoxManagerService: add tag=system_server_wtf isTagEnabled=true flags=0x6
01-31 08:24:59.527  7390  7390 D CompatibilityChangeReporter: Compat change id reported: 135634846; UID 10210; state: DISABLED
01-31 08:24:59.527  7390  7390 D CompatibilityChangeReporter: Compat change id reported: 177438394; UID 10210; state: DISABLED
01-31 08:24:59.527  7390  7390 D CompatibilityChangeReporter: Compat change id reported: 135772972; UID 10210; state: DISABLED
01-31 08:24:59.527  7390  7390 D CompatibilityChangeReporter: Compat change id reported: 135754954; UID 10210; state: ENABLED
01-31 08:24:59.528  7390  7424 D CompatibilityChangeReporter: Compat change id reported: 143937733; UID 10210; state: ENABLED
01-31 08:24:59.530  7390  7390 D CompatibilityChangeReporter: Compat change id reported: 135634846; UID 10427; state: DISABLED
01-31 08:24:59.530  7390  7390 D CompatibilityChangeReporter: Compat change id reported: 177438394; UID 10427; state: DISABLED
01-31 08:24:59.531  7390  7390 D CompatibilityChangeReporter: Compat change id reported: 135772972; UID 10427; state: DISABLED
01-31 08:24:59.531  7390  7390 D CompatibilityChangeReporter: Compat change id reported: 135754954; UID 10427; state: ENABLED
01-31 08:24:59.546  7390  7424 I ActivityManager: Start proc 4689:com.nextcloud.client/u0a210 for service {com.nextcloud.client/androidx.work.impl.background.systemjob.SystemJobService}
01-31 08:24:59.546  7390  7424 D CompatibilityChangeReporter: Compat change id reported: 143937733; UID 10427; state: ENABLED
01-31 08:24:59.561  7390  7424 I ActivityManager: Start proc 4690:com.reddit.frontpage/u0a427 for service {com.reddit.frontpage/androidx.work.impl.background.systemjob.SystemJobService}
01-31 08:24:59.564  7390  8485 W AppOps  : Noting op not finished: uid 10173 pkg com.urbandroid.sleep code 79 startTime of in progress event=1675106696095
01-31 08:25:00.545  7390  9863 D CompatibilityChangeReporter: Compat change id reported: 149924527; UID 10210; state: ENABLED
01-31 08:25:00.545  7390  8485 D CompatibilityChangeReporter: Compat change id reported: 149924527; UID 10210; state: ENABLED
01-31 08:25:00.545  7390  9863 D CompatibilityChangeReporter: Compat change id reported: 132649864; UID 10210; state: DISABLED
01-31 08:25:00.546  7390  8485 D CompatibilityChangeReporter: Compat change id reported: 182734110; UID 10210; state: ENABLED
01-31 08:25:01.256  7390  7423 W BroadcastQueue: Background execution not allowed: receiving Intent { act=android.intent.action.DROPBOX_ENTRY_ADDED flg=0x10 (has extras) } to com.google.android.gms/.stats.service.DropBoxEntryAddedReceiver
01-31 08:25:01.256  7390  7423 W BroadcastQueue: Background execution not allowed: receiving Intent { act=android.intent.action.DROPBOX_ENTRY_ADDED flg=0x10 (has extras) } to com.google.android.gms/.chimera.GmsIntentOperationService$PersistentTrustedReceiver
01-31 08:25:01.622  7390  9230 I ActivityManager: Killing 2808:com.google.android.apps.photos/u0a116 (adj 985): empty #33
01-31 08:25:02.497  7390  8485 I ActivityManager: Killing 31088:com.android.providers.calendar/u0a49 (adj 985): empty #33
01-31 08:25:04.507  7390  7390 I ContentCaptureManagerService: Content capture data sharing session terminated successfully for package 'com.google.android.googlequicksearchbox'
01-31 08:25:05.283  7390  7390 I ContentCaptureManagerService: Content capture data sharing session terminated successfully for package 'com.google.android.googlequicksearchbox'
01-31 08:25:12.744  7578  8018 D PowerUI : can't show warning due to - plugged: true status unknown: false
01-31 08:25:32.539  7390  7422 I UsageStatsService: User[0] Flushing usage stats to disk
01-31 08:26:12.719  7578 11579 D PowerUI : can't show warning due to - plugged: true status unknown: false
01-31 08:26:57.393  7578 11802 D PowerUI : can't show warning due to - plugged: true status unknown: false
01-31 08:27:12.707  7578 12185 D PowerUI : can't show warning due to - plugged: true status unknown: false
01-31 08:27:15.022  7578 13008 D PowerUI : can't show warning due to - plugged: true status unknown: false
01-31 08:27:15.133  7390  7423 W BroadcastQueue: Background execution not allowed: receiving Intent { act=android.intent.action.ACTION_POWER_DISCONNECTED flg=0x4000010 (has extras) } to com.google.android.gms/.chimera.GmsIntentOperationService$PersistentTrustedReceiver
01-31 08:27:15.133  7390  7423 W BroadcastQueue: Background execution not allowed: receiving Intent { act=android.intent.action.ACTION_POWER_DISCONNECTED flg=0x4000010 (has extras) } to com.google.android.projection.gearhead/com.google.android.apps.auto.components.connectivity.impl.ConnectivityEventHandlerImpl$ConnectivityEventBroadcastReceiver
01-31 08:27:15.134  7390  7423 W BroadcastQueue: Background execution not allowed: receiving Intent { act=android.intent.action.ACTION_POWER_DISCONNECTED flg=0x4000010 (has extras) } to com.facebook.katana/com.facebook.battery.monitor.ContinuousBatteryMonitorService$BroadcastReceiver
01-31 08:27:15.135  7390  7423 D CompatibilityChangeReporter: Compat change id reported: 135634846; UID 10202; state: DISABLED
01-31 08:27:15.135  7390  7423 D CompatibilityChangeReporter: Compat change id reported: 177438394; UID 10202; state: DISABLED
01-31 08:27:15.135  7390  7423 D CompatibilityChangeReporter: Compat change id reported: 135772972; UID 10202; state: DISABLED
01-31 08:27:15.135  7390  7423 D CompatibilityChangeReporter: Compat change id reported: 135754954; UID 10202; state: DISABLED
01-31 08:27:15.136  7390  7424 D CompatibilityChangeReporter: Compat change id reported: 143937733; UID 10202; state: DISABLED
01-31 08:27:15.159  7390  7424 I ActivityManager: Start proc 4891:com.transactor.android.columbus/u0a202 for broadcast {com.transactor.android.columbus/org.altbeacon.beacon.startup.StartupBroadcastReceiver}
01-31 08:27:15.231  7390 10984 D CompatibilityChangeReporter: Compat change id reported: 168419799; UID 10202; state: DISABLED
01-31 08:27:15.233  7390  7473 I PowerManagerService: Powering on display group fromDozing (groupId=0, uid=1000, reason=WAKE_REASON_POWER_BUTTON, details=android.policy:POWER)...
01-31 08:27:15.233  7390  7473 I PowerManagerService: Waking up from Dozing (uid=1000, reason=WAKE_REASON_POWER_BUTTON, details=android.policy:POWER)...
01-31 08:27:15.234  7390  7408 D CompatibilityChangeReporter: Compat change id reported: 173031413; UID 1000; state: ENABLED
01-31 08:27:15.237  7390  7434 I DisplayPowerController[0]: Blocking screen on until initial contents have been drawn.
01-31 08:27:15.262  7390  7434 V DisplayPowerController[0]: Brightness [0.22245687] reason changing to: 'manual', previous reason: 'screen_off'.
01-31 08:27:15.271  7390  7410 I DisplayDeviceRepository: Display device changed state: "Built-in Screen", ON
01-31 08:27:15.355  7390  7430 I BatteryStatsImpl: Resetting battery stats: level=60 status=3 dischargeLevel=60 lowAmount=194 highAmount=205
01-31 08:27:15.368  7390  7390 I WindowManager: Suppressed redundant power key press while already in the process of turning the screen on.
01-31 08:27:15.385  7390  7434 V DisplayPowerController[0]: Brightness [0.21942468] reason changing to: 'automatic', previous reason: 'manual'.
01-31 08:27:15.443  7390  7434 I DisplayPowerController[0]: Unblocked screen on after 206 ms
01-31 08:27:15.558  7390  7434 W PowerManagerService: Screen on took 350 ms
01-31 08:27:15.558  7390  7434 I DreamManagerService: Gently waking up from dream.
01-31 08:27:15.558  7390  7407 I DreamManagerService: Performing gentle wake from dream.
01-31 08:27:15.622  7390  9856 W ActivityManager: Background start not allowed: service Intent { act=Orca.PERSISTENT_KICK_SKIP_PING cmp=com.facebook.katana/com.facebook.mqttlite.MqttService (has extras) } to com.facebook.katana/com.facebook.mqttlite.MqttService from pid=3859 uid=10318 pkg=com.facebook.katana startFg?=false
01-31 08:27:15.660  7390  7876 I DreamManagerService: Leaving dreamland.
01-31 08:27:15.674  7390  7407 I DreamManagerService: Performing gentle wake from dream.
01-31 08:27:15.674  7390  7407 I DreamController: Stopping dream: name=ComponentInfo{com.android.systemui/com.android.systemui.doze.DozeService}, isTest=false, canDoze=true, userId=0, reason='finished self'(from 'requested stopDream')
01-31 08:27:15.824  7390  9863 I SoundTriggerService: getModelState(): id = 9f6ad62a-1f0b-11e7-87c5-40a8f03d3f15
01-31 08:27:15.828  7390  7455 D CompatibilityChangeReporter: Compat change id reported: 171306433; UID 10495; state: ENABLED
01-31 08:27:15.852  7390  7390 V SoundTriggerService: 9f6ad62a-1f0b-11e7-87c5-40a8f03d3f15: Generic sound trigger event: GenericRecognitionEvent ::RecognitionEvent [status=3, soundModelHandle=81, captureAvailable=true, captureSession=936593, captureDelayMs=0, capturePreambleMs=0, triggerInData=false, sampleRate=16000, encoding=2, channelMask=16, data=17]
01-31 08:27:15.870  7390  7390 V SoundTriggerService: 9f6ad62a-1f0b-11e7-87c5-40a8f03d3f15: onServiceConnected(android.os.BinderProxy@2495b50)
01-31 08:27:15.871  7390  7390 V SoundTriggerService: 9f6ad62a-1f0b-11e7-87c5-40a8f03d3f15: runOp 0
01-31 08:27:15.877  7390  9863 D CompatibilityChangeReporter: Compat change id reported: 168419799; UID 10495; state: DISABLED
01-31 08:27:16.287  7390  9863 I ActivityManager: Process com.whatsapp (pid 1321) has died: cch+85 CEM 
01-31 08:27:16.362  7390 10601 V SoundTriggerService: 9f6ad62a-1f0b-11e7-87c5-40a8f03d3f15: destroy
01-31 08:27:16.372  7390  7870 I SoundTriggerService: loadGenericSoundModel(): id = 9f6ad62a-1f0b-11e7-87c5-40a8f03d3f15
01-31 08:27:16.409  7390  7870 I SoundTriggerService: loadGenericSoundModel(): id = 9f6ad62a-1f0b-11e7-87c5-40a8f03d3f15
01-31 08:27:16.409  7390  7870 W SoundTriggerHelper: Unload error: Attempting unload invalid generic model with id:9f6ad62a-1f0b-11e7-87c5-40a8f03d3f15
01-31 08:27:16.410  7390  7870 I SoundTriggerService: startRecognition(): id = 9f6ad62a-1f0b-11e7-87c5-40a8f03d3f15
01-31 08:27:16.448  7390  7870 I SoundTriggerHelper: startRecognition successful.
01-31 08:27:16.448  7390  7870 W SoundTriggerService: error onStart(): Model 9f6ad62a-1f0b-11e7-87c5-40a8f03d3f15 already started
01-31 08:27:16.449  7390  7870 I SoundTriggerService: deleteSoundModel(): id = 12caddb1-acdb-4dce-8cb0-2e95a2313aee
01-31 08:27:16.449  7390  7870 W SoundTriggerHelper: Unload error: Attempting unload invalid generic model with id:12caddb1-acdb-4dce-8cb0-2e95a2313aee
01-31 08:27:16.449  7390  7870 W SoundTriggerService: error onStop(): Model 12caddb1-acdb-4dce-8cb0-2e95a2313aee has no stats available
01-31 08:27:16.991  7390 10601 W BroadcastQueue: Skipping deliver [foreground] BroadcastRecord{2f51dc8 u-1 android.intent.action.SCREEN_ON} to ReceiverList{6d5c714 1321 com.whatsapp/10255/u0 remote:2028d67}: process gone or crashing
01-31 08:27:17.022  7390  7870 E PackageDexUsage: Unsupported context?
01-31 08:27:17.090  7390  7390 D CompatibilityChangeReporter: Compat change id reported: 175319604; UID 1000; state: ENABLED
01-31 08:27:17.092  7390  7390 D CompatibilityChangeReporter: Compat change id reported: 175319604; UID 10059; state: ENABLED
01-31 08:27:17.352  7390  8261 W BroadcastQueue: Background execution not allowed: receiving Intent { act=android.intent.action.ACTION_POWER_DISCONNECTED flg=0x4000010 (has extras) } to io.homeassistant.companion.android/org.altbeacon.beacon.startup.StartupBroadcastReceiver
01-31 08:27:31.565  7390  7390 V Biometrics/AcquisitionClient: Acquired: 7 0, shouldSend: true
01-31 08:27:31.842  7390  7390 V Biometrics/AcquisitionClient: Acquired: 0 0, shouldSend: true
01-31 08:27:31.849  7390  7390 V Biometrics/LoggableMonitor: Authentication latency: 284
01-31 08:27:31.849  7390  7390 V Biometrics/AuthenticationClient: onAuthenticated(true), ID:-590699657, Owner: com.android.systemui, isBP: false, listener: com.android.server.biometrics.sensors.ClientMonitorCallbackConverter@a4f3047, requireConfirmation: false, user: 0, clientMonitor: {[102] FingerprintAuthenticationClient, proto=3, owner=com.android.systemui, cookie=0, userId=0}
01-31 08:27:31.849  7390  7390 W Biometrics/AuthenticationClient: Allowing background authentication, this is allowed only for platform or test invocations
