01-31 10:48:18.497  7390  7390 D FingerprintUpdateActiveUserClient: Already user: 0, returning
01-31 10:48:18.498  7390  7390 D BiometricScheduler/Fingerprint21: [Added] {[124] FingerprintAuthenticationClient, proto=3, owner=com.android.systemui, cookie=0, userId=0}, new queue size: 1
01-31 10:48:18.498  7390  7390 V BiometricScheduler/Fingerprint21: Not idle, current operation: {[123] FingerprintUpdateActiveUserClient, proto=1, owner=android, cookie=0, userId=0}, State: 2
01-31 10:48:18.498  7390  7390 D BiometricScheduler/Fingerprint21: [Finishing] {[123] FingerprintUpdateActiveUserClient, proto=1, owner=android, cookie=0, userId=0}, success: true
01-31 10:48:18.498  7390  7390 D BiometricScheduler/Fingerprint21: [Polled] {[124] FingerprintAuthenticationClient, proto=3, owner=com.android.systemui, cookie=0, userId=0}, State: 0
01-31 10:48:18.498  7390  7390 D GestureAvailabilityTracker: Notifying gesture availability, active=false
01-31 10:48:18.498  7390  7390 D BiometricScheduler/Fingerprint21: [Starting] {[124] FingerprintAuthenticationClient, proto=3, owner=com.android.systemui, cookie=0, userId=0}, State: 0
01-31 10:48:18.498  7390  7390 D BiometricScheduler/Fingerprint21: [Started] {[124] FingerprintAuthenticationClient, proto=3, owner=com.android.systemui, cookie=0, userId=0}
01-31 10:48:18.498  7390  7390 D BiometricCoexCoordinator: addAuthenticationClient(OtherFp), client: {[124] FingerprintAuthenticationClient, proto=3, owner=com.android.systemui, cookie=0, userId=0}
01-31 10:48:18.498  7390  7390 D FingerprintService: Fps state updated from 0 to 2, client {[124] FingerprintAuthenticationClient, proto=3, owner=com.android.systemui, cookie=0, userId=0}
01-31 10:48:18.498  7390  7390 D Biometrics/AuthenticationClient: Requesting auth for com.android.systemui
01-31 10:48:18.569  7390  7449 I ActivityManager: Process com.google.android.gm (pid 19584) has died: cch+65 CEM 
01-31 10:48:18.622  7390  8485 I ActivityManager: Process com.google.android.gms.unstable (pid 20642) has died: cch+5 CEM 
01-31 10:48:18.674  7390  7449 I ActivityManager: Process com.alibaba.aliexpresshd:channel (pid 21119) has died: cch+55 CEM 
01-31 10:48:19.042  7390  7434 I DisplayPowerController[0]: Blocking screen off
01-31 10:48:19.042  7390  7434 I DisplayPowerController[0]: Unblocked screen off after 0 ms
01-31 10:48:19.062  7390  7434 D ActivityTaskManager: Top Process State changed to PROCESS_STATE_TOP_SLEEPING
01-31 10:48:19.072  7390  7430 E KernelCpuUidUserSysTimeReader: Negative user/sys time delta for UID=99095
01-31 10:48:19.072  7390  7430 E KernelCpuUidUserSysTimeReader: Prev times: u=84000 s=154000 Curr times: u=54000 s=84000
01-31 10:48:19.093  7390  7434 V DisplayPowerController[0]: Brightness [0.0] reason changing to: 'screen_off', previous reason: 'automatic'.
01-31 10:48:19.094  7390  7410 I DisplayDeviceRepository: Display device changed state: "Built-in Screen", OFF
01-31 10:48:19.236  7390  7434 I DreamManagerService: Entering dreamland.
01-31 10:48:19.237  7390  7434 I PowerManagerService: Dozing...
01-31 10:48:19.237  7390  7407 I DreamController: Starting dream: name=ComponentInfo{com.android.systemui/com.android.systemui.doze.DozeService}, isTest=false, canDoze=true, userId=0
01-31 10:48:19.329  7390  7870 I ActivityManager: Process com.google.android.webview:webview_service (pid 21545) has died: cch+55 CEM 
01-31 10:48:19.359  7390  8261 I ActivityManager: Process com.google.android.flipendo (pid 20795) has died: cch+85 CEM 
01-31 10:48:19.393  7390 10601 I ActivityManager: Process com.urbandroid.sleep (pid 14017) has died: cch+85 CEM 
01-31 10:48:19.433  7390  8219 I ActivityManager: Process com.google.android.turboadapter (pid 21921) has died: cch+75 CEM 
01-31 10:48:19.471  7390  7876 I ActivityManager: Process com.google.android.apps.maps (pid 21017) has died: cch+65 CEM 
01-31 10:48:20.017  7390  7876 E AppOps  : Operation not started: uid=10075 pkg=com.google.android.apps.messaging(null) op=WAKE_LOCK
01-31 10:48:20.143  7390  7870 I ActivityManager: Process com.Slack (pid 22075) has died: cch+55 CEM 
01-31 10:48:20.706  7390  8485 W BroadcastQueue: Skipping deliver [foreground] BroadcastRecord{d1cd8c4 u-1 android.intent.action.SCREEN_OFF} to ReceiverList{abd7d16 22075 com.Slack/10223/u0 remote:3f33231}: process gone or crashing
01-31 10:48:20.929  7390  7870 D CompatibilityChangeReporter: Compat change id reported: 135634846; UID 10025; state: DISABLED
01-31 10:48:20.929  7390  7870 D CompatibilityChangeReporter: Compat change id reported: 177438394; UID 10025; state: DISABLED
01-31 10:48:20.929  7390  7870 D CompatibilityChangeReporter: Compat change id reported: 135772972; UID 10025; state: DISABLED
01-31 10:48:20.929  7390  7870 D CompatibilityChangeReporter: Compat change id reported: 135754954; UID 10025; state: ENABLED
01-31 10:48:20.930  7390  7424 D CompatibilityChangeReporter: Compat change id reported: 143937733; UID 10025; state: ENABLED
01-31 10:48:20.942  7390  7424 I ActivityManager: Start proc 22726:com.google.process.gapps/u0a25 for content provider {com.google.android.gsf/com.google.android.gsf.settings.GoogleSettingsProvider}
01-31 10:48:21.290  7390  7390 W NotificationHistory: Attempted to add notif for locked/gone/disabled user 0
01-31 10:48:22.321  7390  7870 D CompatibilityChangeReporter: Compat change id reported: 171306433; UID 10318; state: ENABLED
01-31 10:48:22.347  7390  8485 D CompatibilityChangeReporter: Compat change id reported: 177438394; UID 10092; state: DISABLED
01-31 10:48:22.347  7390  8485 D CompatibilityChangeReporter: Compat change id reported: 135772972; UID 10092; state: DISABLED
01-31 10:48:22.347  7390  8485 D CompatibilityChangeReporter: Compat change id reported: 135754954; UID 10092; state: ENABLED
01-31 10:48:22.347  7390  7424 D CompatibilityChangeReporter: Compat change id reported: 143937733; UID 10092; state: ENABLED
01-31 10:48:22.362  7390  7424 I ActivityManager: Start proc 22784:com.google.android.gm/u0a92 for broadcast {com.google.android.gm/com.google.firebase.iid.FirebaseInstanceIdReceiver}
01-31 10:48:22.412  7390  8485 D CompatibilityChangeReporter: Compat change id reported: 168419799; UID 10318; state: DISABLED
01-31 10:48:22.540  7390 10681 I ActivityManager: Process android.process.media (pid 22212) has died: cch+45 CEM 
01-31 10:48:22.586  7390 10681 I ActivityManager: Process com.snapchat.android (pid 22074) has died: cch+25 CEM 
01-31 10:48:22.754  7390  8482 I ActivityManager: Process com.instagram.android (pid 21990) has died: cch+55 CEM 
01-31 10:48:22.760  7390  8482 W ActivityManager: Background start not allowed: service Intent { act=Orca.START cmp=com.facebook.katana/com.facebook.mqttlite.MqttService (has extras) } to com.facebook.katana/com.facebook.mqttlite.MqttService from pid=22296 uid=10318 pkg=com.facebook.katana startFg?=false
01-31 10:48:22.779  7390  8482 E AppOps  : Operation not started: uid=10075 pkg=com.google.android.apps.messaging(null) op=WAKE_LOCK
01-31 10:48:22.822  7390 10626 I ActivityManager: Process com.instagram.android:mqtt (pid 22484) has died: cch+65 CEM 
01-31 10:48:22.920  7390 10626 I ActivityManager: com.android.vending is exempt from freezer
01-31 10:48:22.921  7390 10626 D CompatibilityChangeReporter: Compat change id reported: 135634846; UID 10053; state: DISABLED
01-31 10:48:22.921  7390 10626 D CompatibilityChangeReporter: Compat change id reported: 177438394; UID 10053; state: DISABLED
01-31 10:48:22.921  7390 10626 D CompatibilityChangeReporter: Compat change id reported: 135772972; UID 10053; state: DISABLED
01-31 10:48:22.921  7390 10626 D CompatibilityChangeReporter: Compat change id reported: 135754954; UID 10053; state: ENABLED
01-31 10:48:22.921  7390  7424 D CompatibilityChangeReporter: Compat change id reported: 143937733; UID 10053; state: ENABLED
01-31 10:48:22.932  7390  7424 I ActivityManager: Start proc 22814:com.android.vending:background/u0a53 for service {com.android.vending/com.google.android.finsky.ipcservers.background.BackgroundGrpcServerAndroidService}
01-31 10:48:22.965  7390  8482 D CompatibilityChangeReporter: Compat change id reported: 168419799; UID 10053; state: DISABLED
01-31 10:48:23.084  7390 10626 I ActivityManager: Process com.samsung.android.oneconnect:cast (pid 14688) has died: cch+55 CEM 
01-31 10:48:23.325  7390  7422 W NotificationHistory: Attempted to remove conversation for locked/gone/disabled user 0
01-31 10:48:23.414  7390  9228 E ShortcutService: Invalid icon type in shortcut 9;0;0;QnC5uhxAfF0=. Bitmaps are not allowed in long-lived shortcuts. Use Resource icons, or Uri-based icons instead.
01-31 10:48:23.705  7390  8219 D CompatibilityChangeReporter: Compat change id reported: 171306433; UID 10025; state: ENABLED
01-31 10:48:24.142  7390  7600 W BroadcastQueue: Background execution not allowed: receiving Intent { act=android.intent.action.USER_PRESENT flg=0x24200010 } to com.android.chrome/org.chromium.chrome.browser.sharing.click_to_call.ClickToCallMessageHandler$PhoneUnlockedReceiver
01-31 10:48:24.144  7390  7423 W BroadcastQueue: Background execution not allowed: receiving Intent { act=android.intent.action.USER_PRESENT flg=0x24200010 } to com.google.android.gms/.auth.setup.devicesignals.LockScreenReceiver
01-31 10:48:24.144  7390  7423 W BroadcastQueue: Background execution not allowed: receiving Intent { act=android.intent.action.USER_PRESENT flg=0x24200010 } to com.google.android.gms/.chimera.GmsIntentOperationService$PersistentTrustedReceiver
01-31 10:48:24.144  7390  7423 W BroadcastQueue: Background execution not allowed: receiving Intent { act=android.intent.action.USER_PRESENT flg=0x24200010 } to com.alibaba.aliexpresshd/.receiver.SystemBroadcastReceiver
01-31 10:48:24.144  7390  7423 W BroadcastQueue: Background execution not allowed: receiving Intent { act=android.intent.action.USER_PRESENT flg=0x24200010 } to com.alibaba.aliexpresshd/com.taobao.accs.EventReceiver
01-31 10:48:24.144  7390  7423 W BroadcastQueue: Background execution not allowed: receiving Intent { act=android.intent.action.USER_PRESENT flg=0x24200010 } to com.instagram.android/com.instagram.push.FbnsInitBroadcastReceiver
01-31 10:48:24.157  7390  7600 W BroadcastQueue: Background execution not allowed: receiving Intent { act=android.intent.action.DROPBOX_ENTRY_ADDED flg=0x10 (has extras) } to com.google.android.gms/.stats.service.DropBoxEntryAddedReceiver
01-31 10:48:24.160  7390  7423 W BroadcastQueue: Background execution not allowed: receiving Intent { act=android.intent.action.DROPBOX_ENTRY_ADDED flg=0x10 (has extras) } to com.google.android.gms/.chimera.GmsIntentOperationService$PersistentTrustedReceiver
01-31 10:48:24.161  7390  7423 D CompatibilityChangeReporter: Compat change id reported: 135634846; UID 10173; state: DISABLED
01-31 10:48:24.161  7390  7423 D CompatibilityChangeReporter: Compat change id reported: 177438394; UID 10173; state: DISABLED
01-31 10:48:24.162  7390  7423 D CompatibilityChangeReporter: Compat change id reported: 135772972; UID 10173; state: DISABLED
01-31 10:48:24.162  7390  7423 D CompatibilityChangeReporter: Compat change id reported: 135754954; UID 10173; state: ENABLED
01-31 10:48:24.162  7390  7424 D CompatibilityChangeReporter: Compat change id reported: 143937733; UID 10173; state: ENABLED
01-31 10:48:24.171  7390  7424 I ActivityManager: Start proc 22933:com.urbandroid.sleep/u0a173 for broadcast {com.urbandroid.sleep/com.urbandroid.sleep.activityrecognition.SleepSegmentsUpdateReceiver}
01-31 10:48:24.348  7390 10626 I ActivityManager: Process com.google.android.permissioncontroller (pid 22051) has died: cch+45 CEM 
01-31 10:48:24.392  7390 10626 E AppOps  : Operation not started: uid=10075 pkg=com.google.android.apps.messaging(null) op=WAKE_LOCK
01-31 10:48:24.578  7390  7423 D CompatibilityChangeReporter: Compat change id reported: 135634846; UID 10228; state: DISABLED
01-31 10:48:24.578  7390  7423 D CompatibilityChangeReporter: Compat change id reported: 177438394; UID 10228; state: DISABLED
01-31 10:48:24.578  7390  7423 D CompatibilityChangeReporter: Compat change id reported: 135772972; UID 10228; state: DISABLED
01-31 10:48:24.578  7390  7423 D CompatibilityChangeReporter: Compat change id reported: 135754954; UID 10228; state: ENABLED
01-31 10:48:24.578  7390  7424 D CompatibilityChangeReporter: Compat change id reported: 143937733; UID 10228; state: ENABLED
01-31 10:48:24.590  7390  7424 I ActivityManager: Start proc 22988:com.snapchat.android/u0a228 for broadcast {com.snapchat.android/com.google.firebase.iid.FirebaseInstanceIdReceiver}
01-31 10:48:24.619  7390 10626 D CompatibilityChangeReporter: Compat change id reported: 168419799; UID 10228; state: DISABLED
01-31 10:48:25.032  7390  9228 I ActivityManager: Process com.facebook.katana (pid 22296) has died: cch+45 CEM 
01-31 10:48:25.251  7390  8485 W AppOps  : Noting op not finished: uid 10173 pkg com.urbandroid.sleep code 79 startTime of in progress event=1675115305239
01-31 10:48:25.266  7390  9192 W AppOps  : Noting op not finished: uid 10173 pkg com.urbandroid.sleep code 79 startTime of in progress event=1675115305262
01-31 10:48:25.269  7390  8485 W AppOps  : Noting op not finished: uid 10173 pkg com.urbandroid.sleep code 79 startTime of in progress event=1675115305262
01-31 10:48:25.272  7390  8485 W AppOps  : Noting op not finished: uid 10025 pkg com.google.android.gms code 113 startTime of in progress event=1675115280513
01-31 10:48:25.280  7390  8485 W AppOps  : Noting op not finished: uid 10126 pkg com.google.android.apps.maps code 79 startTime of in progress event=1675115288296
01-31 10:48:25.284  7390  7874 W AppOps  : Noting op not finished: uid 10346 pkg com.google.android.gms.location.history code 79 startTime of in progress event=1675037432798
01-31 10:48:25.288  7390  8485 W AppOps  : Noting op not finished: uid 10025 pkg com.google.android.gms code 113 startTime of in progress event=1675115280513
01-31 10:48:25.303  7390  9192 W AppOps  : Noting op not finished: uid 10173 pkg com.urbandroid.sleep code 79 startTime of in progress event=1675115305262
01-31 10:48:25.308  7390  8485 W AppOps  : Noting op not finished: uid 10025 pkg com.google.android.gms code 113 startTime of in progress event=1675115280513
01-31 10:48:25.318  7390  7874 W AppOps  : Noting op not finished: uid 10126 pkg com.google.android.apps.maps code 79 startTime of in progress event=1675115288296
01-31 10:48:25.323  7390  9192 W AppOps  : Noting op not finished: uid 10346 pkg com.google.android.gms.location.history code 79 startTime of in progress event=1675037432798
01-31 10:48:25.328  7390  9228 W AppOps  : Noting op not finished: uid 10025 pkg com.google.android.gms code 113 startTime of in progress event=1675115280513
01-31 10:48:25.368  7390  9228 D CompatibilityChangeReporter: Compat change id reported: 177438394; UID 10126; state: DISABLED
01-31 10:48:25.368  7390  9228 D CompatibilityChangeReporter: Compat change id reported: 135772972; UID 10126; state: DISABLED
01-31 10:48:25.368  7390  9228 D CompatibilityChangeReporter: Compat change id reported: 135754954; UID 10126; state: ENABLED
01-31 10:48:25.368  7390  7424 D CompatibilityChangeReporter: Compat change id reported: 143937733; UID 10126; state: ENABLED
01-31 10:48:25.378  7390  7424 I ActivityManager: Start proc 23062:com.google.android.apps.maps/u0a126 for broadcast {com.google.android.apps.maps/com.google.android.apps.gmm.locationsharing.reporting.ActivityRecognitionBroadcastReceiver}
01-31 10:48:25.608  7390  8485 E AppOps  : Operation not started: uid=10075 pkg=com.google.android.apps.messaging(null) op=WAKE_LOCK
01-31 10:48:25.619  7390  8485 I ActivityManager: Process com.google.process.gapps (pid 22726) has died: cch+35 CEM 
01-31 10:48:25.662  7390  8485 I ActivityManager: Process com.google.vr.vrcore (pid 18836) has died: cch+40 CACC
01-31 10:48:25.663  7390  8485 W ActivityManager: Scheduling restart of crashed service com.google.vr.vrcore/.common.VrCoreSdkService in 1000ms for connection
01-31 10:48:25.676  7390  7665 D CompatibilityChangeReporter: Compat change id reported: 183164979; UID 10228; state: ENABLED
01-31 10:48:25.840  7390  7665 I ActivityManager: Process com.android.vending:background (pid 22814) has died: cch+35 CEM 
01-31 10:48:25.841  7390  7665 W ActivityManager: Scheduling restart of crashed service com.android.vending/com.google.android.finsky.ipcservers.background.BackgroundGrpcServerAndroidService in 10822ms for connection
01-31 10:48:26.664  7390  7423 D CompatibilityChangeReporter: Compat change id reported: 135634846; UID 10121; state: DISABLED
01-31 10:48:26.664  7390  7423 D CompatibilityChangeReporter: Compat change id reported: 177438394; UID 10121; state: DISABLED
01-31 10:48:26.665  7390  7423 D CompatibilityChangeReporter: Compat change id reported: 135772972; UID 10121; state: DISABLED
01-31 10:48:26.665  7390  7423 D CompatibilityChangeReporter: Compat change id reported: 135754954; UID 10121; state: DISABLED
01-31 10:48:26.665  7390  7424 D CompatibilityChangeReporter: Compat change id reported: 143937733; UID 10121; state: DISABLED
01-31 10:48:26.676  7390  7424 I ActivityManager: Start proc 23170:com.google.vr.vrcore/u0a121 for service {com.google.vr.vrcore/com.google.vr.vrcore.common.VrCoreSdkService}
01-31 10:48:26.721  7390  9865 D CompatibilityChangeReporter: Compat change id reported: 135634846; UID 10025; state: DISABLED
01-31 10:48:26.721  7390  9865 D CompatibilityChangeReporter: Compat change id reported: 177438394; UID 10025; state: DISABLED
01-31 10:48:26.721  7390  9865 D CompatibilityChangeReporter: Compat change id reported: 135772972; UID 10025; state: DISABLED
01-31 10:48:26.721  7390  9865 D CompatibilityChangeReporter: Compat change id reported: 135754954; UID 10025; state: ENABLED
01-31 10:48:26.721  7390  7424 D CompatibilityChangeReporter: Compat change id reported: 143937733; UID 10025; state: ENABLED
01-31 10:48:26.737  7390  7424 I ActivityManager: Start proc 23186:com.google.process.gapps/u0a25 for content provider {com.google.android.gsf/com.google.android.gsf.settings.GoogleSettingsProvider}
01-31 10:48:26.947  7390  9228 W AppOps  : Noting op not finished: uid 10126 pkg com.google.android.apps.maps code 79 startTime of in progress event=1675115306942
01-31 10:48:27.095  7390  7408 D CompatibilityChangeReporter: Compat change id reported: 171306433; UID 10126; state: ENABLED
01-31 10:48:27.403  7390  7665 W ActivityManager: Background start not allowed: service Intent { cmp=com.google.vr.vrcore/.common.VrCoreSdkService } to com.google.vr.vrcore/.common.VrCoreSdkService from pid=23170 uid=10121 pkg=com.google.vr.vrcore startFg?=false
01-31 10:48:27.942  7390  7874 I PowerManagerService: Powering on display group fromDozing (groupId=0, uid=10228, reason=WAKE_REASON_APPLICATION, details=snapchat:screenwaker)...
01-31 10:48:27.942  7390  7874 I PowerManagerService: Waking up from Dozing (uid=10228, reason=WAKE_REASON_APPLICATION, details=snapchat:screenwaker)...
01-31 10:48:27.965  7390  7434 I DisplayPowerController[0]: Blocking screen on until initial contents have been drawn.
01-31 10:48:27.999  7390  7434 V DisplayPowerController[0]: Brightness [0.24423644] reason changing to: 'manual', previous reason: 'screen_off'.
01-31 10:48:28.003  7390  7410 I DisplayDeviceRepository: Display device changed state: "Built-in Screen", ON
01-31 10:48:28.108  7390  7434 V DisplayPowerController[0]: Brightness [0.24430658] reason changing to: 'automatic', previous reason: 'manual'.
01-31 10:48:28.154  7390  7434 I DisplayPowerController[0]: Unblocked screen on after 189 ms
01-31 10:48:28.185  7390  7874 I SoundTriggerService: getModelState(): id = 9f6ad62a-1f0b-11e7-87c5-40a8f03d3f15
01-31 10:48:28.234  7390  9863 D CompatibilityChangeReporter: Compat change id reported: 135634846; UID 10495; state: DISABLED
01-31 10:48:28.235  7390  9863 D CompatibilityChangeReporter: Compat change id reported: 177438394; UID 10495; state: DISABLED
01-31 10:48:28.235  7390  9863 D CompatibilityChangeReporter: Compat change id reported: 135772972; UID 10495; state: DISABLED
01-31 10:48:28.235  7390  9863 D CompatibilityChangeReporter: Compat change id reported: 135754954; UID 10495; state: ENABLED
01-31 10:48:28.235  7390  7424 D CompatibilityChangeReporter: Compat change id reported: 143937733; UID 10495; state: ENABLED
01-31 10:48:28.240  7390  7390 V SoundTriggerService: 9f6ad62a-1f0b-11e7-87c5-40a8f03d3f15: Generic sound trigger event: GenericRecognitionEvent ::RecognitionEvent [status=3, soundModelHandle=101, captureAvailable=true, captureSession=937297, captureDelayMs=0, capturePreambleMs=0, triggerInData=false, sampleRate=16000, encoding=2, channelMask=16, data=12]
01-31 10:48:28.246  7390  7424 I ActivityManager: Start proc 23278:com.samsung.android.oneconnect:cast/u0a495 for service {com.samsung.android.oneconnect/com.samsung.android.oneconnect.servicemodel.continuity.cast.CastMediaRouteProviderService}
01-31 10:48:28.260  7390  7390 V SoundTriggerService: 9f6ad62a-1f0b-11e7-87c5-40a8f03d3f15: onServiceConnected(android.os.BinderProxy@422adfa)
01-31 10:48:28.261  7390  7390 V SoundTriggerService: 9f6ad62a-1f0b-11e7-87c5-40a8f03d3f15: runOp 0
01-31 10:48:28.277  7390  7485 D CompatibilityChangeReporter: Compat change id reported: 171306433; UID 10495; state: ENABLED
01-31 10:48:28.279  7390  7434 W PowerManagerService: Screen on took 337 ms
01-31 10:48:28.279  7390  7434 I DreamManagerService: Gently waking up from dream.
01-31 10:48:28.279  7390  7407 I DreamManagerService: Performing gentle wake from dream.
01-31 10:48:28.346  7390  9192 I DreamManagerService: Leaving dreamland.
01-31 10:48:28.346  7390  7407 I DreamManagerService: Performing gentle wake from dream.
01-31 10:48:28.346  7390  7407 I DreamController: Stopping dream: name=ComponentInfo{com.android.systemui/com.android.systemui.doze.DozeService}, isTest=false, canDoze=true, userId=0, reason='finished self'(from 'requested stopDream')
01-31 10:48:28.366  7390  9865 W ContextImpl: Calling a method in the system process without a qualified user: android.app.ContextImpl.sendBroadcastMultiplePermissions:1256 com.android.server.TelephonyRegistry.broadcastServiceStateChanged:2870 com.android.server.TelephonyRegistry.notifyServiceStateForPhoneId:1608 com.android.internal.telephony.ITelephonyRegistry$Stub.onTransact:455 android.os.Binder.execTransactInternal:1184 
01-31 10:48:28.366  7390  7423 W BroadcastQueue: Permission Denial: receiving Intent { act=android.intent.action.SERVICE_STATE flg=0x1000010 (has extras) } to ProcessRecord{c9233a0 7578:com.android.systemui/u0a54} (pid=7578, uid=10054) requires android.permission.READ_PHONE_STATE due to sender android (uid 1001)
01-31 10:48:28.369  7390  7423 W BroadcastQueue: Permission Denial: receiving Intent { act=android.intent.action.SERVICE_STATE flg=0x1000010 (has extras) } to ProcessRecord{73f2d9e 8671:com.google.android.wearable.app:background/u0a393} (pid=8671, uid=10393) requires android.permission.READ_PRIVILEGED_PHONE_STATE due to sender android (uid 1001)
01-31 10:48:28.427  7390  9192 W ContextImpl: Calling a method in the system process without a qualified user: android.app.ContextImpl.sendBroadcastMultiplePermissions:1256 com.android.server.TelephonyRegistry.broadcastServiceStateChanged:2870 com.android.server.TelephonyRegistry.notifyServiceStateForPhoneId:1608 com.android.internal.telephony.ITelephonyRegistry$Stub.onTransact:455 android.os.Binder.execTransactInternal:1184 
01-31 10:48:28.427  7390  7423 W BroadcastQueue: Permission Denial: receiving Intent { act=android.intent.action.SERVICE_STATE flg=0x1000010 (has extras) } to ProcessRecord{c9233a0 7578:com.android.systemui/u0a54} (pid=7578, uid=10054) requires android.permission.READ_PHONE_STATE due to sender android (uid 1001)
01-31 10:48:28.428  7390  7423 W BroadcastQueue: Permission Denial: receiving Intent { act=android.intent.action.SERVICE_STATE flg=0x1000010 (has extras) } to ProcessRecord{73f2d9e 8671:com.google.android.wearable.app:background/u0a393} (pid=8671, uid=10393) requires android.permission.READ_PRIVILEGED_PHONE_STATE due to sender android (uid 1001)
01-31 10:48:28.473  7390  9192 I ActivityManager: Process com.android.vending (pid 22584) has died: cch+35 CEM 
01-31 10:48:28.539  7390  9192 I ActivityManager: Process com.urbandroid.sleep (pid 22933) has died: cch+25 CEM 
01-31 10:48:28.540  7390  7485 D CompatibilityChangeReporter: Compat change id reported: 171306433; UID 10173; state: ENABLED
01-31 10:48:28.650  7390  9192 D CompatibilityChangeReporter: Compat change id reported: 135634846; UID 10495; state: DISABLED
01-31 10:48:28.650  7390  9192 D CompatibilityChangeReporter: Compat change id reported: 177438394; UID 10495; state: DISABLED
01-31 10:48:28.650  7390  9192 D CompatibilityChangeReporter: Compat change id reported: 135772972; UID 10495; state: DISABLED
01-31 10:48:28.651  7390  9192 D CompatibilityChangeReporter: Compat change id reported: 135754954; UID 10495; state: ENABLED
01-31 10:48:28.651  7390  7424 D CompatibilityChangeReporter: Compat change id reported: 143937733; UID 10495; state: ENABLED
01-31 10:48:28.661  7390  7424 I ActivityManager: Start proc 23316:com.samsung.android.oneconnect:Core/u0a495 for content provider {com.samsung.android.oneconnect/com.samsung.android.oneconnect.base.settings.InternalSettingsProvider}
01-31 10:48:28.756  7390 10983 I ActivityManager: Process com.google.process.gapps (pid 23186) has died: cch+15 CEM 
01-31 10:48:28.773  7390 10983 I ActivityManager: Process com.android.chrome:sandboxed_process0:org.chromium.content.app.SandboxedProcessService0:28 (pid 19681) has died: cch+10 CACC
01-31 10:48:28.774  7390 10983 W ActivityManager: Scheduling restart of crashed service com.android.chrome/org.chromium.content.app.SandboxedProcessService0:28 in 1000ms for connection
01-31 10:48:28.790  7390  9192 I ActivityManager: Process com.google.vr.vrcore (pid 23170) has died: cch+10 CACC
01-31 10:48:28.794  7390  9192 W ActivityManager: Scheduling restart of crashed service com.google.vr.vrcore/.common.VrCoreSdkService in 10979ms for connection
01-31 10:48:28.840  7390  7404 V SoundTriggerService: 9f6ad62a-1f0b-11e7-87c5-40a8f03d3f15: destroy
01-31 10:48:28.842  7390  7404 I SoundTriggerService: startRecognition(): id = 9f6ad62a-1f0b-11e7-87c5-40a8f03d3f15
01-31 10:48:28.842  7390  7404 W SoundTriggerHelper: Canceling previous recognition for model id: 9f6ad62a-1f0b-11e7-87c5-40a8f03d3f15
01-31 10:48:28.843  7390  7404 V SoundTriggerService: 9f6ad62a-1f0b-11e7-87c5-40a8f03d3f15: onError: -2147483648
01-31 10:48:28.843  7390  7404 W SoundTriggerService: 9f6ad62a-1f0b-11e7-87c5-40a8f03d3f15: Dropped operation as already destroyed or marked for destruction
01-31 10:48:28.846  7390  9192 I ActivityManager: Process com.google.android.apps.maps (pid 23062) has died: cch+5 CEM 
01-31 10:48:28.874  7390  7404 I SoundTriggerHelper: startRecognition successful.
01-31 10:48:28.874  7390  7404 W SoundTriggerService: error onStart(): Model 9f6ad62a-1f0b-11e7-87c5-40a8f03d3f15 already started
01-31 10:48:28.875  7390  7404 I SoundTriggerService: deleteSoundModel(): id = 12caddb1-acdb-4dce-8cb0-2e95a2313aee
01-31 10:48:28.875  7390  7404 W SoundTriggerHelper: Unload error: Attempting unload invalid generic model with id:12caddb1-acdb-4dce-8cb0-2e95a2313aee
01-31 10:48:28.875  7390  7404 W SoundTriggerService: error onStop(): Model 12caddb1-acdb-4dce-8cb0-2e95a2313aee has no stats available
01-31 10:48:28.892  7390  7404 D CompatibilityChangeReporter: Compat change id reported: 135634846; UID 10025; state: DISABLED
01-31 10:48:28.893  7390  7404 D CompatibilityChangeReporter: Compat change id reported: 177438394; UID 10025; state: DISABLED
01-31 10:48:28.893  7390  7404 D CompatibilityChangeReporter: Compat change id reported: 135772972; UID 10025; state: DISABLED
01-31 10:48:28.893  7390  7404 D CompatibilityChangeReporter: Compat change id reported: 135754954; UID 10025; state: ENABLED
01-31 10:48:28.893  7390  7424 D CompatibilityChangeReporter: Compat change id reported: 143937733; UID 10025; state: ENABLED
01-31 10:48:28.899  7390  7424 I ActivityManager: Start proc 23397:com.google.process.gapps/u0a25 for content provider {com.google.android.gsf/com.google.android.gsf.settings.GoogleSettingsProvider}
01-31 10:48:28.945  7390  8219 E AppOps  : Operation not started: uid=10075 pkg=com.google.android.apps.messaging(null) op=WAKE_LOCK
01-31 10:48:29.202  7390  8219 I ContentCaptureManagerService: Data share request accepted by Content Capture service
01-31 10:48:29.794  7390  8219 D CompatibilityChangeReporter: Compat change id reported: 135634846; UID 10110; state: DISABLED
01-31 10:48:29.795  7390  7424 D CompatibilityChangeReporter: Compat change id reported: 143937733; UID 10110; state: ENABLED
01-31 10:48:29.815  7390  7424 I ActivityManager: Start proc 23437:com.android.chrome:privileged_process4/u0a110 for service {com.android.chrome/org.chromium.content.app.PrivilegedProcessService4}
01-31 10:48:29.824  7390  7404 W BroadcastQueue: Permission Denial: receiving Intent { act=android.intent.action.SERVICE_STATE flg=0x1000010 (has extras) } to com.google.android.cellbroadcastreceiver/com.android.cellbroadcastreceiver.CellBroadcastReceiver requires android.permission.READ_PHONE_STATE due to sender android (uid 1001)
01-31 10:48:29.827  7390  7423 W BroadcastQueue: Permission Denial: receiving Intent { act=android.intent.action.SERVICE_STATE flg=0x1000010 (has extras) } to com.google.android.cellbroadcastreceiver/com.android.cellbroadcastreceiver.CellBroadcastReceiver requires android.permission.READ_PHONE_STATE due to sender android (uid 1001)
01-31 10:48:29.872  7390  7390 W NotificationHistory: Attempted to add notif for locked/gone/disabled user 0
01-31 10:48:29.909  7390  9192 D CompatibilityChangeReporter: Compat change id reported: 168419799; UID 10110; state: DISABLED
01-31 10:48:30.092  7390  7423 D CompatibilityChangeReporter: Compat change id reported: 168419799; UID 10228; state: DISABLED
01-31 10:48:30.274  7390  7404 I ContentCaptureManagerService: Data share request accepted by Content Capture service
01-31 10:48:30.512  7390  7390 W NotificationHistory: Attempted to add notif for locked/gone/disabled user 0
01-31 10:48:30.531  7390  7390 W NotificationHistory: Attempted to add notif for locked/gone/disabled user 0
01-31 10:48:30.633  7390  7390 W NotificationHistory: Attempted to add notif for locked/gone/disabled user 0
01-31 10:48:39.153  7390  7390 I ContentCaptureManagerService: Content capture data sharing session terminated successfully for package 'com.google.android.googlequicksearchbox'
01-31 10:48:39.222  7390  7390 I ContentCaptureManagerService: Content capture data sharing session terminated successfully for package 'com.google.android.googlequicksearchbox'
01-31 10:48:39.223  7390  7390 I ContentCaptureManagerService: Content capture data sharing session terminated successfully for package 'com.google.android.googlequicksearchbox'
01-31 10:48:39.223  7390  7390 I ContentCaptureManagerService: Content capture data sharing session terminated successfully for package 'com.google.android.googlequicksearchbox'
01-31 10:48:39.229  7390  7390 I ContentCaptureManagerService: Content capture data sharing session terminated successfully for package 'com.google.android.googlequicksearchbox'
01-31 10:48:39.232  7390  7390 I ContentCaptureManagerService: Content capture data sharing session terminated successfully for package 'com.google.android.googlequicksearchbox'
01-31 10:48:39.234  7390  7390 I ContentCaptureManagerService: Content capture data sharing session terminated successfully for package 'com.google.android.googlequicksearchbox'
01-31 10:48:39.237  7390  7390 I ContentCaptureManagerService: Content capture data sharing session terminated successfully for package 'com.google.android.googlequicksearchbox'
01-31 10:48:39.240  7390  7390 I ContentCaptureManagerService: Content capture data sharing session terminated successfully for package 'com.google.android.googlequicksearchbox'
01-31 10:48:39.243  7390  7390 I ContentCaptureManagerService: Content capture data sharing session terminated successfully for package 'com.google.android.googlequicksearchbox'
01-31 10:48:39.777  7390  7423 D CompatibilityChangeReporter: Compat change id reported: 135634846; UID 10121; state: DISABLED
01-31 10:48:39.777  7390  7423 D CompatibilityChangeReporter: Compat change id reported: 177438394; UID 10121; state: DISABLED
01-31 10:48:39.777  7390  7423 D CompatibilityChangeReporter: Compat change id reported: 135772972; UID 10121; state: DISABLED
01-31 10:48:39.777  7390  7423 D CompatibilityChangeReporter: Compat change id reported: 135754954; UID 10121; state: DISABLED
01-31 10:48:39.777  7390  7424 D CompatibilityChangeReporter: Compat change id reported: 143937733; UID 10121; state: DISABLED
01-31 10:48:39.791  7390  7424 I ActivityManager: Start proc 23501:com.google.vr.vrcore/u0a121 for service {com.google.vr.vrcore/com.google.vr.vrcore.common.VrCoreSdkService}
01-31 10:48:39.843  7390  9230 D CompatibilityChangeReporter: Compat change id reported: 168419799; UID 10121; state: DISABLED
01-31 10:48:40.056  7390 10984 W ActivityManager: Background start not allowed: service Intent { cmp=com.google.vr.vrcore/.common.VrCoreSdkService } to com.google.vr.vrcore/.common.VrCoreSdkService from pid=23501 uid=10121 pkg=com.google.vr.vrcore startFg?=false
01-31 10:48:41.698  7390  7434 V DisplayPowerController[0]: Brightness [0.05] reason changing to: 'automatic [ dim ]', previous reason: 'automatic'.
01-31 10:48:43.685  7390  7434 I PowerManagerService: Powering off display group due to timeout (groupId= 0, uid= 1000)...
01-31 10:48:43.686  7390  7434 I PowerManagerService: Going to sleep due to timeout (uid 1000)...
01-31 10:48:43.798  7390  7434 V DisplayPowerController[0]: Brightness [0.24430658] reason changing to: 'automatic', previous reason: 'automatic [ dim ]'.
01-31 10:48:44.212  7390  7434 I DisplayPowerController[0]: Blocking screen off
01-31 10:48:44.212  7390  7434 I DisplayPowerController[0]: Unblocked screen off after 0 ms
01-31 10:48:44.236  7390  7434 V DisplayPowerController[0]: Brightness [0.0] reason changing to: 'screen_off', previous reason: 'automatic'.
01-31 10:48:44.237  7390  7410 I DisplayDeviceRepository: Display device changed state: "Built-in Screen", OFF
01-31 10:48:44.380  7390  7434 I DreamManagerService: Entering dreamland.
01-31 10:48:44.380  7390  7434 I PowerManagerService: Dozing...
01-31 10:48:44.381  7390  7407 I DreamController: Starting dream: name=ComponentInfo{com.android.systemui/com.android.systemui.doze.DozeService}, isTest=false, canDoze=true, userId=0
01-31 10:48:44.572  7390  7485 D CompatibilityChangeReporter: Compat change id reported: 171306433; UID 10495; state: ENABLED
01-31 10:48:47.657  7390  9863 D CompatibilityChangeReporter: Compat change id reported: 171306433; UID 10025; state: ENABLED
01-31 10:48:51.439  7390  7390 I ContentCaptureManagerService: Content capture data sharing session terminated successfully for package 'com.google.android.googlequicksearchbox'
01-31 10:49:02.691  7390  9230 E AppOps  : Operation not started: uid=10075 pkg=com.google.android.apps.messaging(null) op=WAKE_LOCK
01-31 10:49:18.860  7390  7390 I ContentCaptureManagerService: Content capture data sharing session terminated successfully for package 'com.google.android.googlequicksearchbox'
01-31 10:49:24.347  7390 10984 W ProcessStats: Tracking association SourceState{872f0c4 com.google.android.apps.messaging/10075 Top #232936} whose proc state 1 is better than process ProcessState{bef8f46 com.google.android.gms.persistent/10025 pkg=com.google.android.gms} proc state 2 (255 skipped)
01-31 10:49:54.370  7390  9230 D CompatibilityChangeReporter: Compat change id reported: 135634846; UID 10008; state: DISABLED
01-31 10:49:54.370  7390  9230 D CompatibilityChangeReporter: Compat change id reported: 177438394; UID 10008; state: DISABLED
01-31 10:49:54.370  7390  9230 D CompatibilityChangeReporter: Compat change id reported: 135772972; UID 10008; state: DISABLED
01-31 10:49:54.370  7390  9230 D CompatibilityChangeReporter: Compat change id reported: 135754954; UID 10008; state: ENABLED
01-31 10:49:54.371  7390  7424 D CompatibilityChangeReporter: Compat change id reported: 143937733; UID 10008; state: ENABLED
01-31 10:49:54.386  7390  7424 I ActivityManager: Start proc 23563:android.process.media/u0a8 for content provider {com.android.providers.downloads/com.android.providers.downloads.DownloadProvider}
01-31 10:49:54.434  7390  9230 D CompatibilityChangeReporter: Compat change id reported: 168419799; UID 10008; state: DISABLED
01-31 10:49:54.680  7390  9865 D CompatibilityChangeReporter: Compat change id reported: 171306433; UID 10092; state: ENABLED
01-31 10:49:56.281  7390  7423 D CompatibilityChangeReporter: Compat change id reported: 168419799; UID 10092; state: DISABLED
01-31 10:49:56.456  7390  9865 D CompatibilityChangeReporter: Compat change id reported: 168419799; UID 10025; state: DISABLED
01-31 10:50:00.023  7390  7423 D CompatibilityChangeReporter: Compat change id reported: 135634846; UID 10049; state: DISABLED
01-31 10:50:00.023  7390  7423 D CompatibilityChangeReporter: Compat change id reported: 177438394; UID 10049; state: DISABLED
01-31 10:50:00.023  7390  7423 D CompatibilityChangeReporter: Compat change id reported: 135772972; UID 10049; state: DISABLED
01-31 10:50:00.023  7390  7423 D CompatibilityChangeReporter: Compat change id reported: 135754954; UID 10049; state: ENABLED
01-31 10:50:00.024  7390  7424 D CompatibilityChangeReporter: Compat change id reported: 143937733; UID 10049; state: ENABLED
01-31 10:50:00.037  7390  7390 D CompatibilityChangeReporter: Compat change id reported: 135634846; UID 10223; state: DISABLED
01-31 10:50:00.037  7390  7390 D CompatibilityChangeReporter: Compat change id reported: 177438394; UID 10223; state: DISABLED
01-31 10:50:00.037  7390  7390 D CompatibilityChangeReporter: Compat change id reported: 135772972; UID 10223; state: DISABLED
01-31 10:50:00.037  7390  7390 D CompatibilityChangeReporter: Compat change id reported: 135754954; UID 10223; state: ENABLED
01-31 10:50:00.040  7390  7424 I ActivityManager: Start proc 23587:com.android.providers.calendar/u0a49 for broadcast {com.android.providers.calendar/com.android.providers.calendar.CalendarProviderBroadcastReceiver}
01-31 10:50:00.041  7390  7424 D CompatibilityChangeReporter: Compat change id reported: 143937733; UID 10223; state: ENABLED
01-31 10:50:00.043  7390  7390 I ActivityManager: com.android.vending is exempt from freezer
01-31 10:50:00.043  7390  7390 D CompatibilityChangeReporter: Compat change id reported: 135634846; UID 10053; state: DISABLED
01-31 10:50:00.043  7390  7390 D CompatibilityChangeReporter: Compat change id reported: 177438394; UID 10053; state: DISABLED
01-31 10:50:00.043  7390  7390 D CompatibilityChangeReporter: Compat change id reported: 135772972; UID 10053; state: DISABLED
01-31 10:50:00.044  7390  7390 D CompatibilityChangeReporter: Compat change id reported: 135754954; UID 10053; state: ENABLED
01-31 10:50:00.055  7390  7424 I ActivityManager: Start proc 23588:com.Slack/u0a223 for service {com.Slack/androidx.work.impl.background.systemjob.SystemJobService}
01-31 10:50:00.055  7390  7424 D CompatibilityChangeReporter: Compat change id reported: 143937733; UID 10053; state: ENABLED
01-31 10:50:00.068  7390  7424 I ActivityManager: Start proc 23600:com.android.vending/u0a53 for service {com.android.vending/com.google.android.finsky.scheduler.process.mainimpl.PhoneskyJobServiceMain}
01-31 10:50:00.088  7390  7404 D CompatibilityChangeReporter: Compat change id reported: 168419799; UID 10223; state: DISABLED
01-31 10:50:00.098  7390  9865 D CompatibilityChangeReporter: Compat change id reported: 168419799; UID 10053; state: DISABLED
01-31 10:50:01.092  7390  9865 D CompatibilityChangeReporter: Compat change id reported: 143231523; UID 10049; state: DISABLED
01-31 10:50:01.189  7390  9865 D CompatibilityChangeReporter: Compat change id reported: 171306433; UID 10049; state: ENABLED
01-31 10:50:01.587  7390  9863 I ActivityManager: com.android.vending is exempt from freezer
01-31 10:50:01.588  7390  9863 D CompatibilityChangeReporter: Compat change id reported: 135634846; UID 10053; state: DISABLED
01-31 10:50:01.588  7390  9863 D CompatibilityChangeReporter: Compat change id reported: 177438394; UID 10053; state: DISABLED
01-31 10:50:01.588  7390  9863 D CompatibilityChangeReporter: Compat change id reported: 135772972; UID 10053; state: DISABLED
01-31 10:50:01.588  7390  9863 D CompatibilityChangeReporter: Compat change id reported: 135754954; UID 10053; state: ENABLED
01-31 10:50:01.589  7390  7424 D CompatibilityChangeReporter: Compat change id reported: 143937733; UID 10053; state: ENABLED
01-31 10:50:01.604  7390  7424 I ActivityManager: Start proc 23791:com.android.vending:background/u0a53 for service {com.android.vending/com.google.android.finsky.ipcservers.background.BackgroundGrpcServerAndroidService}
01-31 10:50:06.210  7390  7390 D CompatibilityChangeReporter: Compat change id reported: 177438394; UID 10087; state: DISABLED
01-31 10:50:06.210  7390  7390 D CompatibilityChangeReporter: Compat change id reported: 135772972; UID 10087; state: DISABLED
01-31 10:50:06.210  7390  7390 D CompatibilityChangeReporter: Compat change id reported: 135754954; UID 10087; state: ENABLED
01-31 10:50:06.211  7390  7424 D CompatibilityChangeReporter: Compat change id reported: 143937733; UID 10087; state: ENABLED
01-31 10:50:06.232  7390  7424 I ActivityManager: Start proc 23827:com.google.android.calendar/u0a87 for service {com.google.android.calendar/com.google.android.calendar.jobservices.CalendarProviderObserverJobService}
01-31 10:50:06.583  7390  7404 D CompatibilityChangeReporter: Compat change id reported: 143231523; UID 10087; state: DISABLED
01-31 10:50:06.722  7390  7390 I ContentCaptureManagerService: Content capture data sharing session terminated successfully for package 'com.google.android.googlequicksearchbox'
01-31 10:50:06.744  7390  9863 D CompatibilityChangeReporter: Compat change id reported: 171306433; UID 10087; state: ENABLED
01-31 10:50:09.787  7390  7390 I ContentCaptureManagerService: Content capture data sharing session terminated successfully for package 'com.google.android.googlequicksearchbox'
01-31 10:50:11.237  7390  7423 W BroadcastQueue: Permission Denial: broadcasting Intent { act=com.google.android.apps.gmm.NAVIGATION_STATE flg=0x10 pkg=com.google.android.googlequicksearchbox (has extras) } from null (pid=-1, uid=-1) requires com.google.android.googlequicksearchbox.permission.LAUNCH_FROM_GMM due to registered receiver BroadcastFilter{3118fe 10059/u0 ReceiverList{555acb9 12534 com.google.android.googlequicksearchbox:search/10059/u0 remote:c839e80}}
01-31 10:50:11.237  7390  7423 W BroadcastQueue: Permission Denial: broadcasting Intent { act=com.google.android.apps.gmm.NAVIGATION_STATE flg=0x10 pkg=com.google.android.gms (has extras) } from null (pid=-1, uid=-1) requires com.google.android.googlequicksearchbox.permission.LAUNCH_FROM_GMM due to registered receiver BroadcastFilter{3118fe 10059/u0 ReceiverList{555acb9 12534 com.google.android.googlequicksearchbox:search/10059/u0 remote:c839e80}}
01-31 10:50:11.509  7390  7390 D CompatibilityChangeReporter: Compat change id reported: 177438394; UID 10336; state: DISABLED
01-31 10:50:11.509  7390  7390 D CompatibilityChangeReporter: Compat change id reported: 135772972; UID 10336; state: DISABLED
01-31 10:50:11.509  7390  7390 D CompatibilityChangeReporter: Compat change id reported: 135754954; UID 10336; state: ENABLED
01-31 10:50:11.510  7390  7424 D CompatibilityChangeReporter: Compat change id reported: 143937733; UID 10336; state: ENABLED
01-31 10:50:11.524  7390  7424 I ActivityManager: Start proc 23908:com.google.android.apps.safetyhub/u0a336 for service {com.google.android.apps.safetyhub/androidx.work.impl.background.systemjob.SystemJobService}
01-31 10:50:11.593  7390  9865 D CompatibilityChangeReporter: Compat change id reported: 168419799; UID 10336; state: DISABLED
01-31 10:50:11.721  7390  9863 I ContentCaptureManagerService: Data share request accepted by Content Capture service
01-31 10:50:19.429  7390  9863 W AlarmManager: Window length 290197750ms too long; limiting to 1 day
01-31 10:54:23.167  7390  7430 D KernelCpuUidUserSysTimeReader: Removing uids 99095-99095
01-31 10:54:23.168  7390  7430 D KernelCpuUidUserSysTimeReader: Removing uids 90000-90000
01-31 10:55:10.252  7390  7390 W NotificationHistory: Attempted to add notif for locked/gone/disabled user 0
01-31 10:57:08.354  7390  7404 W AppOps  : Noting op not finished: uid 10173 pkg com.urbandroid.sleep code 79 startTime of in progress event=1675115306793
01-31 10:57:08.358  7390  7423 D CompatibilityChangeReporter: Compat change id reported: 135634846; UID 10173; state: DISABLED
01-31 10:57:08.358  7390  7423 D CompatibilityChangeReporter: Compat change id reported: 177438394; UID 10173; state: DISABLED
01-31 10:57:08.359  7390  7423 D CompatibilityChangeReporter: Compat change id reported: 135772972; UID 10173; state: DISABLED
01-31 10:57:08.359  7390  7423 D CompatibilityChangeReporter: Compat change id reported: 135754954; UID 10173; state: ENABLED
01-31 10:57:08.360  7390  7424 D CompatibilityChangeReporter: Compat change id reported: 143937733; UID 10173; state: ENABLED
01-31 10:57:08.365  7390  7404 W AppOps  : Noting op not finished: uid 10126 pkg com.google.android.apps.maps code 79 startTime of in progress event=1675115307139
01-31 10:57:08.370  7390 10984 W AppOps  : Noting op not finished: uid 10346 pkg com.google.android.gms.location.history code 79 startTime of in progress event=1675037432798
01-31 10:57:08.377  7390  7404 W AppOps  : Noting op not finished: uid 10025 pkg com.google.android.gms code 113 startTime of in progress event=1675115280513
01-31 10:57:08.378  7390  7424 I ActivityManager: Start proc 24006:com.urbandroid.sleep/u0a173 for broadcast {com.urbandroid.sleep/com.urbandroid.sleep.activityrecognition.ActivityReceiver}
01-31 10:57:08.413  7390 10984 D CompatibilityChangeReporter: Compat change id reported: 168419799; UID 10173; state: DISABLED
01-31 10:57:08.973  7390  7430 V BatteryExternalStatsWorker: WiFi energy data was reset, new WiFi energy data is WifiActivityEnergyInfo{ mTimeSinceBootMillis=288987299 mStackState=3 mControllerTxDurationMillis=0 mControllerRxDurationMillis=0 mControllerScanDurationMillis=0 mControllerIdleDurationMillis=0 mControllerEnergyUsedMicroJoules=0 }
01-31 10:57:09.044  7390 10984 D CompatibilityChangeReporter: Compat change id reported: 177438394; UID 10126; state: DISABLED
01-31 10:57:09.044  7390 10984 D CompatibilityChangeReporter: Compat change id reported: 135772972; UID 10126; state: DISABLED
01-31 10:57:09.044  7390 10984 D CompatibilityChangeReporter: Compat change id reported: 135754954; UID 10126; state: ENABLED
01-31 10:57:09.046  7390  7424 D CompatibilityChangeReporter: Compat change id reported: 143937733; UID 10126; state: ENABLED
01-31 10:57:09.062  7390  7424 I ActivityManager: Start proc 24045:com.google.android.apps.maps/u0a126 for broadcast {com.google.android.apps.maps/com.google.android.apps.gmm.locationsharing.reporting.ActivityRecognitionBroadcastReceiver}
01-31 10:57:09.083  7390 10984 W AppOps  : Noting op not finished: uid 10173 pkg com.urbandroid.sleep code 79 startTime of in progress event=1675115829075
01-31 10:57:09.097  7390  7404 W AppOps  : Noting op not finished: uid 10173 pkg com.urbandroid.sleep code 79 startTime of in progress event=1675115829093
01-31 10:57:09.103  7390  7404 D CompatibilityChangeReporter: Compat change id reported: 168419799; UID 10126; state: DISABLED
01-31 10:57:09.229  7390 10984 I ActivityManager: Process com.samsung.android.oneconnect:Core (pid 23316) has died: cch+65 CEM 
01-31 10:57:09.301  7390  7600 I ActivityManager: Process com.google.vr.vrcore (pid 23501) has died: cch+70 CACC
01-31 10:57:09.302  7390  7600 W ActivityManager: Scheduling restart of crashed service com.google.vr.vrcore/.common.VrCoreSdkService in 1000ms for connection
01-31 10:57:09.324  7390  7450 I ActivityManager: Process com.samsung.android.oneconnect:cast (pid 23278) has died: cch+65 CEM 
01-31 10:57:09.643  7390  7408 D CompatibilityChangeReporter: Compat change id reported: 171306433; UID 10173; state: ENABLED
01-31 10:57:09.705  7390  7600 W AppOps  : Noting op not finished: uid 10126 pkg com.google.android.apps.maps code 79 startTime of in progress event=1675115829699
01-31 10:57:09.728  7390  7408 D CompatibilityChangeReporter: Compat change id reported: 171306433; UID 10126; state: ENABLED
01-31 10:57:10.305  7390  7423 D CompatibilityChangeReporter: Compat change id reported: 135634846; UID 10121; state: DISABLED
01-31 10:57:10.305  7390  7423 D CompatibilityChangeReporter: Compat change id reported: 177438394; UID 10121; state: DISABLED
01-31 10:57:10.305  7390  7423 D CompatibilityChangeReporter: Compat change id reported: 135772972; UID 10121; state: DISABLED
01-31 10:57:10.305  7390  7423 D CompatibilityChangeReporter: Compat change id reported: 135754954; UID 10121; state: DISABLED
01-31 10:57:10.306  7390  7424 D CompatibilityChangeReporter: Compat change id reported: 143937733; UID 10121; state: DISABLED
01-31 10:57:10.319  7390  7424 I ActivityManager: Start proc 24098:com.google.vr.vrcore/u0a121 for service {com.google.vr.vrcore/com.google.vr.vrcore.common.VrCoreSdkService}
01-31 10:57:10.359  7390  8219 D CompatibilityChangeReporter: Compat change id reported: 168419799; UID 10121; state: DISABLED
