01-31 09:20:52.552  7390 10681 D ActivityTaskManager: awakeFromSleepingLocked: previously pausing activity didn't pause
01-31 09:20:52.617  7390  7410 W ActivityTaskManager: Activity top resumed state loss timeout for ActivityRecord{15d5c1d u0 eu.faircode.email/.ActivityView t82491}
01-31 09:20:52.682  7390  7423 I DropBoxManagerService: add tag=system_server_wtf isTagEnabled=true flags=0x6
01-31 09:20:52.765  7390 10681 I ActivityManager: Process com.whatsapp (pid 12565) has died: cch+75 CEM 
01-31 09:20:52.790  7390  8220 I ActivityManager: Process com.google.android.webview:sandboxed_process0:org.chromium.content.app.SandboxedProcessService0:0 (pid 13372) has died: cch+75 CEM 
01-31 09:20:52.791  7390  8220 W ActivityManager: Scheduling restart of crashed service com.viber.voip/org.chromium.content.app.SandboxedProcessService0:0 in 1000ms for connection
01-31 09:20:52.907  7390  9230 I ActivityManager: Process com.viber.voip (pid 12515) has died: cch+5 CEM 
01-31 09:20:53.042  7390  9866 W ActivityManager: Background start not allowed: service Intent { act=Orca.START cmp=com.instagram.android/com.facebook.rti.push.service.FbnsService (has extras) } to com.instagram.android/com.facebook.rti.push.service.FbnsService from pid=12530 uid=10433 pkg=com.instagram.android startFg?=false
01-31 09:20:53.046  7390  7863 D CompatibilityChangeReporter: Compat change id reported: 135634846; UID 10433; state: DISABLED
01-31 09:20:53.046  7390  7863 D CompatibilityChangeReporter: Compat change id reported: 177438394; UID 10433; state: DISABLED
01-31 09:20:53.046  7390  7863 D CompatibilityChangeReporter: Compat change id reported: 135772972; UID 10433; state: DISABLED
01-31 09:20:53.046  7390  7863 D CompatibilityChangeReporter: Compat change id reported: 135754954; UID 10433; state: ENABLED
01-31 09:20:53.046  7390  7424 D CompatibilityChangeReporter: Compat change id reported: 143937733; UID 10433; state: ENABLED
01-31 09:20:53.055  7390  7424 I ActivityManager: Start proc 14966:com.instagram.android:mqtt/u0a433 for service {com.instagram.android/com.facebook.rti.push.service.FbnsService}
01-31 09:20:53.200  7390  9192 W AppOps  : Noting op not finished: uid 10173 pkg com.urbandroid.sleep code 79 startTime of in progress event=1675110052363
01-31 09:20:53.203  7390  9192 W AppOps  : Noting op not finished: uid 10025 pkg com.google.android.gms code 113 startTime of in progress event=1675108733361
01-31 09:20:53.207  7390  9192 W AppOps  : Noting op not finished: uid 10126 pkg com.google.android.apps.maps code 79 startTime of in progress event=1675110052296
01-31 09:20:53.209  7390  9192 W AppOps  : Noting op not finished: uid 10346 pkg com.google.android.gms.location.history code 79 startTime of in progress event=1675037432798
01-31 09:20:53.212  7390  9192 W AppOps  : Noting op not finished: uid 10025 pkg com.google.android.gms code 113 startTime of in progress event=1675101616338
01-31 09:20:53.399  7390  7390 W Looper  : Slow dispatch took 548ms main h=android.app.ActivityThread$H c=android.app.LoadedApk$ReceiverDispatcher$Args$$ExternalSyntheticLambda0@8efeecc m=0
01-31 09:20:53.400  7390  7390 W Looper  : Slow delivery took 549ms main h=android.app.ActivityThread$H c=android.app.LoadedApk$ReceiverDispatcher$Args$$ExternalSyntheticLambda0@6b30515 m=0
01-31 09:20:53.415  7390  7390 W Looper  : Drained
01-31 09:20:53.461  7390  8485 I ActivityManager: Process com.Slack (pid 12489) has died: cch+65 CEM 
01-31 09:20:53.770  7390  9192 I ActivityManager: Process com.snapchat.android (pid 12509) has died: cch+65 CEM 
01-31 09:20:53.980  7390  9192 I DropBoxManagerService: add tag=event_data isTagEnabled=true flags=0x2
01-31 09:20:54.035  7390  9192 I DropBoxManagerService: add tag=dumpsys:account isTagEnabled=true flags=0x2
01-31 09:20:54.442  7390  7483 D CompatibilityChangeReporter: Compat change id reported: 135634846; UID 10255; state: DISABLED
01-31 09:20:54.442  7390  7483 D CompatibilityChangeReporter: Compat change id reported: 177438394; UID 10255; state: DISABLED
01-31 09:20:54.442  7390  7483 D CompatibilityChangeReporter: Compat change id reported: 135772972; UID 10255; state: DISABLED
01-31 09:20:54.442  7390  7483 D CompatibilityChangeReporter: Compat change id reported: 135754954; UID 10255; state: ENABLED
01-31 09:20:54.442  7390  7424 D CompatibilityChangeReporter: Compat change id reported: 143937733; UID 10255; state: ENABLED
01-31 09:20:54.449  7390  9192 I ActivityManager: Process com.google.android.apps.maps:server_recovery_process_scheduled (pid 14896) has died: cch+5 CEM 
01-31 09:20:54.460  7390  7424 I ActivityManager: Start proc 15036:com.whatsapp/u0a255 for broadcast {com.whatsapp/com.whatsapp.AlarmBroadcastReceiver}
01-31 09:20:55.063  7390 10601 I ActivityManager: Process android.process.media (pid 14091) has died: cch+55 CEM 
01-31 09:20:55.090  7390 10601 I ActivityManager: Process com.google.android.apps.fitness (pid 13925) has died: cch+55 CEM 
01-31 09:20:55.229  7390  7430 E KernelCpuUidUserSysTimeReader: Negative user/sys time delta for UID=10185
01-31 09:20:55.229  7390  7430 E KernelCpuUidUserSysTimeReader: Prev times: u=1531454000 s=817997000 Curr times: u=1531020000 s=817514000
01-31 09:20:55.947  7390 10983 W BroadcastQueue: Background execution not allowed: receiving Intent { act=android.intent.action.USER_PRESENT flg=0x24200010 } to com.android.chrome/org.chromium.chrome.browser.sharing.click_to_call.ClickToCallMessageHandler$PhoneUnlockedReceiver
01-31 09:20:55.948  7390  7423 W BroadcastQueue: Background execution not allowed: receiving Intent { act=android.intent.action.USER_PRESENT flg=0x24200010 } to com.google.android.gms/.auth.setup.devicesignals.LockScreenReceiver
01-31 09:20:55.948  7390  7423 W BroadcastQueue: Background execution not allowed: receiving Intent { act=android.intent.action.USER_PRESENT flg=0x24200010 } to com.google.android.gms/.chimera.GmsIntentOperationService$PersistentTrustedReceiver
01-31 09:20:55.948  7390  7423 W BroadcastQueue: Background execution not allowed: receiving Intent { act=android.intent.action.USER_PRESENT flg=0x24200010 } to com.alibaba.aliexpresshd/.receiver.SystemBroadcastReceiver
01-31 09:20:55.948  7390  7423 W BroadcastQueue: Background execution not allowed: receiving Intent { act=android.intent.action.USER_PRESENT flg=0x24200010 } to com.alibaba.aliexpresshd/com.taobao.accs.EventReceiver
01-31 09:20:55.948  7390  7423 W BroadcastQueue: Background execution not allowed: receiving Intent { act=android.intent.action.USER_PRESENT flg=0x24200010 } to com.instagram.android/com.instagram.push.FbnsInitBroadcastReceiver
01-31 09:20:56.003  7390  9856 D CompatibilityChangeReporter: Compat change id reported: 168419799; UID 10126; state: DISABLED
01-31 09:20:56.073  7390 10984 W AppOps  : Noting op not finished: uid 10126 pkg com.google.android.apps.maps code 79 startTime of in progress event=1675110056068
01-31 09:20:56.226  7390  8219 W Telecom : : registerPhoneAccount - attempt to set a group from a non-system caller.: TSI.rPA@EO8
01-31 09:20:56.228  7390  8219 I Telecom : PhoneAccountRegistrar: Modify account: [ComponentInfo{com.whatsapp/com.whatsapp.calling.telecom.SelfManagedConnectionService}, ***, UserHandle{0}]: TSI.rPA@EO8
01-31 09:20:56.231  7390  8219 I Telecom : AppLabelProxy: package com.whatsapp: name is WhatsApp: TSI.rPA@EO8
01-31 09:20:56.234  7390  8219 I Telecom : CallsManager: handlePhoneAccountChanged: phoneAccount=[[X] PhoneAccount: ComponentInfo{com.whatsapp/com.whatsapp.calling.telecom.SelfManagedConnectionService}, ***, UserHandle{0} Capabilities: SelfManaged SuppVideo Video  Audio Routes: BESW Schemes: tel  Extras: Bundle[{android.telecom.extra.LOG_SELF_MANAGED_CALLS=false}] GroupId: ***]: TSI.rPA@EO8
01-31 09:20:56.426  7390  8219 W ActivityManager: Background start not allowed: service Intent { act=com.whatsapp.messaging.MessageService.START cmp=com.whatsapp/.messaging.MessageService } to com.whatsapp/.messaging.MessageService from pid=15036 uid=10255 pkg=com.whatsapp startFg?=false
01-31 09:20:56.428  7390  8219 D CompatibilityChangeReporter: Compat change id reported: 171306433; UID 10255; state: ENABLED
01-31 09:20:56.441  7390  8219 W BroadcastQueue: Background execution not allowed: receiving Intent { act=android.intent.action.DROPBOX_ENTRY_ADDED flg=0x10 (has extras) } to com.google.android.gms/.stats.service.DropBoxEntryAddedReceiver
01-31 09:20:56.443  7390  7423 W BroadcastQueue: Background execution not allowed: receiving Intent { act=android.intent.action.DROPBOX_ENTRY_ADDED flg=0x10 (has extras) } to com.google.android.gms/.chimera.GmsIntentOperationService$PersistentTrustedReceiver
01-31 09:20:56.443  7390  7423 W BroadcastQueue: Background execution not allowed: receiving Intent { act=android.intent.action.DROPBOX_ENTRY_ADDED flg=0x10 (has extras) } to com.google.android.gms/.stats.service.DropBoxEntryAddedReceiver
01-31 09:20:56.443  7390  7423 W BroadcastQueue: Background execution not allowed: receiving Intent { act=android.intent.action.DROPBOX_ENTRY_ADDED flg=0x10 (has extras) } to com.google.android.gms/.chimera.GmsIntentOperationService$PersistentTrustedReceiver
01-31 09:20:56.485  7390  8219 W BroadcastQueue: Background execution not allowed: receiving Intent { act=android.intent.action.DROPBOX_ENTRY_ADDED flg=0x10 (has extras) } to com.google.android.gms/.stats.service.DropBoxEntryAddedReceiver
01-31 09:20:56.488  7390  7423 W BroadcastQueue: Background execution not allowed: receiving Intent { act=android.intent.action.DROPBOX_ENTRY_ADDED flg=0x10 (has extras) } to com.google.android.gms/.chimera.GmsIntentOperationService$PersistentTrustedReceiver
01-31 09:20:56.493  7390  9856 D CompatibilityChangeReporter: Compat change id reported: 157233955; UID 10255; state: ENABLED
01-31 09:20:56.498  7390  7408 D CompatibilityChangeReporter: Compat change id reported: 171306433; UID 10126; state: ENABLED
01-31 09:20:56.551  7390 10984 W AppOps  : Noting op not finished: uid 10126 pkg com.google.android.apps.maps code 79 startTime of in progress event=1675110056547
01-31 09:20:56.810  7390  8219 I ContentCaptureManagerService: Data share request accepted by Content Capture service
01-31 09:20:57.005  7390  7390 D CompatibilityChangeReporter: Compat change id reported: 135634846; UID 10035; state: DISABLED
01-31 09:20:57.005  7390  7390 D CompatibilityChangeReporter: Compat change id reported: 177438394; UID 10035; state: DISABLED
01-31 09:20:57.005  7390  7390 D CompatibilityChangeReporter: Compat change id reported: 135772972; UID 10035; state: DISABLED
01-31 09:20:57.005  7390  7390 D CompatibilityChangeReporter: Compat change id reported: 135754954; UID 10035; state: ENABLED
01-31 09:20:57.005  7390  7424 D CompatibilityChangeReporter: Compat change id reported: 143937733; UID 10035; state: ENABLED
01-31 09:20:57.006  7390  7390 D CompatibilityChangeReporter: Compat change id reported: 135634846; UID 10065; state: DISABLED
01-31 09:20:57.006  7390  7390 D CompatibilityChangeReporter: Compat change id reported: 177438394; UID 10065; state: DISABLED
01-31 09:20:57.006  7390  7390 D CompatibilityChangeReporter: Compat change id reported: 135772972; UID 10065; state: DISABLED
01-31 09:20:57.006  7390  7390 D CompatibilityChangeReporter: Compat change id reported: 135754954; UID 10065; state: ENABLED
01-31 09:20:57.008  7390  7390 D CompatibilityChangeReporter: Compat change id reported: 168419799; UID 10433; state: DISABLED
01-31 09:20:57.018  7390  7424 I ActivityManager: Start proc 15171:com.google.android.settings.intelligence/u0a35 for service {com.google.android.settings.intelligence/com.google.android.settings.intelligence.modules.routines.impl.PruneDatabaseJobService}
01-31 09:20:57.018  7390  7424 D CompatibilityChangeReporter: Compat change id reported: 143937733; UID 10065; state: ENABLED
01-31 09:20:57.035  7390  7424 I ActivityManager: Start proc 15177:com.google.android.dialer/u0a65 for service {com.google.android.dialer/com.google.android.libraries.internal.growth.growthkit.internal.jobs.impl.GrowthKitJobService}
01-31 09:20:57.627  7390  9856 D CompatibilityChangeReporter: Compat change id reported: 168419799; UID 10075; state: DISABLED
01-31 09:20:57.678  7390  8219 D CompatibilityChangeReporter: Compat change id reported: 169887240; UID 10065; state: ENABLED
01-31 09:20:57.680  7390  8219 D CompatibilityChangeReporter: Compat change id reported: 168936375; UID 10065; state: ENABLED
01-31 09:20:57.938  7390  9856 D CompatibilityChangeReporter: Compat change id reported: 135634846; UID 10185; state: DISABLED
01-31 09:20:57.938  7390  9856 D CompatibilityChangeReporter: Compat change id reported: 177438394; UID 10185; state: DISABLED
01-31 09:20:57.938  7390  9856 D CompatibilityChangeReporter: Compat change id reported: 135772972; UID 10185; state: DISABLED
01-31 09:20:57.939  7390  7424 D CompatibilityChangeReporter: Compat change id reported: 143937733; UID 10185; state: ENABLED
01-31 09:20:57.947  7390  7424 I ActivityManager: Start proc 15251:com.viber.voip/u0a185 for service {com.viber.voip/androidx.work.impl.background.systemjob.SystemJobService}
01-31 09:20:58.382  7390  8219 D CompatibilityChangeReporter: Compat change id reported: 171306433; UID 10185; state: ENABLED
01-31 09:20:58.464  7390  9856 D CompatibilityChangeReporter: Compat change id reported: 135634846; UID 1000; state: DISABLED
01-31 09:20:58.464  7390  9856 D CompatibilityChangeReporter: Compat change id reported: 177438394; UID 1000; state: DISABLED
01-31 09:20:58.464  7390  9856 D CompatibilityChangeReporter: Compat change id reported: 135772972; UID 1000; state: DISABLED
01-31 09:20:58.464  7390  9856 D CompatibilityChangeReporter: Compat change id reported: 135754954; UID 1000; state: ENABLED
01-31 09:20:58.472  7390  7424 I ActivityManager: Start proc 15317:com.android.settings/1000 for content provider {com.android.settings/com.android.settings.homepage.contextualcards.SettingsContextualCardProvider}
01-31 09:20:58.747  7390 10983 D CompatibilityChangeReporter: Compat change id reported: 182734110; UID 10185; state: ENABLED
01-31 09:20:58.751  7390 10983 D CompatibilityChangeReporter: Compat change id reported: 149924527; UID 10185; state: ENABLED
01-31 09:20:58.751  7390 10983 D CompatibilityChangeReporter: Compat change id reported: 132649864; UID 10185; state: DISABLED
01-31 09:20:59.172  7390  9856 D CompatibilityChangeReporter: Compat change id reported: 135634846; UID 10228; state: DISABLED
01-31 09:20:59.172  7390  9856 D CompatibilityChangeReporter: Compat change id reported: 177438394; UID 10228; state: DISABLED
01-31 09:20:59.172  7390  9856 D CompatibilityChangeReporter: Compat change id reported: 135772972; UID 10228; state: DISABLED
01-31 09:20:59.172  7390  9856 D CompatibilityChangeReporter: Compat change id reported: 135754954; UID 10228; state: ENABLED
01-31 09:20:59.172  7390  7424 D CompatibilityChangeReporter: Compat change id reported: 143937733; UID 10228; state: ENABLED
01-31 09:20:59.180  7390  7424 I ActivityManager: Start proc 15368:com.snapchat.android/u0a228 for service {com.snapchat.android/androidx.work.impl.background.systemjob.SystemJobService}
01-31 09:20:59.775  7390  8261 D CompatibilityChangeReporter: Compat change id reported: 168419799; UID 10087; state: DISABLED
01-31 09:20:59.837  7390  8261 I ActivityTaskManager: START u0 {cmp=eu.faircode.email/.ActivityCompose (has extras)} from uid 10214
01-31 09:20:59.854  7390  9856 W ActivityTaskManager: Tried to set launchTime (0) < mLastActivityLaunchTime (138178514)
01-31 09:21:00.009  7390 10984 D CompatibilityChangeReporter: Compat change id reported: 168419799; UID 10255; state: DISABLED
01-31 09:21:00.015  7390 10983 I ActivityManager: Process com.google.android.permissioncontroller (pid 14166) has died: cch+65 CEM 
01-31 09:21:00.035  7390  9856 I ActivityManager: Process com.nextcloud.client (pid 14374) has died: cch+55 CEM 
01-31 09:21:00.083  7390  9866 W ActivityManager: Unable to start service Intent { act=org.openintents.openpgp.IOpenPgpService2 pkg=org.sufficientlysecure.keychain } U=0: not found
01-31 09:21:00.083  7390  7600 W ActivityManager: Unbind failed: could not find connection for android.os.BinderProxy@3a33345
01-31 09:21:00.331  7390 10984 D ContentCapturePerUserService: Notified activity assist data for activity: Token{6c1a901 ActivityRecord{9b973a6 u0 eu.faircode.email/.ActivityCompose t82491}} without a session Id
01-31 09:21:00.889  7390  7600 D CompatibilityChangeReporter: Compat change id reported: 168419799; UID 1000; state: DISABLED
01-31 09:21:01.200  7390  8219 D CompatibilityChangeReporter: Compat change id reported: 168419799; UID 10035; state: DISABLED
01-31 09:21:01.228  7390  8219 W ActivityManager: Unable to start service Intent { act=com.google.android.gms.leibniz.events.service.START pkg=com.google.android.gms } U=0: not found
01-31 09:21:01.229  7390  8219 W ActivityManager: Unbind failed: could not find connection for android.os.BinderProxy@ae66503
01-31 09:21:01.554  7390 10984 D CompatibilityChangeReporter: Compat change id reported: 135634846; UID 10185; state: DISABLED
01-31 09:21:01.555  7390  7424 D CompatibilityChangeReporter: Compat change id reported: 143937733; UID 10185; state: ENABLED
01-31 09:21:01.581  7390  7424 I ActivityManager: Start proc 15533:com.google.android.webview:sandboxed_process0:org.chromium.content.app.SandboxedProcessService0:0/u0i93 for  {com.viber.voip/org.chromium.content.app.SandboxedProcessService0:0}
01-31 09:21:01.669  7390  9866 D CompatibilityChangeReporter: Compat change id reported: 168419799; UID 10185; state: DISABLED
01-31 09:21:01.790  7390  9866 D CompatibilityChangeReporter: Compat change id reported: 157233955; UID 10185; state: ENABLED
01-31 09:21:02.764  7390  9866 D CompatibilityChangeReporter: Compat change id reported: 171306433; UID 10185; state: ENABLED
01-31 09:21:02.974  7390  7600 D CompatibilityChangeReporter: Compat change id reported: 135634846; UID 10105; state: DISABLED
01-31 09:21:02.975  7390  7424 D CompatibilityChangeReporter: Compat change id reported: 143937733; UID 10105; state: ENABLED
01-31 09:21:02.981  7390  7424 I ActivityManager: Start proc 15603:com.google.android.webview:webview_service/u0a105 for service {com.google.android.webview/org.chromium.android_webview.services.ComponentsProviderService}
01-31 09:21:03.011  7390  9866 D CompatibilityChangeReporter: Compat change id reported: 168419799; UID 10105; state: DISABLED
01-31 09:21:04.046  7390  9856 D CompatibilityChangeReporter: Compat change id reported: 135634846; UID 10008; state: DISABLED
01-31 09:21:04.046  7390  9856 D CompatibilityChangeReporter: Compat change id reported: 177438394; UID 10008; state: DISABLED
01-31 09:21:04.046  7390  9856 D CompatibilityChangeReporter: Compat change id reported: 135772972; UID 10008; state: DISABLED
01-31 09:21:04.046  7390  9856 D CompatibilityChangeReporter: Compat change id reported: 135754954; UID 10008; state: ENABLED
01-31 09:21:04.046  7390  7424 D CompatibilityChangeReporter: Compat change id reported: 143937733; UID 10008; state: ENABLED
01-31 09:21:04.055  7390  7424 I ActivityManager: Start proc 15677:android.process.media/u0a8 for content provider {com.android.providers.downloads/com.android.providers.downloads.DownloadProvider}
01-31 09:21:04.102  7390  9856 D CompatibilityChangeReporter: Compat change id reported: 168419799; UID 10008; state: DISABLED
01-31 09:21:04.520  7390  7390 W NotificationHistory: Attempted to add notif for locked/gone/disabled user 0
01-31 09:21:04.746  7390  7423 D CompatibilityChangeReporter: Compat change id reported: 168419799; UID 10228; state: DISABLED
01-31 09:21:05.404  7390  7390 E RemoteFillService: Error calling on fill request
01-31 09:21:05.404  7390  7390 E RemoteFillService: java.util.concurrent.TimeoutException
01-31 09:21:05.404  7390  7390 E RemoteFillService: 	at com.android.internal.infra.AndroidFuture.triggerTimeout(AndroidFuture.java:290)
01-31 09:21:05.404  7390  7390 E RemoteFillService: 	at com.android.internal.infra.AndroidFuture$$ExternalSyntheticLambda0.run(Unknown Source:2)
01-31 09:21:05.404  7390  7390 E RemoteFillService: 	at android.os.Handler.handleCallback(Handler.java:938)
01-31 09:21:05.404  7390  7390 E RemoteFillService: 	at android.os.Handler.dispatchMessage(Handler.java:99)
01-31 09:21:05.404  7390  7390 E RemoteFillService: 	at android.os.Looper.loopOnce(Looper.java:201)
01-31 09:21:05.404  7390  7390 E RemoteFillService: 	at android.os.Looper.loop(Looper.java:288)
01-31 09:21:05.404  7390  7390 E RemoteFillService: 	at com.android.server.SystemServer.run(SystemServer.java:903)
01-31 09:21:05.404  7390  7390 E RemoteFillService: 	at com.android.server.SystemServer.main(SystemServer.java:610)
01-31 09:21:05.404  7390  7390 E RemoteFillService: 	at java.lang.reflect.Method.invoke(Native Method)
01-31 09:21:05.404  7390  7390 E RemoteFillService: 	at com.android.internal.os.RuntimeInit$MethodAndArgsCaller.run(RuntimeInit.java:548)
01-31 09:21:05.404  7390  7390 E RemoteFillService: 	at com.android.internal.os.ZygoteInit.main(ZygoteInit.java:981)
01-31 09:21:27.183  7390  7600 D CompatibilityChangeReporter: Compat change id reported: 171306433; UID 1000; state: ENABLED
01-31 09:21:41.308  7390  8219 W ActivityManager: Unable to start service Intent { act=org.openintents.openpgp.IOpenPgpService2 pkg=org.sufficientlysecure.keychain } U=0: not found
01-31 09:21:41.308  7390  8219 W ActivityManager: Unbind failed: could not find connection for android.os.BinderProxy@fb43b6a
01-31 09:21:41.446  7390  7600 I ActivityTaskManager: START u0 {flg=0x4000000 cmp=eu.faircode.email/.ActivityView} from uid 10214
01-31 09:21:41.473  7390  7600 W ActivityTaskManager: Duplicate finish request for r=ActivityRecord{9b973a6 u0 eu.faircode.email/.ActivityCompose t82491 f}}
01-31 09:21:43.968  7390  7408 D CompatibilityChangeReporter: Compat change id reported: 173031413; UID 1000; state: ENABLED
01-31 09:21:44.097  7390  7390 D WindowManager: powerPress: eventTime=138491969 interactive=true count=0 beganFromNonInteractive=false mShortPressOnPowerBehavior=1
01-31 09:21:44.098  7390  7390 I PowerManagerService: Powering off display group due to power_button (groupId= 0, uid= 1000)...
01-31 09:21:44.098  7390  7390 I PowerManagerService: Going to sleep due to power_button (uid 1000)...
01-31 09:21:44.129  7390 10983 D BiometricUtils: isEncrypted: false isLockdown: false
01-31 09:21:44.129  7390  7390 D BiometricScheduler/Fingerprint21: [Added] {[115] FingerprintUpdateActiveUserClient, proto=1, owner=android, cookie=0, userId=0}, new queue size: 1
01-31 09:21:44.129  7390  7390 D BiometricScheduler/Fingerprint21: [Polled] {[115] FingerprintUpdateActiveUserClient, proto=1, owner=android, cookie=0, userId=0}, State: 0
01-31 09:21:44.129  7390  7390 D BiometricScheduler/Fingerprint21: [Starting] {[115] FingerprintUpdateActiveUserClient, proto=1, owner=android, cookie=0, userId=0}, State: 0
01-31 09:21:44.129  7390  7390 D BiometricScheduler/Fingerprint21: [Started] {[115] FingerprintUpdateActiveUserClient, proto=1, owner=android, cookie=0, userId=0}
01-31 09:21:44.129  7390  7390 D FingerprintUpdateActiveUserClient: Already user: 0, returning
01-31 09:21:44.130  7390  7390 D BiometricScheduler/Fingerprint21: [Added] {[116] FingerprintAuthenticationClient, proto=3, owner=com.android.systemui, cookie=0, userId=0}, new queue size: 1
01-31 09:21:44.131  7390  7390 V BiometricScheduler/Fingerprint21: Not idle, current operation: {[115] FingerprintUpdateActiveUserClient, proto=1, owner=android, cookie=0, userId=0}, State: 2
01-31 09:21:44.131  7390  7390 D BiometricScheduler/Fingerprint21: [Finishing] {[115] FingerprintUpdateActiveUserClient, proto=1, owner=android, cookie=0, userId=0}, success: true
01-31 09:21:44.131  7390  7390 D BiometricScheduler/Fingerprint21: [Polled] {[116] FingerprintAuthenticationClient, proto=3, owner=com.android.systemui, cookie=0, userId=0}, State: 0
01-31 09:21:44.131  7390  7390 D GestureAvailabilityTracker: Notifying gesture availability, active=false
01-31 09:21:44.131  7390  7390 D BiometricScheduler/Fingerprint21: [Starting] {[116] FingerprintAuthenticationClient, proto=3, owner=com.android.systemui, cookie=0, userId=0}, State: 0
01-31 09:21:44.131  7390  7390 D BiometricScheduler/Fingerprint21: [Started] {[116] FingerprintAuthenticationClient, proto=3, owner=com.android.systemui, cookie=0, userId=0}
01-31 09:21:44.131  7390  7390 D BiometricCoexCoordinator: addAuthenticationClient(OtherFp), client: {[116] FingerprintAuthenticationClient, proto=3, owner=com.android.systemui, cookie=0, userId=0}
01-31 09:21:44.132  7390  7390 D FingerprintService: Fps state updated from 0 to 2, client {[116] FingerprintAuthenticationClient, proto=3, owner=com.android.systemui, cookie=0, userId=0}
01-31 09:21:44.133  7390  7390 D Biometrics/AuthenticationClient: Requesting auth for com.android.systemui
01-31 09:21:44.612  7390  7434 I DisplayPowerController[0]: Blocking screen off
01-31 09:21:44.612  7390  7434 I DisplayPowerController[0]: Unblocked screen off after 0 ms
01-31 09:21:44.625  7390  7434 D ActivityTaskManager: Top Process State changed to PROCESS_STATE_TOP_SLEEPING
01-31 09:21:44.657  7390  7434 V DisplayPowerController[0]: Brightness [0.0] reason changing to: 'screen_off', previous reason: 'automatic'.
01-31 09:21:44.665  7390  7410 I DisplayDeviceRepository: Display device changed state: "Built-in Screen", OFF
01-31 09:21:44.804  7390  7434 I DreamManagerService: Entering dreamland.
01-31 09:21:44.805  7390  7434 I PowerManagerService: Dozing...
01-31 09:21:44.806  7390  7407 I DreamController: Starting dream: name=ComponentInfo{com.android.systemui/com.android.systemui.doze.DozeService}, isTest=false, canDoze=true, userId=0
01-31 09:21:44.890  7390  8482 W NotificationService: Toast already killed. pkg=eu.faircode.email token=android.os.BinderProxy@27c52a2
01-31 09:22:57.282  7390  7390 D CompatibilityChangeReporter: Compat change id reported: 135634846; UID 10223; state: DISABLED
01-31 09:22:57.283  7390  7390 D CompatibilityChangeReporter: Compat change id reported: 177438394; UID 10223; state: DISABLED
01-31 09:22:57.283  7390  7390 D CompatibilityChangeReporter: Compat change id reported: 135772972; UID 10223; state: DISABLED
01-31 09:22:57.283  7390  7390 D CompatibilityChangeReporter: Compat change id reported: 135754954; UID 10223; state: ENABLED
01-31 09:22:57.284  7390  7424 D CompatibilityChangeReporter: Compat change id reported: 143937733; UID 10223; state: ENABLED
01-31 09:22:57.305  7390  7424 I ActivityManager: Start proc 15942:com.Slack/u0a223 for service {com.Slack/androidx.work.impl.background.systemjob.SystemJobService}
01-31 09:22:57.432  7390 10983 W AppOps  : Noting op not finished: uid 10173 pkg com.urbandroid.sleep code 79 startTime of in progress event=1675110060887
01-31 09:22:57.436  7390 10983 W AppOps  : Noting op not finished: uid 10025 pkg com.google.android.gms code 113 startTime of in progress event=1675108733361
01-31 09:22:57.449  7390 10983 W AppOps  : Noting op not finished: uid 10126 pkg com.google.android.apps.maps code 79 startTime of in progress event=1675110057958
01-31 09:22:57.455  7390 10983 W AppOps  : Noting op not finished: uid 10346 pkg com.google.android.gms.location.history code 79 startTime of in progress event=1675037432798
01-31 09:22:57.462  7390  8219 W AppOps  : Noting op not finished: uid 10025 pkg com.google.android.gms code 113 startTime of in progress event=1675101616338
01-31 09:22:59.309  7390  7390 W WindowManager: removeWindowToken: Attempted to remove non-existing token: android.os.Binder@7fc8f37
01-31 09:23:23.088  7390  7473 I PowerManagerService: Powering on display group fromDozing (groupId=0, uid=1000, reason=WAKE_REASON_POWER_BUTTON, details=android.policy:POWER)...
01-31 09:23:23.088  7390  7473 I PowerManagerService: Waking up from Dozing (uid=1000, reason=WAKE_REASON_POWER_BUTTON, details=android.policy:POWER)...
01-31 09:23:23.095  7390  7434 I DisplayPowerController[0]: Blocking screen on until initial contents have been drawn.
01-31 09:23:23.108  7390  7434 V DisplayPowerController[0]: Brightness [0.23616219] reason changing to: 'manual', previous reason: 'screen_off'.
01-31 09:23:23.110  7390  7410 I DisplayDeviceRepository: Display device changed state: "Built-in Screen", ON
01-31 09:23:23.154  7390  7390 I WindowManager: Suppressed redundant power key press while already in the process of turning the screen on.
01-31 09:23:23.200  7390  8219 W ActivityManager: Background start not allowed: service Intent { act=Orca.PERSISTENT_KICK_SKIP_PING cmp=com.facebook.katana/com.facebook.mqttlite.MqttService (has extras) } to com.facebook.katana/com.facebook.mqttlite.MqttService from pid=12922 uid=10318 pkg=com.facebook.katana startFg?=false
01-31 09:23:23.223  7390  7434 V DisplayPowerController[0]: Brightness [0.2442093] reason changing to: 'automatic', previous reason: 'manual'.
01-31 09:23:23.239  7390  7434 I DisplayPowerController[0]: Unblocked screen on after 144 ms
01-31 09:23:23.292  7390  7423 W BroadcastQueue: Permission Denial: receiving Intent { act=android.intent.action.SERVICE_STATE flg=0x1000010 (has extras) } to ProcessRecord{c9233a0 7578:com.android.systemui/u0a54} (pid=7578, uid=10054) requires android.permission.READ_PHONE_STATE due to sender android (uid 1001)
01-31 09:23:23.293  7390  7423 W BroadcastQueue: Permission Denial: receiving Intent { act=android.intent.action.SERVICE_STATE flg=0x1000010 (has extras) } to com.google.android.cellbroadcastreceiver/com.android.cellbroadcastreceiver.CellBroadcastReceiver requires android.permission.READ_PHONE_STATE due to sender android (uid 1001)
01-31 09:23:23.293  7390  7403 W ContextImpl: Calling a method in the system process without a qualified user: android.app.ContextImpl.sendBroadcastMultiplePermissions:1256 com.android.server.TelephonyRegistry.broadcastServiceStateChanged:2870 com.android.server.TelephonyRegistry.notifyServiceStateForPhoneId:1608 com.android.internal.telephony.ITelephonyRegistry$Stub.onTransact:455 android.os.Binder.execTransactInternal:1184 
01-31 09:23:23.294  7390  7423 W BroadcastQueue: Permission Denial: receiving Intent { act=android.intent.action.SERVICE_STATE flg=0x1000010 (has extras) } to ProcessRecord{73f2d9e 8671:com.google.android.wearable.app:background/u0a393} (pid=8671, uid=10393) requires android.permission.READ_PRIVILEGED_PHONE_STATE due to sender android (uid 1001)
01-31 09:23:23.340  7390  7423 W BroadcastQueue: Permission Denial: receiving Intent { act=android.intent.action.SERVICE_STATE flg=0x1000010 (has extras) } to ProcessRecord{c9233a0 7578:com.android.systemui/u0a54} (pid=7578, uid=10054) requires android.permission.READ_PHONE_STATE due to sender android (uid 1001)
01-31 09:23:23.341  7390  7863 W ContextImpl: Calling a method in the system process without a qualified user: android.app.ContextImpl.sendBroadcastMultiplePermissions:1256 com.android.server.TelephonyRegistry.broadcastServiceStateChanged:2870 com.android.server.TelephonyRegistry.notifyServiceStateForPhoneId:1608 com.android.internal.telephony.ITelephonyRegistry$Stub.onTransact:455 android.os.Binder.execTransactInternal:1184 
01-31 09:23:23.341  7390  7423 W BroadcastQueue: Permission Denial: receiving Intent { act=android.intent.action.SERVICE_STATE flg=0x1000010 (has extras) } to com.google.android.cellbroadcastreceiver/com.android.cellbroadcastreceiver.CellBroadcastReceiver requires android.permission.READ_PHONE_STATE due to sender android (uid 1001)
01-31 09:23:23.343  7390  7423 W BroadcastQueue: Permission Denial: receiving Intent { act=android.intent.action.SERVICE_STATE flg=0x1000010 (has extras) } to ProcessRecord{73f2d9e 8671:com.google.android.wearable.app:background/u0a393} (pid=8671, uid=10393) requires android.permission.READ_PRIVILEGED_PHONE_STATE due to sender android (uid 1001)
01-31 09:23:23.353  7390  7434 W PowerManagerService: Screen on took 348 ms
01-31 09:23:23.353  7390  7434 I DreamManagerService: Gently waking up from dream.
01-31 09:23:23.353  7390  7407 I DreamManagerService: Performing gentle wake from dream.
01-31 09:23:23.372  7390  7863 I SoundTriggerService: getModelState(): id = 9f6ad62a-1f0b-11e7-87c5-40a8f03d3f15
01-31 09:23:23.392  7390  8219 I DreamManagerService: Leaving dreamland.
01-31 09:23:23.392  7390  7407 I DreamManagerService: Performing gentle wake from dream.
01-31 09:23:23.392  7390  7407 I DreamController: Stopping dream: name=ComponentInfo{com.android.systemui/com.android.systemui.doze.DozeService}, isTest=false, canDoze=true, userId=0, reason='finished self'(from 'requested stopDream')
01-31 09:23:23.418  7390  7390 V SoundTriggerService: 9f6ad62a-1f0b-11e7-87c5-40a8f03d3f15: Generic sound trigger event: GenericRecognitionEvent ::RecognitionEvent [status=3, soundModelHandle=89, captureAvailable=true, captureSession=937121, captureDelayMs=0, capturePreambleMs=0, triggerInData=false, sampleRate=16000, encoding=2, channelMask=16, data=12]
01-31 09:23:23.428  7390  7863 D CompatibilityChangeReporter: Compat change id reported: 168419799; UID 10495; state: DISABLED
01-31 09:23:23.433  7390  7390 V SoundTriggerService: 9f6ad62a-1f0b-11e7-87c5-40a8f03d3f15: onServiceConnected(android.os.BinderProxy@ac5fe3f)
01-31 09:23:23.434  7390  7390 V SoundTriggerService: 9f6ad62a-1f0b-11e7-87c5-40a8f03d3f15: runOp 0
01-31 09:23:23.967  7390  9866 V SoundTriggerService: 9f6ad62a-1f0b-11e7-87c5-40a8f03d3f15: destroy
01-31 09:23:23.967  7390  7403 I SoundTriggerService: startRecognition(): id = 9f6ad62a-1f0b-11e7-87c5-40a8f03d3f15
01-31 09:23:23.968  7390  7403 W SoundTriggerHelper: Canceling previous recognition for model id: 9f6ad62a-1f0b-11e7-87c5-40a8f03d3f15
01-31 09:23:23.968  7390  7403 V SoundTriggerService: 9f6ad62a-1f0b-11e7-87c5-40a8f03d3f15: onError: -2147483648
01-31 09:23:23.969  7390  7403 W SoundTriggerService: 9f6ad62a-1f0b-11e7-87c5-40a8f03d3f15: Dropped operation as already destroyed or marked for destruction
01-31 09:23:23.997  7390  7403 I SoundTriggerHelper: startRecognition successful.
01-31 09:23:23.997  7390  7403 W SoundTriggerService: error onStart(): Model 9f6ad62a-1f0b-11e7-87c5-40a8f03d3f15 already started
01-31 09:23:23.997  7390  7403 I SoundTriggerService: deleteSoundModel(): id = 12caddb1-acdb-4dce-8cb0-2e95a2313aee
01-31 09:23:23.997  7390  7403 W SoundTriggerHelper: Unload error: Attempting unload invalid generic model with id:12caddb1-acdb-4dce-8cb0-2e95a2313aee
01-31 09:23:23.997  7390  7403 W SoundTriggerService: error onStop(): Model 12caddb1-acdb-4dce-8cb0-2e95a2313aee has no stats available
01-31 09:23:24.029  7390  7390 V Biometrics/AcquisitionClient: Acquired: 7 0, shouldSend: true
01-31 09:23:24.487  7390  7390 V Biometrics/AcquisitionClient: Acquired: 0 0, shouldSend: true
01-31 09:23:24.491  7390  7390 V Biometrics/LoggableMonitor: Authentication latency: 463
01-31 09:23:24.491  7390  7390 V Biometrics/AuthenticationClient: onAuthenticated(true), ID:1909858644, Owner: com.android.systemui, isBP: false, listener: com.android.server.biometrics.sensors.ClientMonitorCallbackConverter@819b1ed, requireConfirmation: false, user: 0, clientMonitor: {[116] FingerprintAuthenticationClient, proto=3, owner=com.android.systemui, cookie=0, userId=0}
01-31 09:23:24.491  7390  7390 W Biometrics/AuthenticationClient: Allowing background authentication, this is allowed only for platform or test invocations
01-31 09:23:24.508  7390  7390 D Biometrics/AuthenticationClient: addAuthToken: 0
01-31 09:23:24.510  7390  7390 D BiometricScheduler/Fingerprint21: [Finishing] {[116] FingerprintAuthenticationClient, proto=3, owner=com.android.systemui, cookie=0, userId=0}, success: true
01-31 09:23:24.510  7390  7390 D BiometricCoexCoordinator: removeAuthenticationClient(OtherFp), client: {[116] FingerprintAuthenticationClient, proto=3, owner=com.android.systemui, cookie=0, userId=0}
01-31 09:23:24.510  7390  7390 D FingerprintService: Client finished, fps state updated to 0, client {[116] FingerprintAuthenticationClient, proto=3, owner=com.android.systemui, cookie=0, userId=0}
01-31 09:23:24.510  7390  7390 D GestureAvailabilityTracker: Notifying gesture availability, active=true
01-31 09:23:24.510  7390  7390 D BiometricScheduler/Fingerprint21: No operations, returning to idle
01-31 09:23:24.516  7390 10983 D ActivityTaskManager: Top Process State changed to PROCESS_STATE_TOP
01-31 09:23:24.614  7390  7423 W BroadcastQueue: Background execution not allowed: receiving Intent { act=android.intent.action.USER_PRESENT flg=0x24200010 } to com.android.chrome/org.chromium.chrome.browser.sharing.click_to_call.ClickToCallMessageHandler$PhoneUnlockedReceiver
01-31 09:23:24.614  7390  7423 W BroadcastQueue: Background execution not allowed: receiving Intent { act=android.intent.action.USER_PRESENT flg=0x24200010 } to com.google.android.gms/.auth.setup.devicesignals.LockScreenReceiver
01-31 09:23:24.614  7390  7423 W BroadcastQueue: Background execution not allowed: receiving Intent { act=android.intent.action.USER_PRESENT flg=0x24200010 } to com.google.android.gms/.chimera.GmsIntentOperationService$PersistentTrustedReceiver
01-31 09:23:24.614  7390  7423 W BroadcastQueue: Background execution not allowed: receiving Intent { act=android.intent.action.USER_PRESENT flg=0x24200010 } to com.alibaba.aliexpresshd/.receiver.SystemBroadcastReceiver
01-31 09:23:24.614  7390  7423 W BroadcastQueue: Background execution not allowed: receiving Intent { act=android.intent.action.USER_PRESENT flg=0x24200010 } to com.alibaba.aliexpresshd/com.taobao.accs.EventReceiver
01-31 09:23:24.614  7390  7423 W BroadcastQueue: Background execution not allowed: receiving Intent { act=android.intent.action.USER_PRESENT flg=0x24200010 } to com.instagram.android/com.instagram.push.FbnsInitBroadcastReceiver
01-31 09:23:24.635  7390 10984 W ActivityManager: Background start not allowed: service Intent { act=Orca.START cmp=com.instagram.android/com.facebook.rti.push.service.FbnsService (has extras) } to com.instagram.android/com.facebook.rti.push.service.FbnsService from pid=12530 uid=10433 pkg=com.instagram.android startFg?=false
01-31 09:23:24.803  7390  7423 W BroadcastQueue: Permission Denial: broadcasting Intent { act=com.google.android.apps.gmm.NAVIGATION_STATE flg=0x10 pkg=com.google.android.googlequicksearchbox (has extras) } from null (pid=-1, uid=-1) requires com.google.android.googlequicksearchbox.permission.LAUNCH_FROM_GMM due to registered receiver BroadcastFilter{6cac5bf 10059/u0 ReceiverList{704ffde 12534 com.google.android.googlequicksearchbox:search/10059/u0 remote:3bf6319}}
01-31 09:23:24.803  7390  7423 W BroadcastQueue: Permission Denial: broadcasting Intent { act=com.google.android.apps.gmm.NAVIGATION_STATE flg=0x10 pkg=com.google.android.gms (has extras) } from null (pid=-1, uid=-1) requires com.google.android.googlequicksearchbox.permission.LAUNCH_FROM_GMM due to registered receiver BroadcastFilter{6cac5bf 10059/u0 ReceiverList{704ffde 12534 com.google.android.googlequicksearchbox:search/10059/u0 remote:3bf6319}}
01-31 09:23:24.977  7390  7390 W Looper  : Slow dispatch took 364ms main h=android.app.ActivityThread$H c=android.app.LoadedApk$ReceiverDispatcher$Args$$ExternalSyntheticLambda0@5562f66 m=0
01-31 09:23:24.977  7390  7390 W Looper  : Slow delivery took 366ms main h=android.app.ActivityThread$H c=android.app.LoadedApk$ReceiverDispatcher$Args$$ExternalSyntheticLambda0@70772a7 m=0
01-31 09:23:24.979  7390  7390 W Looper  : Drained
01-31 09:23:25.637  7390  7408 I ActivityTaskManager: START u0 {act=android.intent.action.MAIN cat=[android.intent.category.HOME] flg=0x10000100 cmp=com.google.android.apps.nexuslauncher/.NexusLauncherActivity (has extras)} from uid 0
01-31 09:23:25.756  7390 10983 I ActivityManager: Process com.google.android.gms.unstable (pid 12436) has died: cch+85 CEM 
01-31 09:23:25.806  7390 10984 I ActivityManager: Process com.samsung.android.oneconnect:Core (pid 14748) has died: cch+75 CEM 
01-31 09:23:25.819  7390 10984 I ActivityManager: Process com.google.android.turboadapter (pid 14927) has died: cch+75 CEM 
01-31 09:23:27.166  7390  9865 I ActivityTaskManager: START u0 {act=android.intent.action.MAIN cat=[android.intent.category.LAUNCHER] flg=0x10200000 cmp=io.homeassistant.companion.android/.launch.LaunchActivity bnds=[842,99][1043,391]} from uid 10057
01-31 09:23:27.191  7390  9865 W ActivityTaskManager: Can't find TaskDisplayArea to determine support for multi window. Task id=82500 attached=false
01-31 09:23:27.195  7390  9865 D CompatibilityChangeReporter: Compat change id reported: 174042980; UID 10497; state: DISABLED
01-31 09:23:27.196  7390  9865 D CompatibilityChangeReporter: Compat change id reported: 184838306; UID 10497; state: DISABLED
01-31 09:23:27.196  7390  9865 D CompatibilityChangeReporter: Compat change id reported: 185004937; UID 10497; state: DISABLED
01-31 09:23:27.197  7390  9865 D CompatibilityChangeReporter: Compat change id reported: 181136395; UID 10497; state: DISABLED
01-31 09:23:27.197  7390  9865 D CompatibilityChangeReporter: Compat change id reported: 174042936; UID 10497; state: DISABLED
01-31 09:23:27.398  7390 10613 I ActivityTaskManager: START u0 {cmp=io.homeassistant.companion.android/.webview.WebViewActivity (has extras)} from uid 10497
01-31 09:23:27.478  7390  7411 D CompatibilityChangeReporter: Compat change id reported: 158002302; UID 10497; state: ENABLED
01-31 09:23:27.546  7390  9865 W ActivityTaskManager: Tried to set launchTime (0) < mLastActivityLaunchTime (138514508)
01-31 09:23:27.639  7390 10613 D CompatibilityChangeReporter: Compat change id reported: 135634846; UID 10497; state: DISABLED
01-31 09:23:27.639  7390  7424 D CompatibilityChangeReporter: Compat change id reported: 143937733; UID 10497; state: ENABLED
01-31 09:23:27.662  7390  7424 I ActivityManager: Start proc 16112:com.google.android.webview:sandboxed_process0:org.chromium.content.app.SandboxedProcessService0:0/u0i94 for  {io.homeassistant.companion.android/org.chromium.content.app.SandboxedProcessService0:0}
01-31 09:23:27.915  7390 10983 D CompatibilityChangeReporter: Compat change id reported: 168419799; UID 10105; state: DISABLED
01-31 09:23:29.197  7390 10983 D CompatibilityChangeReporter: Compat change id reported: 168419799; UID 10008; state: DISABLED
01-31 09:23:29.294  7390  9865 I ActivityManager: Process com.google.android.euicc (pid 14185) has died: cch+75 CEM 
01-31 09:23:29.326  7390  7425 I ActivityManager: Process PhantomProcessRecord {843478e 13482:12922:nightwatch.txt/u0a318} died
01-31 09:23:29.370  7390  9865 I ActivityManager: Process com.facebook.katana (pid 12922) has died: cch+95 CEM 
01-31 09:23:29.371 12530 12530 I ActivityThread: Removing dead content provider:android.content.ContentProviderProxy@8a1b71a
01-31 09:24:05.736  7390  7870 W AppOps  : Noting op not finished: uid 10025 pkg com.google.android.gms code 79 startTime of in progress event=1675101616338
01-31 09:24:05.760  7390  9865 W AppOps  : Noting op not finished: uid 10126 pkg com.google.android.apps.maps code 79 startTime of in progress event=1675110177573
01-31 09:24:05.764  7390  9865 W AppOps  : Noting op not finished: uid 10039 pkg com.google.android.apps.scone code 79 startTime of in progress event=1675068376349
01-31 09:24:05.775  7390  9865 W AppOps  : Noting op not finished: uid 10173 pkg com.urbandroid.sleep code 79 startTime of in progress event=1675110177479
01-31 09:24:05.943  7390  7600 W AppOps  : Noting op not finished: uid 10126 pkg com.google.android.apps.maps code 79 startTime of in progress event=1675110245936
01-31 09:24:12.036  7390  9230 W AppOps  : Noting op not finished: uid 10025 pkg com.google.android.gms code 79 startTime of in progress event=1675101616338
01-31 09:24:12.037  7390  9230 W AppOps  : Noting op not finished: uid 10126 pkg com.google.android.apps.maps code 79 startTime of in progress event=1675110245978
01-31 09:24:12.042  7390  9230 W AppOps  : Noting op not finished: uid 10039 pkg com.google.android.apps.scone code 79 startTime of in progress event=1675068376349
01-31 09:24:12.046  7390  9230 W AppOps  : Noting op not finished: uid 10173 pkg com.urbandroid.sleep code 79 startTime of in progress event=1675110246104
01-31 09:24:12.070  7390 10984 W AppOps  : Noting op not finished: uid 10126 pkg com.google.android.apps.maps code 79 startTime of in progress event=1675110252068
01-31 09:24:18.440  7390  9865 W AppOps  : Noting op not finished: uid 10025 pkg com.google.android.gms code 79 startTime of in progress event=1675101616338
01-31 09:24:18.446  7390  9230 W AppOps  : Noting op not finished: uid 10126 pkg com.google.android.apps.maps code 79 startTime of in progress event=1675110252084
01-31 09:24:18.450  7390  9865 W AppOps  : Noting op not finished: uid 10039 pkg com.google.android.apps.scone code 79 startTime of in progress event=1675068376349
01-31 09:24:18.454  7390 10984 W AppOps  : Noting op not finished: uid 10173 pkg com.urbandroid.sleep code 79 startTime of in progress event=1675110252130
01-31 09:24:18.496  7390  9230 W AppOps  : Noting op not finished: uid 10126 pkg com.google.android.apps.maps code 79 startTime of in progress event=1675110258494
01-31 09:24:24.873  7390  9865 W AppOps  : Noting op not finished: uid 10025 pkg com.google.android.gms code 79 startTime of in progress event=1675101616338
01-31 09:24:24.875  7390  9865 W AppOps  : Noting op not finished: uid 10126 pkg com.google.android.apps.maps code 79 startTime of in progress event=1675110258504
01-31 09:24:24.878  7390  9865 W AppOps  : Noting op not finished: uid 10039 pkg com.google.android.apps.scone code 79 startTime of in progress event=1675068376349
01-31 09:24:24.880  7390  9865 W AppOps  : Noting op not finished: uid 10173 pkg com.urbandroid.sleep code 79 startTime of in progress event=1675110258524
01-31 09:24:24.918  7390  7663 W AppOps  : Noting op not finished: uid 10126 pkg com.google.android.apps.maps code 79 startTime of in progress event=1675110264911
01-31 09:24:28.502  7390  7663 D CompatibilityChangeReporter: Compat change id reported: 135634846; UID 10412; state: DISABLED
01-31 09:24:28.502  7390  7663 D CompatibilityChangeReporter: Compat change id reported: 177438394; UID 10412; state: DISABLED
01-31 09:24:28.502  7390  7663 D CompatibilityChangeReporter: Compat change id reported: 135772972; UID 10412; state: DISABLED
01-31 09:24:28.502  7390  7663 D CompatibilityChangeReporter: Compat change id reported: 135754954; UID 10412; state: ENABLED
01-31 09:24:28.502  7390  7424 D CompatibilityChangeReporter: Compat change id reported: 143937733; UID 10412; state: ENABLED
01-31 09:24:28.511  7390  7424 I ActivityManager: Start proc 16266:com.google.android.turboadapter/u0a412 for service {com.google.android.turboadapter/com.google.android.turboadapter.GoogleBatteryService}
01-31 09:24:28.575  7390  9230 D CompatibilityChangeReporter: Compat change id reported: 168419799; UID 10412; state: DISABLED
01-31 09:24:28.576  7390  9230 D CompatibilityChangeReporter: Compat change id reported: 181136395; UID 10497; state: DISABLED
01-31 09:24:28.577  7390  9230 D CompatibilityChangeReporter: Compat change id reported: 174042936; UID 10497; state: DISABLED
01-31 09:24:28.585  7390  7423 D CompatibilityChangeReporter: Compat change id reported: 135634846; UID 10413; state: DISABLED
01-31 09:24:28.585  7390  7423 D CompatibilityChangeReporter: Compat change id reported: 177438394; UID 10413; state: DISABLED
01-31 09:24:28.586  7390  7423 D CompatibilityChangeReporter: Compat change id reported: 135772972; UID 10413; state: DISABLED
01-31 09:24:28.586  7390  7423 D CompatibilityChangeReporter: Compat change id reported: 135754954; UID 10413; state: ENABLED
01-31 09:24:28.586  7390  7424 D CompatibilityChangeReporter: Compat change id reported: 143937733; UID 10413; state: ENABLED
01-31 09:24:28.593  7390  7424 I ActivityManager: Start proc 16282:com.google.android.flipendo/u0a413 for broadcast {com.google.android.flipendo/com.google.android.flipendo.receiver.PowerSaveModeChangedBroadcastReceiver}
01-31 09:24:28.603  7390  7663 D CompatibilityChangeReporter: Compat change id reported: 168419799; UID 10497; state: DISABLED
01-31 09:24:40.877  7390  7663 W AppOps  : Noting op not finished: uid 10025 pkg com.google.android.gms code 79 startTime of in progress event=1675101616338
01-31 09:24:40.882  7390  9230 W AppOps  : Noting op not finished: uid 10126 pkg com.google.android.apps.maps code 79 startTime of in progress event=1675110264931
01-31 09:24:40.885  7390  9230 W AppOps  : Noting op not finished: uid 10039 pkg com.google.android.apps.scone code 79 startTime of in progress event=1675068376349
01-31 09:24:40.887  7390  9230 W AppOps  : Noting op not finished: uid 10173 pkg com.urbandroid.sleep code 79 startTime of in progress event=1675110264946
01-31 09:24:40.936  7390  9230 W AppOps  : Noting op not finished: uid 10126 pkg com.google.android.apps.maps code 79 startTime of in progress event=1675110280931
01-31 09:24:46.017  7390  9230 W AppOps  : Noting op not finished: uid 10173 pkg com.urbandroid.sleep code 79 startTime of in progress event=1675110280957
01-31 09:24:46.025  7390 10984 W AppOps  : Noting op not finished: uid 10126 pkg com.google.android.apps.maps code 79 startTime of in progress event=1675110280950
01-31 09:24:46.030  7390  9230 W AppOps  : Noting op not finished: uid 10346 pkg com.google.android.gms.location.history code 79 startTime of in progress event=1675037432798
01-31 09:24:46.035  7390  9230 W AppOps  : Noting op not finished: uid 10025 pkg com.google.android.gms code 113 startTime of in progress event=1675101616338
01-31 09:25:01.959  7390  7390 I ContentCaptureManagerService: Content capture data sharing session terminated successfully for package 'com.google.android.googlequicksearchbox'
