--------- beginning of crash
01-30 13:09:07.660   726   726 F libc    : crash_dump helper failed to exec, or was killed
01-30 13:09:08.967   703   703 F libc    : crash_dump helper failed to exec, or was killed
01-30 13:09:41.171   726   726 F libc    : crash_dump helper failed to exec, or was killed
01-30 13:09:42.315   703   703 F libc    : crash_dump helper failed to exec, or was killed
01-30 13:09:47.709 22153 22175 E AndroidRuntime: FATAL EXCEPTION: UiThreadHelper
01-30 13:09:47.709 22153 22175 E AndroidRuntime: Process: com.google.android.apps.nexuslauncher, PID: 22153
01-30 13:09:47.709 22153 22175 E AndroidRuntime: DeadSystemException: The system died; earlier logs will point to the root cause
01-30 13:09:47.711  2528  2922 E AndroidRuntime: FATAL EXCEPTION: pool-4-thread-1
01-30 13:09:47.711  2528  2922 E AndroidRuntime: Process: com.android.systemui, PID: 2528
01-30 13:09:47.711  2528  2922 E AndroidRuntime: DeadSystemException: The system died; earlier logs will point to the root cause
01-30 13:09:47.714  6818  6818 E AndroidRuntime: FATAL EXCEPTION: main
01-30 13:09:47.714  6818  6818 E AndroidRuntime: PID: 6818
01-30 13:09:47.714  6818  6818 E AndroidRuntime: DeadSystemException: The system died; earlier logs will point to the root cause
01-30 13:09:47.718  6756  6756 E AndroidRuntime: FATAL EXCEPTION: main
01-30 13:09:47.718  6756  6756 E AndroidRuntime: Process: com.urbandroid.sleep, PID: 6756
01-30 13:09:47.718  6756  6756 E AndroidRuntime: DeadSystemException: The system died; earlier logs will point to the root cause
01-30 13:09:47.735  6472  6472 E AndroidRuntime: FATAL EXCEPTION: main
01-30 13:09:47.735  6472  6472 E AndroidRuntime: Process: com.google.android.apps.maps, PID: 6472
01-30 13:09:47.735  6472  6472 E AndroidRuntime: DeadSystemException: The system died; earlier logs will point to the root cause
01-30 13:09:47.745  6472  6596 E AndroidRuntime: FATAL EXCEPTION: GoogleApiHandler
01-30 13:09:47.745  6472  6596 E AndroidRuntime: Process: com.google.android.apps.maps, PID: 6472
01-30 13:09:47.745  6472  6596 E AndroidRuntime: DeadSystemException: The system died; earlier logs will point to the root cause
--------- beginning of system
01-31 09:23:23.341  7390  7863 W ContextImpl: Calling a method in the system process without a qualified user: android.app.ContextImpl.sendBroadcastMultiplePermissions:1256 com.android.server.TelephonyRegistry.broadcastServiceStateChanged:2870 com.android.server.TelephonyRegistry.notifyServiceStateForPhoneId:1608 com.android.internal.telephony.ITelephonyRegistry$Stub.onTransact:455 android.os.Binder.execTransactInternal:1184 
01-31 09:23:23.341  7390  7423 W BroadcastQueue: Permission Denial: receiving Intent { act=android.intent.action.SERVICE_STATE flg=0x1000010 (has extras) } to com.google.android.cellbroadcastreceiver/com.android.cellbroadcastreceiver.CellBroadcastReceiver requires android.permission.READ_PHONE_STATE due to sender android (uid 1001)
01-31 09:23:23.343  7390  7423 W BroadcastQueue: Permission Denial: receiving Intent { act=android.intent.action.SERVICE_STATE flg=0x1000010 (has extras) } to ProcessRecord{73f2d9e 8671:com.google.android.wearable.app:background/u0a393} (pid=8671, uid=10393) requires android.permission.READ_PRIVILEGED_PHONE_STATE due to sender android (uid 1001)
01-31 09:23:23.353  7390  7434 W PowerManagerService: Screen on took 348 ms
01-31 09:23:23.353  7390  7434 I DreamManagerService: Gently waking up from dream.
01-31 09:23:23.353  7390  7407 I DreamManagerService: Performing gentle wake from dream.
01-31 09:23:23.372  7390  7863 I SoundTriggerService: getModelState(): id = 9f6ad62a-1f0b-11e7-87c5-40a8f03d3f15
01-31 09:23:23.392  7390  8219 I DreamManagerService: Leaving dreamland.
01-31 09:23:23.392  7390  7407 I DreamManagerService: Performing gentle wake from dream.
01-31 09:23:23.392  7390  7407 I DreamController: Stopping dream: name=ComponentInfo{com.android.systemui/com.android.systemui.doze.DozeService}, isTest=false, canDoze=true, userId=0, reason='finished self'(from 'requested stopDream')
01-31 09:23:23.418  7390  7390 V SoundTriggerService: 9f6ad62a-1f0b-11e7-87c5-40a8f03d3f15: Generic sound trigger event: GenericRecognitionEvent ::RecognitionEvent [status=3, soundModelHandle=89, captureAvailable=true, captureSession=937121, captureDelayMs=0, capturePreambleMs=0, triggerInData=false, sampleRate=16000, encoding=2, channelMask=16, data=12]
01-31 09:23:23.428  7390  7863 D CompatibilityChangeReporter: Compat change id reported: 168419799; UID 10495; state: DISABLED
01-31 09:23:23.433  7390  7390 V SoundTriggerService: 9f6ad62a-1f0b-11e7-87c5-40a8f03d3f15: onServiceConnected(android.os.BinderProxy@ac5fe3f)
01-31 09:23:23.434  7390  7390 V SoundTriggerService: 9f6ad62a-1f0b-11e7-87c5-40a8f03d3f15: runOp 0
01-31 09:23:23.967  7390  9866 V SoundTriggerService: 9f6ad62a-1f0b-11e7-87c5-40a8f03d3f15: destroy
01-31 09:23:23.967  7390  7403 I SoundTriggerService: startRecognition(): id = 9f6ad62a-1f0b-11e7-87c5-40a8f03d3f15
01-31 09:23:23.968  7390  7403 W SoundTriggerHelper: Canceling previous recognition for model id: 9f6ad62a-1f0b-11e7-87c5-40a8f03d3f15
01-31 09:23:23.968  7390  7403 V SoundTriggerService: 9f6ad62a-1f0b-11e7-87c5-40a8f03d3f15: onError: -2147483648
01-31 09:23:23.969  7390  7403 W SoundTriggerService: 9f6ad62a-1f0b-11e7-87c5-40a8f03d3f15: Dropped operation as already destroyed or marked for destruction
01-31 09:23:23.997  7390  7403 I SoundTriggerHelper: startRecognition successful.
01-31 09:23:23.997  7390  7403 W SoundTriggerService: error onStart(): Model 9f6ad62a-1f0b-11e7-87c5-40a8f03d3f15 already started
01-31 09:23:23.997  7390  7403 I SoundTriggerService: deleteSoundModel(): id = 12caddb1-acdb-4dce-8cb0-2e95a2313aee
01-31 09:23:23.997  7390  7403 W SoundTriggerHelper: Unload error: Attempting unload invalid generic model with id:12caddb1-acdb-4dce-8cb0-2e95a2313aee
01-31 09:23:23.997  7390  7403 W SoundTriggerService: error onStop(): Model 12caddb1-acdb-4dce-8cb0-2e95a2313aee has no stats available
01-31 09:23:24.029  7390  7390 V Biometrics/AcquisitionClient: Acquired: 7 0, shouldSend: true
01-31 09:23:24.487  7390  7390 V Biometrics/AcquisitionClient: Acquired: 0 0, shouldSend: true
01-31 09:23:24.491  7390  7390 V Biometrics/LoggableMonitor: Authentication latency: 463
01-31 09:23:24.491  7390  7390 V Biometrics/AuthenticationClient: onAuthenticated(true), ID:1909858644, Owner: com.android.systemui, isBP: false, listener: com.android.server.biometrics.sensors.ClientMonitorCallbackConverter@819b1ed, requireConfirmation: false, user: 0, clientMonitor: {[116] FingerprintAuthenticationClient, proto=3, owner=com.android.systemui, cookie=0, userId=0}
01-31 09:23:24.491  7390  7390 W Biometrics/AuthenticationClient: Allowing background authentication, this is allowed only for platform or test invocations
01-31 09:23:24.508  7390  7390 D Biometrics/AuthenticationClient: addAuthToken: 0
01-31 09:23:24.510  7390  7390 D BiometricScheduler/Fingerprint21: [Finishing] {[116] FingerprintAuthenticationClient, proto=3, owner=com.android.systemui, cookie=0, userId=0}, success: true
01-31 09:23:24.510  7390  7390 D BiometricCoexCoordinator: removeAuthenticationClient(OtherFp), client: {[116] FingerprintAuthenticationClient, proto=3, owner=com.android.systemui, cookie=0, userId=0}
01-31 09:23:24.510  7390  7390 D FingerprintService: Client finished, fps state updated to 0, client {[116] FingerprintAuthenticationClient, proto=3, owner=com.android.systemui, cookie=0, userId=0}
01-31 09:23:24.510  7390  7390 D GestureAvailabilityTracker: Notifying gesture availability, active=true
01-31 09:23:24.510  7390  7390 D BiometricScheduler/Fingerprint21: No operations, returning to idle
01-31 09:23:24.516  7390 10983 D ActivityTaskManager: Top Process State changed to PROCESS_STATE_TOP
01-31 09:23:24.614  7390  7423 W BroadcastQueue: Background execution not allowed: receiving Intent { act=android.intent.action.USER_PRESENT flg=0x24200010 } to com.android.chrome/org.chromium.chrome.browser.sharing.click_to_call.ClickToCallMessageHandler$PhoneUnlockedReceiver
01-31 09:23:24.614  7390  7423 W BroadcastQueue: Background execution not allowed: receiving Intent { act=android.intent.action.USER_PRESENT flg=0x24200010 } to com.google.android.gms/.auth.setup.devicesignals.LockScreenReceiver
01-31 09:23:24.614  7390  7423 W BroadcastQueue: Background execution not allowed: receiving Intent { act=android.intent.action.USER_PRESENT flg=0x24200010 } to com.google.android.gms/.chimera.GmsIntentOperationService$PersistentTrustedReceiver
01-31 09:23:24.614  7390  7423 W BroadcastQueue: Background execution not allowed: receiving Intent { act=android.intent.action.USER_PRESENT flg=0x24200010 } to com.alibaba.aliexpresshd/.receiver.SystemBroadcastReceiver
01-31 09:23:24.614  7390  7423 W BroadcastQueue: Background execution not allowed: receiving Intent { act=android.intent.action.USER_PRESENT flg=0x24200010 } to com.alibaba.aliexpresshd/com.taobao.accs.EventReceiver
01-31 09:23:24.614  7390  7423 W BroadcastQueue: Background execution not allowed: receiving Intent { act=android.intent.action.USER_PRESENT flg=0x24200010 } to com.instagram.android/com.instagram.push.FbnsInitBroadcastReceiver
01-31 09:23:24.635  7390 10984 W ActivityManager: Background start not allowed: service Intent { act=Orca.START cmp=com.instagram.android/com.facebook.rti.push.service.FbnsService (has extras) } to com.instagram.android/com.facebook.rti.push.service.FbnsService from pid=12530 uid=10433 pkg=com.instagram.android startFg?=false
01-31 09:23:24.803  7390  7423 W BroadcastQueue: Permission Denial: broadcasting Intent { act=com.google.android.apps.gmm.NAVIGATION_STATE flg=0x10 pkg=com.google.android.googlequicksearchbox (has extras) } from null (pid=-1, uid=-1) requires com.google.android.googlequicksearchbox.permission.LAUNCH_FROM_GMM due to registered receiver BroadcastFilter{6cac5bf 10059/u0 ReceiverList{704ffde 12534 com.google.android.googlequicksearchbox:search/10059/u0 remote:3bf6319}}
01-31 09:23:24.803  7390  7423 W BroadcastQueue: Permission Denial: broadcasting Intent { act=com.google.android.apps.gmm.NAVIGATION_STATE flg=0x10 pkg=com.google.android.gms (has extras) } from null (pid=-1, uid=-1) requires com.google.android.googlequicksearchbox.permission.LAUNCH_FROM_GMM due to registered receiver BroadcastFilter{6cac5bf 10059/u0 ReceiverList{704ffde 12534 com.google.android.googlequicksearchbox:search/10059/u0 remote:3bf6319}}
01-31 09:23:24.977  7390  7390 W Looper  : Slow dispatch took 364ms main h=android.app.ActivityThread$H c=android.app.LoadedApk$ReceiverDispatcher$Args$$ExternalSyntheticLambda0@5562f66 m=0
01-31 09:23:24.977  7390  7390 W Looper  : Slow delivery took 366ms main h=android.app.ActivityThread$H c=android.app.LoadedApk$ReceiverDispatcher$Args$$ExternalSyntheticLambda0@70772a7 m=0
01-31 09:23:24.979  7390  7390 W Looper  : Drained
01-31 09:23:25.637  7390  7408 I ActivityTaskManager: START u0 {act=android.intent.action.MAIN cat=[android.intent.category.HOME] flg=0x10000100 cmp=com.google.android.apps.nexuslauncher/.NexusLauncherActivity (has extras)} from uid 0
01-31 09:23:25.756  7390 10983 I ActivityManager: Process com.google.android.gms.unstable (pid 12436) has died: cch+85 CEM 
01-31 09:23:25.806  7390 10984 I ActivityManager: Process com.samsung.android.oneconnect:Core (pid 14748) has died: cch+75 CEM 
01-31 09:23:25.819  7390 10984 I ActivityManager: Process com.google.android.turboadapter (pid 14927) has died: cch+75 CEM 
01-31 09:23:27.166  7390  9865 I ActivityTaskManager: START u0 {act=android.intent.action.MAIN cat=[android.intent.category.LAUNCHER] flg=0x10200000 cmp=io.homeassistant.companion.android/.launch.LaunchActivity bnds=[842,99][1043,391]} from uid 10057
01-31 09:23:27.191  7390  9865 W ActivityTaskManager: Can't find TaskDisplayArea to determine support for multi window. Task id=82500 attached=false
01-31 09:23:27.195  7390  9865 D CompatibilityChangeReporter: Compat change id reported: 174042980; UID 10497; state: DISABLED
01-31 09:23:27.196  7390  9865 D CompatibilityChangeReporter: Compat change id reported: 184838306; UID 10497; state: DISABLED
01-31 09:23:27.196  7390  9865 D CompatibilityChangeReporter: Compat change id reported: 185004937; UID 10497; state: DISABLED
01-31 09:23:27.197  7390  9865 D CompatibilityChangeReporter: Compat change id reported: 181136395; UID 10497; state: DISABLED
01-31 09:23:27.197  7390  9865 D CompatibilityChangeReporter: Compat change id reported: 174042936; UID 10497; state: DISABLED
01-31 09:23:27.398  7390 10613 I ActivityTaskManager: START u0 {cmp=io.homeassistant.companion.android/.webview.WebViewActivity (has extras)} from uid 10497
01-31 09:23:27.478  7390  7411 D CompatibilityChangeReporter: Compat change id reported: 158002302; UID 10497; state: ENABLED
01-31 09:23:27.546  7390  9865 W ActivityTaskManager: Tried to set launchTime (0) < mLastActivityLaunchTime (138514508)
01-31 09:23:27.639  7390 10613 D CompatibilityChangeReporter: Compat change id reported: 135634846; UID 10497; state: DISABLED
01-31 09:23:27.639  7390  7424 D CompatibilityChangeReporter: Compat change id reported: 143937733; UID 10497; state: ENABLED
01-31 09:23:27.662  7390  7424 I ActivityManager: Start proc 16112:com.google.android.webview:sandboxed_process0:org.chromium.content.app.SandboxedProcessService0:0/u0i94 for  {io.homeassistant.companion.android/org.chromium.content.app.SandboxedProcessService0:0}
01-31 09:23:27.915  7390 10983 D CompatibilityChangeReporter: Compat change id reported: 168419799; UID 10105; state: DISABLED
01-31 09:23:29.197  7390 10983 D CompatibilityChangeReporter: Compat change id reported: 168419799; UID 10008; state: DISABLED
01-31 09:23:29.294  7390  9865 I ActivityManager: Process com.google.android.euicc (pid 14185) has died: cch+75 CEM 
01-31 09:23:29.326  7390  7425 I ActivityManager: Process PhantomProcessRecord {843478e 13482:12922:nightwatch.txt/u0a318} died
01-31 09:23:29.370  7390  9865 I ActivityManager: Process com.facebook.katana (pid 12922) has died: cch+95 CEM 
01-31 09:23:29.371 12530 12530 I ActivityThread: Removing dead content provider:android.content.ContentProviderProxy@8a1b71a
01-31 09:24:05.736  7390  7870 W AppOps  : Noting op not finished: uid 10025 pkg com.google.android.gms code 79 startTime of in progress event=1675101616338
01-31 09:24:05.760  7390  9865 W AppOps  : Noting op not finished: uid 10126 pkg com.google.android.apps.maps code 79 startTime of in progress event=1675110177573
01-31 09:24:05.764  7390  9865 W AppOps  : Noting op not finished: uid 10039 pkg com.google.android.apps.scone code 79 startTime of in progress event=1675068376349
01-31 09:24:05.775  7390  9865 W AppOps  : Noting op not finished: uid 10173 pkg com.urbandroid.sleep code 79 startTime of in progress event=1675110177479
01-31 09:24:05.943  7390  7600 W AppOps  : Noting op not finished: uid 10126 pkg com.google.android.apps.maps code 79 startTime of in progress event=1675110245936
01-31 09:24:12.036  7390  9230 W AppOps  : Noting op not finished: uid 10025 pkg com.google.android.gms code 79 startTime of in progress event=1675101616338
01-31 09:24:12.037  7390  9230 W AppOps  : Noting op not finished: uid 10126 pkg com.google.android.apps.maps code 79 startTime of in progress event=1675110245978
01-31 09:24:12.042  7390  9230 W AppOps  : Noting op not finished: uid 10039 pkg com.google.android.apps.scone code 79 startTime of in progress event=1675068376349
01-31 09:24:12.046  7390  9230 W AppOps  : Noting op not finished: uid 10173 pkg com.urbandroid.sleep code 79 startTime of in progress event=1675110246104
01-31 09:24:12.070  7390 10984 W AppOps  : Noting op not finished: uid 10126 pkg com.google.android.apps.maps code 79 startTime of in progress event=1675110252068
01-31 09:24:18.440  7390  9865 W AppOps  : Noting op not finished: uid 10025 pkg com.google.android.gms code 79 startTime of in progress event=1675101616338
01-31 09:24:18.446  7390  9230 W AppOps  : Noting op not finished: uid 10126 pkg com.google.android.apps.maps code 79 startTime of in progress event=1675110252084
01-31 09:24:18.450  7390  9865 W AppOps  : Noting op not finished: uid 10039 pkg com.google.android.apps.scone code 79 startTime of in progress event=1675068376349
01-31 09:24:18.454  7390 10984 W AppOps  : Noting op not finished: uid 10173 pkg com.urbandroid.sleep code 79 startTime of in progress event=1675110252130
01-31 09:24:18.496  7390  9230 W AppOps  : Noting op not finished: uid 10126 pkg com.google.android.apps.maps code 79 startTime of in progress event=1675110258494
01-31 09:24:24.873  7390  9865 W AppOps  : Noting op not finished: uid 10025 pkg com.google.android.gms code 79 startTime of in progress event=1675101616338
01-31 09:24:24.875  7390  9865 W AppOps  : Noting op not finished: uid 10126 pkg com.google.android.apps.maps code 79 startTime of in progress event=1675110258504
01-31 09:24:24.878  7390  9865 W AppOps  : Noting op not finished: uid 10039 pkg com.google.android.apps.scone code 79 startTime of in progress event=1675068376349
01-31 09:24:24.880  7390  9865 W AppOps  : Noting op not finished: uid 10173 pkg com.urbandroid.sleep code 79 startTime of in progress event=1675110258524
01-31 09:24:24.918  7390  7663 W AppOps  : Noting op not finished: uid 10126 pkg com.google.android.apps.maps code 79 startTime of in progress event=1675110264911
01-31 09:24:28.502  7390  7663 D CompatibilityChangeReporter: Compat change id reported: 135634846; UID 10412; state: DISABLED
01-31 09:24:28.502  7390  7663 D CompatibilityChangeReporter: Compat change id reported: 177438394; UID 10412; state: DISABLED
01-31 09:24:28.502  7390  7663 D CompatibilityChangeReporter: Compat change id reported: 135772972; UID 10412; state: DISABLED
01-31 09:24:28.502  7390  7663 D CompatibilityChangeReporter: Compat change id reported: 135754954; UID 10412; state: ENABLED
01-31 09:24:28.502  7390  7424 D CompatibilityChangeReporter: Compat change id reported: 143937733; UID 10412; state: ENABLED
01-31 09:24:28.511  7390  7424 I ActivityManager: Start proc 16266:com.google.android.turboadapter/u0a412 for service {com.google.android.turboadapter/com.google.android.turboadapter.GoogleBatteryService}
01-31 09:24:28.575  7390  9230 D CompatibilityChangeReporter: Compat change id reported: 168419799; UID 10412; state: DISABLED
01-31 09:24:28.576  7390  9230 D CompatibilityChangeReporter: Compat change id reported: 181136395; UID 10497; state: DISABLED
01-31 09:24:28.577  7390  9230 D CompatibilityChangeReporter: Compat change id reported: 174042936; UID 10497; state: DISABLED
01-31 09:24:28.585  7390  7423 D CompatibilityChangeReporter: Compat change id reported: 135634846; UID 10413; state: DISABLED
01-31 09:24:28.585  7390  7423 D CompatibilityChangeReporter: Compat change id reported: 177438394; UID 10413; state: DISABLED
01-31 09:24:28.586  7390  7423 D CompatibilityChangeReporter: Compat change id reported: 135772972; UID 10413; state: DISABLED
01-31 09:24:28.586  7390  7423 D CompatibilityChangeReporter: Compat change id reported: 135754954; UID 10413; state: ENABLED
01-31 09:24:28.586  7390  7424 D CompatibilityChangeReporter: Compat change id reported: 143937733; UID 10413; state: ENABLED
01-31 09:24:28.593  7390  7424 I ActivityManager: Start proc 16282:com.google.android.flipendo/u0a413 for broadcast {com.google.android.flipendo/com.google.android.flipendo.receiver.PowerSaveModeChangedBroadcastReceiver}
01-31 09:24:28.603  7390  7663 D CompatibilityChangeReporter: Compat change id reported: 168419799; UID 10497; state: DISABLED
01-31 09:24:40.877  7390  7663 W AppOps  : Noting op not finished: uid 10025 pkg com.google.android.gms code 79 startTime of in progress event=1675101616338
01-31 09:24:40.882  7390  9230 W AppOps  : Noting op not finished: uid 10126 pkg com.google.android.apps.maps code 79 startTime of in progress event=1675110264931
01-31 09:24:40.885  7390  9230 W AppOps  : Noting op not finished: uid 10039 pkg com.google.android.apps.scone code 79 startTime of in progress event=1675068376349
01-31 09:24:40.887  7390  9230 W AppOps  : Noting op not finished: uid 10173 pkg com.urbandroid.sleep code 79 startTime of in progress event=1675110264946
01-31 09:24:40.936  7390  9230 W AppOps  : Noting op not finished: uid 10126 pkg com.google.android.apps.maps code 79 startTime of in progress event=1675110280931
01-31 09:24:46.017  7390  9230 W AppOps  : Noting op not finished: uid 10173 pkg com.urbandroid.sleep code 79 startTime of in progress event=1675110280957
01-31 09:24:46.025  7390 10984 W AppOps  : Noting op not finished: uid 10126 pkg com.google.android.apps.maps code 79 startTime of in progress event=1675110280950
01-31 09:24:46.030  7390  9230 W AppOps  : Noting op not finished: uid 10346 pkg com.google.android.gms.location.history code 79 startTime of in progress event=1675037432798
01-31 09:24:46.035  7390  9230 W AppOps  : Noting op not finished: uid 10025 pkg com.google.android.gms code 113 startTime of in progress event=1675101616338
01-31 09:25:01.959  7390  7390 I ContentCaptureManagerService: Content capture data sharing session terminated successfully for package 'com.google.android.googlequicksearchbox'
01-31 09:25:02.061  7390  7390 D WindowManager: powerPress: eventTime=138609223 interactive=true count=0 beganFromNonInteractive=false mShortPressOnPowerBehavior=1
01-31 09:25:02.062  7390  7390 I PowerManagerService: Powering off display group due to power_button (groupId= 0, uid= 1000)...
01-31 09:25:02.062  7390  7390 I PowerManagerService: Going to sleep due to power_button (uid 1000)...
01-31 09:25:02.088  7390 10984 D BiometricUtils: isEncrypted: false isLockdown: false
01-31 09:25:02.088  7390  7390 D BiometricScheduler/Fingerprint21: [Added] {[117] FingerprintUpdateActiveUserClient, proto=1, owner=android, cookie=0, userId=0}, new queue size: 1
01-31 09:25:02.088  7390  7390 D BiometricScheduler/Fingerprint21: [Polled] {[117] FingerprintUpdateActiveUserClient, proto=1, owner=android, cookie=0, userId=0}, State: 0
01-31 09:25:02.088  7390  7390 D BiometricScheduler/Fingerprint21: [Starting] {[117] FingerprintUpdateActiveUserClient, proto=1, owner=android, cookie=0, userId=0}, State: 0
01-31 09:25:02.088  7390  7390 D BiometricScheduler/Fingerprint21: [Started] {[117] FingerprintUpdateActiveUserClient, proto=1, owner=android, cookie=0, userId=0}
01-31 09:25:02.088  7390  7390 D FingerprintUpdateActiveUserClient: Already user: 0, returning
01-31 09:25:02.089  7390  7390 D BiometricScheduler/Fingerprint21: [Added] {[118] FingerprintAuthenticationClient, proto=3, owner=com.android.systemui, cookie=0, userId=0}, new queue size: 1
01-31 09:25:02.089  7390  7390 V BiometricScheduler/Fingerprint21: Not idle, current operation: {[117] FingerprintUpdateActiveUserClient, proto=1, owner=android, cookie=0, userId=0}, State: 2
01-31 09:25:02.089  7390  7390 D BiometricScheduler/Fingerprint21: [Finishing] {[117] FingerprintUpdateActiveUserClient, proto=1, owner=android, cookie=0, userId=0}, success: true
01-31 09:25:02.089  7390  7390 D BiometricScheduler/Fingerprint21: [Polled] {[118] FingerprintAuthenticationClient, proto=3, owner=com.android.systemui, cookie=0, userId=0}, State: 0
01-31 09:25:02.089  7390  7390 D GestureAvailabilityTracker: Notifying gesture availability, active=false
01-31 09:25:02.089  7390  7390 D BiometricScheduler/Fingerprint21: [Starting] {[118] FingerprintAuthenticationClient, proto=3, owner=com.android.systemui, cookie=0, userId=0}, State: 0
01-31 09:25:02.089  7390  7390 D BiometricScheduler/Fingerprint21: [Started] {[118] FingerprintAuthenticationClient, proto=3, owner=com.android.systemui, cookie=0, userId=0}
01-31 09:25:02.089  7390  7390 D BiometricCoexCoordinator: addAuthenticationClient(OtherFp), client: {[118] FingerprintAuthenticationClient, proto=3, owner=com.android.systemui, cookie=0, userId=0}
01-31 09:25:02.089  7390  7390 D FingerprintService: Fps state updated from 0 to 2, client {[118] FingerprintAuthenticationClient, proto=3, owner=com.android.systemui, cookie=0, userId=0}
01-31 09:25:02.089  7390  7390 D Biometrics/AuthenticationClient: Requesting auth for com.android.systemui
01-31 09:25:02.588  7390  7434 I DisplayPowerController[0]: Blocking screen off
01-31 09:25:02.588  7390  7434 I DisplayPowerController[0]: Unblocked screen off after 0 ms
01-31 09:25:02.601  7390  7434 D ActivityTaskManager: Top Process State changed to PROCESS_STATE_TOP_SLEEPING
01-31 09:25:02.606  7390  7410 W ProcessStats: Tracking association SourceState{574bc44 com.google.android.gms/10025 Top #224645} whose proc state 1 is better than process ProcessState{bef8f46 com.google.android.gms.persistent/10025 pkg=com.google.android.gms} proc state 2 (15 skipped)
01-31 09:25:02.626  7390  7434 V DisplayPowerController[0]: Brightness [0.0] reason changing to: 'screen_off', previous reason: 'automatic'.
01-31 09:25:02.631  7390  7410 I DisplayDeviceRepository: Display device changed state: "Built-in Screen", OFF
01-31 09:25:02.639  7390  7411 D CompatibilityChangeReporter: Compat change id reported: 158002302; UID 10497; state: ENABLED
01-31 09:25:02.764  7390  7434 I DreamManagerService: Entering dreamland.
01-31 09:25:02.764  7390  7434 I PowerManagerService: Dozing...
01-31 09:25:02.765  7390  7407 I DreamController: Starting dream: name=ComponentInfo{com.android.systemui/com.android.systemui.doze.DozeService}, isTest=false, canDoze=true, userId=0
01-31 09:25:02.898  7390 10984 I ActivityManager: Process com.instagram.android (pid 12530) has died: cch+75 CEM 
01-31 09:25:03.401  7390  9865 W BroadcastQueue: Skipping deliver [foreground] BroadcastRecord{c4a6805 u-1 android.intent.action.SCREEN_OFF} to ReceiverList{48e6da3 12530 com.instagram.android/10433/u0 remote:c1888d2}: process gone or crashing
01-31 09:25:08.742  7390 10984 W AppOps  : Noting op not finished: uid 10025 pkg com.google.android.gms code 79 startTime of in progress event=1675101616338
01-31 09:25:08.758  7390 10984 W AppOps  : Noting op not finished: uid 10126 pkg com.google.android.apps.maps code 79 startTime of in progress event=1675110286036
01-31 09:25:08.764  7390 10984 W AppOps  : Noting op not finished: uid 10039 pkg com.google.android.apps.scone code 79 startTime of in progress event=1675068376349
01-31 09:25:08.774  7390 10984 W AppOps  : Noting op not finished: uid 10173 pkg com.urbandroid.sleep code 79 startTime of in progress event=1675110286040
01-31 09:25:08.888  7390  9856 W AppOps  : Noting op not finished: uid 10126 pkg com.google.android.apps.maps code 79 startTime of in progress event=1675110308882
01-31 09:25:46.101  7390 10613 W AppOps  : Noting op not finished: uid 10173 pkg com.urbandroid.sleep code 79 startTime of in progress event=1675110308902
01-31 09:25:46.109  7390  9865 W AppOps  : Noting op not finished: uid 10126 pkg com.google.android.apps.maps code 79 startTime of in progress event=1675110308910
01-31 09:25:46.113  7390  9856 W AppOps  : Noting op not finished: uid 10346 pkg com.google.android.gms.location.history code 79 startTime of in progress event=1675037432798
01-31 09:25:46.118  7390  9856 W AppOps  : Noting op not finished: uid 10025 pkg com.google.android.gms code 113 startTime of in progress event=1675101616338
01-31 09:25:51.077  7390  7410 W ProcessStats: Tracking association SourceState{574bc44 com.google.android.gms/10025 Top #224803} whose proc state 1 is better than process ProcessState{bef8f46 com.google.android.gms.persistent/10025 pkg=com.google.android.gms} proc state 2 (53 skipped)
01-31 09:25:51.214  7390  9856 W AppOps  : Noting op not finished: uid 10173 pkg com.urbandroid.sleep code 79 startTime of in progress event=1675110346115
01-31 09:25:51.223  7390  9856 W AppOps  : Noting op not finished: uid 10126 pkg com.google.android.apps.maps code 79 startTime of in progress event=1675110346119
01-31 09:25:51.226  7390 10613 W AppOps  : Noting op not finished: uid 10346 pkg com.google.android.gms.location.history code 79 startTime of in progress event=1675037432798
01-31 09:25:51.233  7390  9856 W AppOps  : Noting op not finished: uid 10025 pkg com.google.android.gms code 113 startTime of in progress event=1675101616338
01-31 09:25:54.663  7390  9856 W AppOps  : Noting op not finished: uid 10173 pkg com.urbandroid.sleep code 79 startTime of in progress event=1675110351254
01-31 09:26:29.659  7390  7455 W ProcessStats: Tracking association SourceState{574bc44 com.google.android.gms/10025 Top #224863} whose proc state 1 is better than process ProcessState{bef8f46 com.google.android.gms.persistent/10025 pkg=com.google.android.gms} proc state 2 (41 skipped)
01-31 09:27:03.061  7390  7455 D CompatibilityChangeReporter: Compat change id reported: 171306433; UID 10035; state: ENABLED
01-31 09:27:12.862  7390  7390 I ContentCaptureManagerService: Content capture data sharing session terminated successfully for package 'com.google.android.googlequicksearchbox'
01-31 09:27:16.801  7390  9856 W ProcessStats: Tracking association SourceState{574bc44 com.google.android.gms/10025 Top #224883} whose proc state 1 is better than process ProcessState{bef8f46 com.google.android.gms.persistent/10025 pkg=com.google.android.gms} proc state 2 (11 skipped)
01-31 09:28:51.557  7390  9230 W ProcessStats: Tracking association SourceState{574bc44 com.google.android.gms/10025 Top #224900} whose proc state 1 is better than process ProcessState{bef8f46 com.google.android.gms.persistent/10025 pkg=com.google.android.gms} proc state 2 (11 skipped)
01-31 09:29:35.332  7390  7390 I ContentCaptureManagerService: Content capture data sharing session terminated successfully for package 'com.google.android.googlequicksearchbox'
01-31 09:30:14.541  7390  7422 E DiscreteRegistry: Deleting file 1675023647910tl
01-31 09:30:20.674  7390  9865 W ProcessStats: Tracking association SourceState{574bc44 com.google.android.gms/10025 Top #224910} whose proc state 1 is better than process ProcessState{bef8f46 com.google.android.gms.persistent/10025 pkg=com.google.android.gms} proc state 2 (6 skipped)
01-31 09:30:20.983  7390  7390 W NotificationHistory: Attempted to add notif for locked/gone/disabled user 0
01-31 09:30:26.428  7390  7473 I PowerManagerService: Powering on display group fromDozing (groupId=0, uid=1000, reason=WAKE_REASON_POWER_BUTTON, details=android.policy:POWER)...
01-31 09:30:26.428  7390  7473 I PowerManagerService: Waking up from Dozing (uid=1000, reason=WAKE_REASON_POWER_BUTTON, details=android.policy:POWER)...
01-31 09:30:26.433  7390  7434 I DisplayPowerController[0]: Blocking screen on until initial contents have been drawn.
01-31 09:30:26.447  7390  7434 V DisplayPowerController[0]: Brightness [0.2442093] reason changing to: 'manual', previous reason: 'screen_off'.
01-31 09:30:26.449  7390  7410 I DisplayDeviceRepository: Display device changed state: "Built-in Screen", ON
01-31 09:30:26.473  7390  7430 D KernelCpuUidUserSysTimeReader: Removing uids 99092-99092
01-31 09:30:26.558  7390 10984 I SoundTriggerService: getModelState(): id = 9f6ad62a-1f0b-11e7-87c5-40a8f03d3f15
01-31 09:30:26.559  7390  7390 I WindowManager: Suppressed redundant power key press while already in the process of turning the screen on.
01-31 09:30:26.563  7390  7434 V DisplayPowerController[0]: Brightness [0.24413644] reason changing to: 'automatic', previous reason: 'manual'.
01-31 09:30:26.598  7390  7390 V SoundTriggerService: 9f6ad62a-1f0b-11e7-87c5-40a8f03d3f15: Generic sound trigger event: GenericRecognitionEvent ::RecognitionEvent [status=3, soundModelHandle=89, captureAvailable=true, captureSession=937121, captureDelayMs=0, capturePreambleMs=0, triggerInData=false, sampleRate=16000, encoding=2, channelMask=16, data=11]
01-31 09:30:26.602  7390  7434 I DisplayPowerController[0]: Unblocked screen on after 169 ms
01-31 09:30:26.625  7390  7390 V SoundTriggerService: 9f6ad62a-1f0b-11e7-87c5-40a8f03d3f15: onServiceConnected(android.os.BinderProxy@15b8711)
01-31 09:30:26.625  7390  7390 V SoundTriggerService: 9f6ad62a-1f0b-11e7-87c5-40a8f03d3f15: runOp 0
01-31 09:30:26.690  7390  7434 W PowerManagerService: Screen on took 272 ms
01-31 09:30:26.690  7390  7434 I DreamManagerService: Gently waking up from dream.
01-31 09:30:26.690  7390  7407 I DreamManagerService: Performing gentle wake from dream.
01-31 09:30:26.737  7390 10613 I DreamManagerService: Leaving dreamland.
01-31 09:30:26.737  7390  7407 I DreamManagerService: Performing gentle wake from dream.
01-31 09:30:26.737  7390  7407 I DreamController: Stopping dream: name=ComponentInfo{com.android.systemui/com.android.systemui.doze.DozeService}, isTest=false, canDoze=true, userId=0, reason='finished self'(from 'requested stopDream')
01-31 09:30:27.207  7390  7863 V SoundTriggerService: 9f6ad62a-1f0b-11e7-87c5-40a8f03d3f15: destroy
01-31 09:30:27.207  7390  9183 I SoundTriggerService: startRecognition(): id = 9f6ad62a-1f0b-11e7-87c5-40a8f03d3f15
01-31 09:30:27.207  7390  9183 W SoundTriggerHelper: Canceling previous recognition for model id: 9f6ad62a-1f0b-11e7-87c5-40a8f03d3f15
01-31 09:30:27.207  7390  9183 V SoundTriggerService: 9f6ad62a-1f0b-11e7-87c5-40a8f03d3f15: onError: -2147483648
01-31 09:30:27.210  7390  9183 W SoundTriggerService: 9f6ad62a-1f0b-11e7-87c5-40a8f03d3f15: Dropped operation as already destroyed or marked for destruction
01-31 09:30:27.253  7390  9183 I SoundTriggerHelper: startRecognition successful.
01-31 09:30:27.254  7390  9183 W SoundTriggerService: error onStart(): Model 9f6ad62a-1f0b-11e7-87c5-40a8f03d3f15 already started
01-31 09:30:27.255  7390  9183 I SoundTriggerService: deleteSoundModel(): id = 12caddb1-acdb-4dce-8cb0-2e95a2313aee
01-31 09:30:27.255  7390  9183 W SoundTriggerHelper: Unload error: Attempting unload invalid generic model with id:12caddb1-acdb-4dce-8cb0-2e95a2313aee
01-31 09:30:27.255  7390  9183 W SoundTriggerService: error onStop(): Model 12caddb1-acdb-4dce-8cb0-2e95a2313aee has no stats available
01-31 09:30:32.299  7390  7390 V Biometrics/AcquisitionClient: Acquired: 7 0, shouldSend: true
01-31 09:30:32.682  7390  7390 V Biometrics/AcquisitionClient: Acquired: 0 0, shouldSend: true
01-31 09:30:32.685  7390  7390 V Biometrics/LoggableMonitor: Authentication latency: 386
01-31 09:30:32.685  7390  7390 V Biometrics/AuthenticationClient: onAuthenticated(true), ID:1909858644, Owner: com.android.systemui, isBP: false, listener: com.android.server.biometrics.sensors.ClientMonitorCallbackConverter@f68216b, requireConfirmation: false, user: 0, clientMonitor: {[118] FingerprintAuthenticationClient, proto=3, owner=com.android.systemui, cookie=0, userId=0}
01-31 09:30:32.685  7390  7390 W Biometrics/AuthenticationClient: Allowing background authentication, this is allowed only for platform or test invocations
01-31 09:30:32.693  7390  7390 D Biometrics/AuthenticationClient: addAuthToken: 0
01-31 09:30:32.695  7390  7390 D BiometricScheduler/Fingerprint21: [Finishing] {[118] FingerprintAuthenticationClient, proto=3, owner=com.android.systemui, cookie=0, userId=0}, success: true
01-31 09:30:32.695  7390  7390 D BiometricCoexCoordinator: removeAuthenticationClient(OtherFp), client: {[118] FingerprintAuthenticationClient, proto=3, owner=com.android.systemui, cookie=0, userId=0}
01-31 09:30:32.695  7390  7390 D FingerprintService: Client finished, fps state updated to 0, client {[118] FingerprintAuthenticationClient, proto=3, owner=com.android.systemui, cookie=0, userId=0}
01-31 09:30:32.695  7390  7390 D GestureAvailabilityTracker: Notifying gesture availability, active=true
01-31 09:30:32.695  7390  7390 D BiometricScheduler/Fingerprint21: No operations, returning to idle
01-31 09:30:32.701  7390 10613 W ProcessStats: Tracking association SourceState{574bc44 com.google.android.gms/10025 Top #225028} whose proc state 1 is better than process ProcessState{bef8f46 com.google.android.gms.persistent/10025 pkg=com.google.android.gms} proc state 2 (89 skipped)
01-31 09:30:32.702  7390 10613 I ActivityTaskManager: START u0 {act=thread:51037 flg=0x10000000 cmp=eu.faircode.email/.ActivityView (has extras)} from uid 10214
01-31 09:30:32.739  7390  7390 D TwilightService: onLocationChanged: provider=fused accuracy=14.829 time=1675110632712
01-31 09:30:32.747  7390 10613 W AppOps  : Noting op not finished: uid 10173 pkg com.urbandroid.sleep code 79 startTime of in progress event=1675110354713
01-31 09:30:32.752  7390  9856 W AppOps  : Noting op not finished: uid 10126 pkg com.google.android.apps.maps code 79 startTime of in progress event=1675110351260
01-31 09:30:32.754  7390  9856 W AppOps  : Noting op not finished: uid 10346 pkg com.google.android.gms.location.history code 79 startTime of in progress event=1675037432798
01-31 09:30:32.757  7390  9856 W AppOps  : Noting op not finished: uid 10025 pkg com.google.android.gms code 113 startTime of in progress event=1675101616338
01-31 09:30:32.827  7390  7408 W Looper  : Slow dispatch took 100ms android.ui h=com.android.server.am.ActivityManagerService$UiHandler c=null m=68
01-31 09:30:32.899  7390  9856 W AppOps  : Noting op not finished: uid 10126 pkg com.google.android.apps.maps code 79 startTime of in progress event=1675110632896
01-31 09:30:32.967  7390 10613 W AppOps  : Noting op not finished: uid 10126 pkg com.google.android.apps.maps code 79 startTime of in progress event=1675110632964
01-31 09:30:33.137  7390 10613 W ActivityManager: Background start not allowed: service Intent { act=com.whatsapp.messaging.MessageService.START cmp=com.whatsapp/.messaging.MessageService } to com.whatsapp/.messaging.MessageService from pid=15036 uid=10255 pkg=com.whatsapp startFg?=false
01-31 09:30:33.170  7390 10984 D ActivityTaskManager: Top Process State changed to PROCESS_STATE_TOP
01-31 09:30:33.410  7390 10984 I ActivityTaskManager: Activity reported stop, but no longer stopping: ActivityRecord{15d5c1d u0 eu.faircode.email/.ActivityView t82491} RESUMED
01-31 09:30:33.450  7390  7423 W BroadcastQueue: Permission Denial: broadcasting Intent { act=com.google.android.apps.gmm.NAVIGATION_STATE flg=0x10 pkg=com.google.android.googlequicksearchbox (has extras) } from null (pid=-1, uid=-1) requires com.google.android.googlequicksearchbox.permission.LAUNCH_FROM_GMM due to registered receiver BroadcastFilter{7f6206 10059/u0 ReceiverList{80ad4e1 12534 com.google.android.googlequicksearchbox:search/10059/u0 remote:ec12e48}}
01-31 09:30:33.451  7390  7423 W BroadcastQueue: Permission Denial: broadcasting Intent { act=com.google.android.apps.gmm.NAVIGATION_STATE flg=0x10 pkg=com.google.android.gms (has extras) } from null (pid=-1, uid=-1) requires com.google.android.googlequicksearchbox.permission.LAUNCH_FROM_GMM due to registered receiver BroadcastFilter{7f6206 10059/u0 ReceiverList{80ad4e1 12534 com.google.android.googlequicksearchbox:search/10059/u0 remote:ec12e48}}
01-31 09:30:33.650  7390  7390 W Looper  : Slow dispatch took 339ms main h=android.app.ActivityThread$H c=android.app.LoadedApk$ReceiverDispatcher$Args$$ExternalSyntheticLambda0@c6bdf9a m=0
01-31 09:30:33.650  7390  7390 W Looper  : Slow delivery took 340ms main h=android.app.ActivityThread$H c=android.app.LoadedApk$ReceiverDispatcher$Args$$ExternalSyntheticLambda0@32b50cb m=0
01-31 09:30:33.653  7390  7390 W Looper  : Drained
01-31 09:30:33.658  7390  7390 D CompatibilityChangeReporter: Compat change id reported: 175319604; UID 1000; state: ENABLED
01-31 09:30:34.611  7390  7450 D CompatibilityChangeReporter: Compat change id reported: 135634846; UID 10318; state: DISABLED
01-31 09:30:34.611  7390  7450 D CompatibilityChangeReporter: Compat change id reported: 177438394; UID 10318; state: DISABLED
01-31 09:30:34.612  7390  7450 D CompatibilityChangeReporter: Compat change id reported: 135772972; UID 10318; state: DISABLED
01-31 09:30:34.612  7390  7450 D CompatibilityChangeReporter: Compat change id reported: 135754954; UID 10318; state: ENABLED
01-31 09:30:34.612  7390  7424 D CompatibilityChangeReporter: Compat change id reported: 143937733; UID 10318; state: ENABLED
01-31 09:30:34.621  7390  7424 I ActivityManager: Start proc 16553:com.facebook.katana/u0a318 for broadcast {com.facebook.katana/com.google.firebase.iid.FirebaseInstanceIdReceiver}
01-31 09:30:34.831  7390  9865 I ActivityManager: Process com.android.providers.calendar (pid 14563) has died: cch+95 CEM 
01-31 09:30:35.341  7390  7665 W BroadcastQueue: Background execution not allowed: receiving Intent { act=android.intent.action.USER_PRESENT flg=0x24200010 } to com.android.chrome/org.chromium.chrome.browser.sharing.click_to_call.ClickToCallMessageHandler$PhoneUnlockedReceiver
01-31 09:30:35.344  7390  7423 W BroadcastQueue: Background execution not allowed: receiving Intent { act=android.intent.action.USER_PRESENT flg=0x24200010 } to com.google.android.gms/.auth.setup.devicesignals.LockScreenReceiver
01-31 09:30:35.344  7390  7423 W BroadcastQueue: Background execution not allowed: receiving Intent { act=android.intent.action.USER_PRESENT flg=0x24200010 } to com.google.android.gms/.chimera.GmsIntentOperationService$PersistentTrustedReceiver
01-31 09:30:35.344  7390  7423 W BroadcastQueue: Background execution not allowed: receiving Intent { act=android.intent.action.USER_PRESENT flg=0x24200010 } to com.alibaba.aliexpresshd/.receiver.SystemBroadcastReceiver
01-31 09:30:35.344  7390  7423 W BroadcastQueue: Background execution not allowed: receiving Intent { act=android.intent.action.USER_PRESENT flg=0x24200010 } to com.alibaba.aliexpresshd/com.taobao.accs.EventReceiver
01-31 09:30:35.344  7390  7423 W BroadcastQueue: Background execution not allowed: receiving Intent { act=android.intent.action.USER_PRESENT flg=0x24200010 } to com.instagram.android/com.instagram.push.FbnsInitBroadcastReceiver
01-31 09:30:36.070  7390  9865 D CompatibilityChangeReporter: Compat change id reported: 183164979; UID 10318; state: ENABLED
01-31 09:30:40.956  7390  7665 W ActivityManager: Background start not allowed: service Intent { act=Orca.START cmp=com.facebook.katana/com.facebook.mqttlite.MqttService (has extras) } to com.facebook.katana/com.facebook.mqttlite.MqttService from pid=16553 uid=10318 pkg=com.facebook.katana startFg?=false
01-31 09:30:41.940  7390  7423 W BroadcastQueue: Permission Denial: broadcasting Intent { act=android.net.conn.CONNECTIVITY_CHANGE flg=0x4200010 (has extras) } from null (pid=-1, uid=-1) requires com.facebook.permission.prod.FB_APP_COMMUNICATION due to registered receiver BroadcastFilter{18df0d4 10318/u0 ReceiverList{6be4627 16553 com.facebook.katana/10318/u0 remote:41e20e6}}
01-31 09:30:42.133 16553 16642 E ActivityThread: Failed to find provider info for com.facebook.appmanager.firstparty.crashreporter
01-31 09:30:42.389  7390  7390 D CompatibilityChangeReporter: Compat change id reported: 135634846; UID 10210; state: DISABLED
01-31 09:30:42.389  7390  7390 D CompatibilityChangeReporter: Compat change id reported: 177438394; UID 10210; state: DISABLED
01-31 09:30:42.389  7390  7390 D CompatibilityChangeReporter: Compat change id reported: 135772972; UID 10210; state: DISABLED
01-31 09:30:42.389  7390  7390 D CompatibilityChangeReporter: Compat change id reported: 135754954; UID 10210; state: ENABLED
01-31 09:30:42.389  7390  7424 D CompatibilityChangeReporter: Compat change id reported: 143937733; UID 10210; state: ENABLED
01-31 09:30:42.403  7390  7424 I ActivityManager: Start proc 16700:com.nextcloud.client/u0a210 for service {com.nextcloud.client/androidx.work.impl.background.systemjob.SystemJobService}
01-31 09:30:42.439  7390  7876 D CompatibilityChangeReporter: Compat change id reported: 168419799; UID 10210; state: DISABLED
01-31 09:30:43.411  7390  7407 D CompanionDeviceManagerService: onPackageModified(packageName = com.facebook.katana)
01-31 09:30:43.439  7390  7407 D CompatibilityChangeReporter: Compat change id reported: 135634846; UID 10329; state: DISABLED
01-31 09:30:43.439  7390  7407 D CompatibilityChangeReporter: Compat change id reported: 177438394; UID 10329; state: DISABLED
01-31 09:30:43.440  7390  7407 D CompatibilityChangeReporter: Compat change id reported: 135772972; UID 10329; state: DISABLED
01-31 09:30:43.440  7390  7407 D CompatibilityChangeReporter: Compat change id reported: 135754954; UID 10329; state: ENABLED
01-31 09:30:43.440  7390  7424 D CompatibilityChangeReporter: Compat change id reported: 143937733; UID 10329; state: ENABLED
01-31 09:30:43.447  7390  7390 I Telecom : DefaultDialerCache: Refreshing default dialer for user 0: now com.google.android.dialer: DDC.oR@ESQ
01-31 09:30:43.447  7390  7390 I Telecom : DefaultDialerCache: Refreshing default dialer for user 10: now null: DDC.oR@ESQ
01-31 09:30:43.447  7390  7390 I Telecom : DefaultDialerCache: Refreshing default dialer for user 11: now com.google.android.dialer: DDC.oR@ESQ
01-31 09:30:43.452  7390  7424 I ActivityManager: Start proc 16765:com.google.android.permissioncontroller/u0a329 for service {com.google.android.permissioncontroller/com.android.permissioncontroller.permission.service.PermissionControllerServiceImpl}
01-31 09:30:43.463  7390  7450 D CompatibilityChangeReporter: Compat change id reported: 135634846; UID 10061; state: DISABLED
01-31 09:30:43.464  7390  7450 D CompatibilityChangeReporter: Compat change id reported: 177438394; UID 10061; state: DISABLED
01-31 09:30:43.464  7390  7450 D CompatibilityChangeReporter: Compat change id reported: 135772972; UID 10061; state: DISABLED
01-31 09:30:43.464  7390  7450 D CompatibilityChangeReporter: Compat change id reported: 135754954; UID 10061; state: ENABLED
01-31 09:30:43.464  7390  7424 D CompatibilityChangeReporter: Compat change id reported: 143937733; UID 10061; state: ENABLED
01-31 09:30:43.477  7390  7424 I ActivityManager: Start proc 16774:com.google.android.euicc/u0a61 for service {com.google.android.euicc/com.android.euicc.service.EuiccServiceImpl}
01-31 09:30:43.498  7390 10613 D CompatibilityChangeReporter: Compat change id reported: 168419799; UID 10329; state: DISABLED
01-31 09:30:43.513  7390 10613 D CompatibilityChangeReporter: Compat change id reported: 168419799; UID 10061; state: DISABLED
01-31 09:30:49.771  7390 10984 W AppOps  : Noting op not finished: uid 10025 pkg com.google.android.gms code 79 startTime of in progress event=1675101616338
01-31 09:30:49.800  7390  9856 W AppOps  : Noting op not finished: uid 10126 pkg com.google.android.apps.maps code 79 startTime of in progress event=1675110632982
01-31 09:30:49.810  7390  9856 W AppOps  : Noting op not finished: uid 10039 pkg com.google.android.apps.scone code 79 startTime of in progress event=1675068376349
01-31 09:30:49.817  7390  9856 W AppOps  : Noting op not finished: uid 10173 pkg com.urbandroid.sleep code 79 startTime of in progress event=1675110632780
01-31 09:30:49.889  7390 10984 E AppOps  : Operation not started: uid=10126 pkg=com.google.android.apps.maps(null) op=MONITOR_LOCATION
01-31 09:30:49.933  7390  9856 W AppOps  : Noting op not finished: uid 10126 pkg com.google.android.apps.maps code 79 startTime of in progress event=1675110649927
01-31 09:31:28.253  7390 10613 W AppOps  : Noting op not finished: uid 10025 pkg com.google.android.gms code 79 startTime of in progress event=1675101616338
01-31 09:31:28.257  7390 10613 W AppOps  : Noting op not finished: uid 10126 pkg com.google.android.apps.maps code 79 startTime of in progress event=1675110649971
01-31 09:31:28.264  7390 10613 W AppOps  : Noting op not finished: uid 10039 pkg com.google.android.apps.scone code 79 startTime of in progress event=1675068376349
01-31 09:31:28.274  7390 10984 W AppOps  : Noting op not finished: uid 10173 pkg com.urbandroid.sleep code 79 startTime of in progress event=1675110650039
01-31 09:31:28.346  7390  9183 W AppOps  : Noting op not finished: uid 10126 pkg com.google.android.apps.maps code 79 startTime of in progress event=1675110688343
01-31 09:31:41.039  7390  9183 W AppOps  : Noting op not finished: uid 10025 pkg com.google.android.gms code 79 startTime of in progress event=1675101616338
01-31 09:31:41.051  7390  9183 W AppOps  : Noting op not finished: uid 10126 pkg com.google.android.apps.maps code 79 startTime of in progress event=1675110688358
01-31 09:31:41.056  7390 10984 W AppOps  : Noting op not finished: uid 10039 pkg com.google.android.apps.scone code 79 startTime of in progress event=1675068376349
01-31 09:31:41.061  7390 10984 W AppOps  : Noting op not finished: uid 10173 pkg com.urbandroid.sleep code 79 startTime of in progress event=1675110688416
01-31 09:31:41.122  7390  9183 W AppOps  : Noting op not finished: uid 10126 pkg com.google.android.apps.maps code 79 startTime of in progress event=1675110701119
01-31 09:31:43.245  7390  7390 I ContentCaptureManagerService: Content capture data sharing session terminated successfully for package 'com.google.android.googlequicksearchbox'
01-31 09:31:47.652  7390  7863 W AppOps  : Noting op not finished: uid 10025 pkg com.google.android.gms code 79 startTime of in progress event=1675101616338
01-31 09:31:47.654  7390  7863 W AppOps  : Noting op not finished: uid 10126 pkg com.google.android.apps.maps code 79 startTime of in progress event=1675110701133
01-31 09:31:47.660  7390  7863 W AppOps  : Noting op not finished: uid 10039 pkg com.google.android.apps.scone code 79 startTime of in progress event=1675068376349
01-31 09:31:47.668  7390  7450 W AppOps  : Noting op not finished: uid 10173 pkg com.urbandroid.sleep code 79 startTime of in progress event=1675110701132
01-31 09:31:47.704  7390  9856 W AppOps  : Noting op not finished: uid 10126 pkg com.google.android.apps.maps code 79 startTime of in progress event=1675110707700
01-31 09:31:51.316  7390  7390 D WindowManager: powerPress: eventTime=138752760 interactive=true count=0 beganFromNonInteractive=false mShortPressOnPowerBehavior=1
01-31 09:31:51.318  7390  7390 I PowerManagerService: Powering off display group due to power_button (groupId= 0, uid= 1000)...
