01-31 09:59:44.819  7390  7434 I DisplayPowerController[0]: Unblocked screen on after 165 ms
01-31 09:59:45.406  7390  7390 W NotificationHistory: Attempted to add notif for locked/gone/disabled user 0
01-31 09:59:49.968  7390  8219 I PowerManagerService: Powering on display group fromDozing (groupId=0, uid=10054, reason=WAKE_REASON_GESTURE, details=com.android.systemui:NOTIFICATION_CLICK)...
01-31 09:59:49.968  7390  8219 I PowerManagerService: Waking up from Dozing (uid=10054, reason=WAKE_REASON_GESTURE, details=com.android.systemui:NOTIFICATION_CLICK)...
01-31 09:59:49.992  7390  7434 V DisplayPowerController[0]: Brightness [0.24423902] reason changing to: 'manual', previous reason: 'doze'.
01-31 09:59:49.992  7390  7434 I DreamManagerService: Gently waking up from dream.
01-31 09:59:49.992  7390  7407 I DreamManagerService: Performing gentle wake from dream.
01-31 09:59:49.996  7390  7434 V DisplayPowerController[0]: Brightness [0.2443297] reason changing to: 'automatic', previous reason: 'manual'.
01-31 09:59:50.055  7390  7403 I DreamManagerService: Leaving dreamland.
01-31 09:59:50.055  7390  7407 I DreamManagerService: Performing gentle wake from dream.
01-31 09:59:50.055  7390  7407 I DreamController: Stopping dream: name=ComponentInfo{com.android.systemui/com.android.systemui.doze.DozeService}, isTest=false, canDoze=true, userId=0, reason='finished self'(from 'requested stopDream')
01-31 09:59:50.089  7390  8219 W ActivityManager: Background start not allowed: service Intent { act=Orca.PERSISTENT_KICK_SKIP_PING cmp=com.facebook.katana/com.facebook.mqttlite.MqttService (has extras) } to com.facebook.katana/com.facebook.mqttlite.MqttService from pid=16553 uid=10318 pkg=com.facebook.katana startFg?=false
01-31 09:59:50.210  7390  7600 I SoundTriggerService: getModelState(): id = 9f6ad62a-1f0b-11e7-87c5-40a8f03d3f15
01-31 09:59:50.240  7390  7390 V SoundTriggerService: 9f6ad62a-1f0b-11e7-87c5-40a8f03d3f15: Generic sound trigger event: GenericRecognitionEvent ::RecognitionEvent [status=3, soundModelHandle=89, captureAvailable=true, captureSession=937121, captureDelayMs=0, capturePreambleMs=0, triggerInData=false, sampleRate=16000, encoding=2, channelMask=16, data=17]
01-31 09:59:50.252  7390  7390 V SoundTriggerService: 9f6ad62a-1f0b-11e7-87c5-40a8f03d3f15: onServiceConnected(android.os.BinderProxy@f08c5c8)
01-31 09:59:50.252  7390  7390 V SoundTriggerService: 9f6ad62a-1f0b-11e7-87c5-40a8f03d3f15: runOp 0
01-31 09:59:50.746  7390  7449 V SoundTriggerService: 9f6ad62a-1f0b-11e7-87c5-40a8f03d3f15: destroy
01-31 09:59:50.747  7390  8219 I SoundTriggerService: startRecognition(): id = 9f6ad62a-1f0b-11e7-87c5-40a8f03d3f15
01-31 09:59:50.747  7390  8219 W SoundTriggerHelper: Canceling previous recognition for model id: 9f6ad62a-1f0b-11e7-87c5-40a8f03d3f15
01-31 09:59:50.747  7390  8219 V SoundTriggerService: 9f6ad62a-1f0b-11e7-87c5-40a8f03d3f15: onError: -2147483648
01-31 09:59:50.748  7390  8219 W SoundTriggerService: 9f6ad62a-1f0b-11e7-87c5-40a8f03d3f15: Dropped operation as already destroyed or marked for destruction
01-31 09:59:50.778  7390  8219 I SoundTriggerHelper: startRecognition successful.
01-31 09:59:50.779  7390  8219 W SoundTriggerService: error onStart(): Model 9f6ad62a-1f0b-11e7-87c5-40a8f03d3f15 already started
01-31 09:59:50.779  7390  8219 I SoundTriggerService: deleteSoundModel(): id = 12caddb1-acdb-4dce-8cb0-2e95a2313aee
01-31 09:59:50.780  7390  8219 W SoundTriggerHelper: Unload error: Attempting unload invalid generic model with id:12caddb1-acdb-4dce-8cb0-2e95a2313aee
01-31 09:59:50.780  7390  8219 W SoundTriggerService: error onStop(): Model 12caddb1-acdb-4dce-8cb0-2e95a2313aee has no stats available
01-31 09:59:53.382  7390  7390 D WindowManager: powerPress: eventTime=139036423 interactive=true count=0 beganFromNonInteractive=false mShortPressOnPowerBehavior=1
01-31 09:59:53.384  7390  7390 I PowerManagerService: Powering off display group due to power_button (groupId= 0, uid= 1000)...
01-31 09:59:53.384  7390  7390 I PowerManagerService: Going to sleep due to power_button (uid 1000)...
01-31 09:59:53.966  7390  7434 I DisplayPowerController[0]: Blocking screen off
01-31 09:59:53.966  7390  7434 I DisplayPowerController[0]: Unblocked screen off after 0 ms
01-31 09:59:53.990  7390  7434 V DisplayPowerController[0]: Brightness [0.0] reason changing to: 'screen_off', previous reason: 'automatic'.
01-31 09:59:53.991  7390  7410 I DisplayDeviceRepository: Display device changed state: "Built-in Screen", OFF
01-31 09:59:54.132  7390  7434 I DreamManagerService: Entering dreamland.
01-31 09:59:54.134  7390  7434 I PowerManagerService: Dozing...
01-31 09:59:54.134  7390  7407 I DreamController: Starting dream: name=ComponentInfo{com.android.systemui/com.android.systemui.doze.DozeService}, isTest=false, canDoze=true, userId=0
01-31 10:00:01.487  7390  7410 W ProcessStats: Tracking association SourceState{cabecfc io.homeassistant.companion.android/10497 Top #227869} whose proc state 1 is better than process ProcessState{60b5a32 com.google.android.gms/10025 pkg=com.google.android.gms} proc state 2 (77 skipped)
01-31 10:00:01.926  7390  7390 W NotificationHistory: Attempted to add notif for locked/gone/disabled user 0
01-31 10:00:02.195  7390  7411 W ActivityTaskManager: Can't find TaskDisplayArea to determine support for multi window. Task id=82491 attached=false
01-31 10:00:02.195  7390  7411 W ActivityTaskManager: Can't find TaskDisplayArea to determine support for multi window. Task id=82491 attached=false
01-31 10:00:02.522  7390  7450 I ActivityManager: Background started FGS: Allowed [callingPackage: io.homeassistant.companion.android; callingUid: 10497; uidState: TRNB; intent: Intent { act=ACTION_START_FOREGROUND cmp=io.homeassistant.companion.android/androidx.work.impl.foreground.SystemForegroundService (has extras) }; code:SYSTEM_ALLOW_LISTED; tempAllowListReason:<,reasonCode:SYSTEM_ALLOW_LISTED,duration:9223372036854775807,callingUid:-1>; targetSdkVersion:33; callerTargetSdkVersion:33; startForegroundCount:0; bindFromPackage:null]
01-31 10:00:02.545  7390  8485 W ActivityManager: Foreground service started from background can not have location/camera/microphone access: service io.homeassistant.companion.android/androidx.work.impl.foreground.SystemForegroundService
01-31 10:00:02.673  7390  7423 I DropBoxManagerService: add tag=system_server_wtf isTagEnabled=true flags=0x6
01-31 10:00:13.356  7390 10984 W AppOps  : Noting op not finished: uid 10025 pkg com.google.android.gms code 79 startTime of in progress event=1675112403205
01-31 10:00:13.509  7390  7450 W AppOps  : Noting op not finished: uid 10126 pkg com.google.android.apps.maps code 79 startTime of in progress event=1675112044375
01-31 10:00:13.513  7390  9866 W AppOps  : Noting op not finished: uid 10039 pkg com.google.android.apps.scone code 79 startTime of in progress event=1675068376349
01-31 10:00:13.530  7390  7449 W AppOps  : Noting op not finished: uid 10173 pkg com.urbandroid.sleep code 79 startTime of in progress event=1675112063691
01-31 10:00:13.789  7390 10613 W AppOps  : Noting op not finished: uid 10126 pkg com.google.android.apps.maps code 79 startTime of in progress event=1675112413782
01-31 10:00:14.478  7390  7423 W BroadcastQueue: Background execution not allowed: receiving Intent { act=android.intent.action.DROPBOX_ENTRY_ADDED flg=0x10 (has extras) } to com.google.android.gms/.stats.service.DropBoxEntryAddedReceiver
01-31 10:00:14.478  7390  7423 W BroadcastQueue: Background execution not allowed: receiving Intent { act=android.intent.action.DROPBOX_ENTRY_ADDED flg=0x10 (has extras) } to com.google.android.gms/.chimera.GmsIntentOperationService$PersistentTrustedReceiver
01-31 10:00:14.783  7390  7422 W UsageStatsService: Unexpected activity event reported! (eu.faircode.email/eu.faircode.email.ActivityView event : 23 instanceId : 6209556)
01-31 10:00:14.947  7390  7422 E DiscreteRegistry: Deleting file 1675025481852tl
01-31 10:00:15.603  7390  7450 I ContentCaptureManagerService: Data share request accepted by Content Capture service
01-31 10:00:15.665  7390  7450 I ContentCaptureManagerService: Data share request accepted by Content Capture service
01-31 10:00:15.670  7390  7450 I ContentCaptureManagerService: Data share request accepted by Content Capture service
01-31 10:00:15.674  7390  7450 I ContentCaptureManagerService: Data share request accepted by Content Capture service
01-31 10:00:15.679  7390  7450 I ContentCaptureManagerService: Data share request accepted by Content Capture service
01-31 10:00:15.683  7390  7450 I ContentCaptureManagerService: Data share request accepted by Content Capture service
01-31 10:00:15.686  7390  7450 I ContentCaptureManagerService: Data share request accepted by Content Capture service
01-31 10:00:15.688  7390  7450 I ContentCaptureManagerService: Data share request accepted by Content Capture service
01-31 10:00:15.691  7390  7450 I ContentCaptureManagerService: Data share request accepted by Content Capture service
01-31 10:00:15.694  7390  7450 I ContentCaptureManagerService: Data share request accepted by Content Capture service
01-31 10:00:26.118  7390  7450 W AppOps  : Noting op not finished: uid 10025 pkg com.google.android.gms code 79 startTime of in progress event=1675112403205
01-31 10:00:26.133  7390  7450 W AppOps  : Noting op not finished: uid 10126 pkg com.google.android.apps.maps code 79 startTime of in progress event=1675112414266
01-31 10:00:26.138  7390  7450 W AppOps  : Noting op not finished: uid 10039 pkg com.google.android.apps.scone code 79 startTime of in progress event=1675068376349
01-31 10:00:26.141  7390  7450 W AppOps  : Noting op not finished: uid 10173 pkg com.urbandroid.sleep code 79 startTime of in progress event=1675112413972
01-31 10:00:26.194  7390 10613 W AppOps  : Noting op not finished: uid 10126 pkg com.google.android.apps.maps code 79 startTime of in progress event=1675112426185
01-31 10:00:52.327  7390 10601 W AppOps  : Noting op not finished: uid 10173 pkg com.urbandroid.sleep code 79 startTime of in progress event=1675112426237
01-31 10:00:52.329  7390 10601 W AppOps  : Noting op not finished: uid 10025 pkg com.google.android.gms code 113 startTime of in progress event=1675112403205
01-31 10:00:52.337  7390  7450 W AppOps  : Noting op not finished: uid 10126 pkg com.google.android.apps.maps code 79 startTime of in progress event=1675112426243
01-31 10:00:52.343  7390  7450 W AppOps  : Noting op not finished: uid 10346 pkg com.google.android.gms.location.history code 79 startTime of in progress event=1675037432798
01-31 10:00:52.348  7390  9866 W AppOps  : Noting op not finished: uid 10025 pkg com.google.android.gms code 113 startTime of in progress event=1675112403205
01-31 10:00:56.881  7390  7410 W ProcessStats: Tracking association SourceState{cabecfc io.homeassistant.companion.android/10497 Top #228081} whose proc state 1 is better than process ProcessState{60b5a32 com.google.android.gms/10025 pkg=com.google.android.gms} proc state 7 (228 skipped)
01-31 10:03:36.237  7390  7455 W DeviceIdleController: motion timeout went off and device isn't stationary
01-31 10:04:00.772  7390  7390 W NotificationHistory: Attempted to add notif for locked/gone/disabled user 0
01-31 10:07:16.230  7390  7390 W NotificationHistory: Attempted to add notif for locked/gone/disabled user 0
01-31 10:07:16.365  7390 10984 I ContentCaptureManagerService: Data share request accepted by Content Capture service
01-31 10:09:53.385  7390  7874 W AppOps  : Noting op not finished: uid 10173 pkg com.urbandroid.sleep code 79 startTime of in progress event=1675112452340
01-31 10:09:53.389  7390 10601 W AppOps  : Noting op not finished: uid 10025 pkg com.google.android.gms code 113 startTime of in progress event=1675112403205
01-31 10:09:53.400  7390 10601 W AppOps  : Noting op not finished: uid 10126 pkg com.google.android.apps.maps code 79 startTime of in progress event=1675112452345
01-31 10:09:53.404  7390  7874 W AppOps  : Noting op not finished: uid 10346 pkg com.google.android.gms.location.history code 79 startTime of in progress event=1675037432798
01-31 10:09:53.410  7390 10601 W AppOps  : Noting op not finished: uid 10025 pkg com.google.android.gms code 113 startTime of in progress event=1675112403205
01-31 10:09:53.910  7390  7390 I ContentCaptureManagerService: Content capture data sharing session terminated successfully for package 'com.google.android.googlequicksearchbox'
01-31 10:09:54.287  7390  7390 D TwilightService: onLocationChanged: provider=fused accuracy=14.37 time=1675112994269
01-31 10:09:54.295  7390  7410 D ColorDisplayService: onTwilightStateChanged: isNight=false
01-31 10:09:54.818  7390  7390 I ContentCaptureManagerService: Content capture data sharing session terminated successfully for package 'com.google.android.googlequicksearchbox'
01-31 10:09:56.889  7390 10984 W AppOps  : Noting op not finished: uid 10173 pkg com.urbandroid.sleep code 79 startTime of in progress event=1675112993395
01-31 10:09:56.898  7390  7423 W ProcessStats: Tracking association SourceState{574bc44 com.google.android.gms/10025 Top #228168} whose proc state 1 is better than process ProcessState{bef8f46 com.google.android.gms.persistent/10025 pkg=com.google.android.gms} proc state 2 (61 skipped)
01-31 10:15:45.023  7390  7422 E DiscreteRegistry: Deleting file 1675026020018tl
01-31 10:17:16.472  7390  7390 W NotificationHistory: Attempted to add notif for locked/gone/disabled user 0
01-31 10:18:54.333  7390 10601 W AppOps  : Noting op not finished: uid 10173 pkg com.urbandroid.sleep code 79 startTime of in progress event=1675112996909
01-31 10:18:54.340  7390 10983 W AppOps  : Noting op not finished: uid 10025 pkg com.google.android.gms code 113 startTime of in progress event=1675112403205
01-31 10:18:54.350  7390  9856 W AppOps  : Noting op not finished: uid 10126 pkg com.google.android.apps.maps code 79 startTime of in progress event=1675112993410
01-31 10:18:54.352  7390 10984 W AppOps  : Noting op not finished: uid 10346 pkg com.google.android.gms.location.history code 79 startTime of in progress event=1675037432798
01-31 10:18:54.355  7390 10984 W AppOps  : Noting op not finished: uid 10025 pkg com.google.android.gms code 113 startTime of in progress event=1675112403205
01-31 10:18:57.837  7390 10984 W AppOps  : Noting op not finished: uid 10173 pkg com.urbandroid.sleep code 79 startTime of in progress event=1675113534342
01-31 10:18:57.844  7390  7423 W ProcessStats: Tracking association SourceState{574bc44 com.google.android.gms/10025 Top #228227} whose proc state 1 is better than process ProcessState{bef8f46 com.google.android.gms.persistent/10025 pkg=com.google.android.gms} proc state 2 (41 skipped)
01-31 10:25:00.221  7390  7423 D CompatibilityChangeReporter: Compat change id reported: 135634846; UID 10374; state: DISABLED
01-31 10:25:00.221  7390  7423 D CompatibilityChangeReporter: Compat change id reported: 177438394; UID 10374; state: DISABLED
01-31 10:25:00.221  7390  7423 D CompatibilityChangeReporter: Compat change id reported: 135772972; UID 10374; state: DISABLED
01-31 10:25:00.221  7390  7423 D CompatibilityChangeReporter: Compat change id reported: 135754954; UID 10374; state: DISABLED
01-31 10:25:00.223  7390  7424 D CompatibilityChangeReporter: Compat change id reported: 143937733; UID 10374; state: DISABLED
01-31 10:25:00.248  7390  7424 I ActivityManager: Start proc 18142:com.discord/u0a374 for broadcast {com.discord/com.google.firebase.iid.FirebaseInstanceIdReceiver}
01-31 10:25:00.372  7390 10601 D CompatibilityChangeReporter: Compat change id reported: 168419799; UID 10374; state: DISABLED
01-31 10:25:02.514  7390  7423 D CompatibilityChangeReporter: Compat change id reported: 168419799; UID 10043; state: DISABLED
01-31 10:27:16.221  7390  7390 W Looper  : Slow delivery took 341ms main h=com.android.server.accessibility.AbstractAccessibilityServiceConnection$1 c=null m=2048
01-31 10:27:16.226  7390  7390 W Looper  : Drained
01-31 10:27:55.294  7390 10983 W AppOps  : Noting op not finished: uid 10173 pkg com.urbandroid.sleep code 79 startTime of in progress event=1675113537849
01-31 10:27:55.302  7390 10983 W AppOps  : Noting op not finished: uid 10126 pkg com.google.android.apps.maps code 79 startTime of in progress event=1675113534359
01-31 10:27:55.306  7390 10984 W AppOps  : Noting op not finished: uid 10346 pkg com.google.android.gms.location.history code 79 startTime of in progress event=1675037432798
01-31 10:27:55.310  7390  9856 W AppOps  : Noting op not finished: uid 10025 pkg com.google.android.gms code 113 startTime of in progress event=1675112403205
01-31 10:27:58.803  7390 10601 W AppOps  : Noting op not finished: uid 10173 pkg com.urbandroid.sleep code 79 startTime of in progress event=1675114075303
01-31 10:29:33.410  7390  7422 W ProcessStats: Tracking association SourceState{c26604 com.google.android.gms/10025 Top #228319} whose proc state 1 is better than process ProcessState{bef8f46 com.google.android.gms.persistent/10025 pkg=com.google.android.gms} proc state 2 (90 skipped)
01-31 10:29:33.653  7390 10601 I ActivityManager: Background started FGS: Allowed [callingPackage: io.homeassistant.companion.android; callingUid: 10497; uidState: TRNB; intent: Intent { act=ACTION_START_FOREGROUND cmp=io.homeassistant.companion.android/androidx.work.impl.foreground.SystemForegroundService (has extras) }; code:SYSTEM_ALLOW_LISTED; tempAllowListReason:<,reasonCode:SYSTEM_ALLOW_LISTED,duration:9223372036854775807,callingUid:-1>; targetSdkVersion:33; callerTargetSdkVersion:33; startForegroundCount:0; bindFromPackage:null]
01-31 10:29:33.671  7390 10601 W ActivityManager: Foreground service started from background can not have location/camera/microphone access: service io.homeassistant.companion.android/androidx.work.impl.foreground.SystemForegroundService
01-31 10:29:33.787  7390  7423 I DropBoxManagerService: add tag=system_server_wtf isTagEnabled=true flags=0x6
01-31 10:29:33.879  7390  7390 W NotificationHistory: Attempted to add notif for locked/gone/disabled user 0
01-31 10:29:33.998  7390  7390 I NotificationService: Cannot find enqueued record for key: 0|io.homeassistant.companion.android|42|null|10497
01-31 10:30:17.342  7390  7422 E DiscreteRegistry: Deleting file 1675027282549tl
01-31 10:30:51.335  7390 10983 I ContentCaptureManagerService: Data share request accepted by Content Capture service
01-31 10:30:51.558  7390  7423 W BroadcastQueue: Background execution not allowed: receiving Intent { act=android.intent.action.DROPBOX_ENTRY_ADDED flg=0x10 (has extras) } to com.google.android.gms/.stats.service.DropBoxEntryAddedReceiver
01-31 10:30:51.558  7390  7423 W BroadcastQueue: Background execution not allowed: receiving Intent { act=android.intent.action.DROPBOX_ENTRY_ADDED flg=0x10 (has extras) } to com.google.android.gms/.chimera.GmsIntentOperationService$PersistentTrustedReceiver
01-31 10:30:51.662  7390  8219 I DropBoxManagerService: add tag=platform_stats_bookmark isTagEnabled=true flags=0x2
01-31 10:30:51.664  7390  7423 W BroadcastQueue: Background execution not allowed: receiving Intent { act=android.intent.action.DROPBOX_ENTRY_ADDED flg=0x10 (has extras) } to com.google.android.gms/.stats.service.DropBoxEntryAddedReceiver
01-31 10:30:51.664  7390  7423 W BroadcastQueue: Background execution not allowed: receiving Intent { act=android.intent.action.DROPBOX_ENTRY_ADDED flg=0x10 (has extras) } to com.google.android.gms/.chimera.GmsIntentOperationService$PersistentTrustedReceiver
01-31 10:31:58.231  7390  9192 I PowerManagerService: Powering on display group fromDozing (groupId=0, uid=10185, reason=WAKE_REASON_APPLICATION, details=h2)...
01-31 10:31:58.231  7390  9192 I PowerManagerService: Waking up from Dozing (uid=10185, reason=WAKE_REASON_APPLICATION, details=h2)...
01-31 10:31:58.337  7390  7434 I DisplayPowerController[0]: Blocking screen on until initial contents have been drawn.
01-31 10:31:58.340  7390  7390 W Looper  : Slow dispatch took 107ms main h=com.android.server.power.Notifier$NotifierHandler c=com.android.server.power.Notifier$1@1f3812 m=0
01-31 10:31:58.345  7390  7434 V DisplayPowerController[0]: Brightness [0.2443297] reason changing to: 'manual', previous reason: 'screen_off'.
01-31 10:31:58.352  7390  7410 I DisplayDeviceRepository: Display device changed state: "Built-in Screen", ON
01-31 10:31:58.455  7390  7434 V DisplayPowerController[0]: Brightness [0.24432787] reason changing to: 'automatic', previous reason: 'manual'.
01-31 10:31:58.504  7390  7434 I DisplayPowerController[0]: Unblocked screen on after 167 ms
01-31 10:31:58.517  7390  8219 W ActivityManager: Background start not allowed: service Intent { act=Orca.PERSISTENT_KICK_SKIP_PING cmp=com.facebook.katana/com.facebook.mqttlite.MqttService (has extras) } to com.facebook.katana/com.facebook.mqttlite.MqttService from pid=16553 uid=10318 pkg=com.facebook.katana startFg?=false
01-31 10:31:58.633  7390  7434 W PowerManagerService: Screen on took 402 ms
01-31 10:31:58.633  7390  7434 I DreamManagerService: Gently waking up from dream.
01-31 10:31:58.633  7390  7407 I DreamManagerService: Performing gentle wake from dream.
01-31 10:31:58.635  7390  7423 W BroadcastQueue: Permission Denial: receiving Intent { act=android.intent.action.SERVICE_STATE flg=0x1000010 (has extras) } to ProcessRecord{c9233a0 7578:com.android.systemui/u0a54} (pid=7578, uid=10054) requires android.permission.READ_PHONE_STATE due to sender android (uid 1001)
01-31 10:31:58.635  7390  7423 W BroadcastQueue: Permission Denial: receiving Intent { act=android.intent.action.SERVICE_STATE flg=0x1000010 (has extras) } to com.google.android.cellbroadcastreceiver/com.android.cellbroadcastreceiver.CellBroadcastReceiver requires android.permission.READ_PHONE_STATE due to sender android (uid 1001)
01-31 10:31:58.636  7390  9856 W ContextImpl: Calling a method in the system process without a qualified user: android.app.ContextImpl.sendBroadcastMultiplePermissions:1256 com.android.server.TelephonyRegistry.broadcastServiceStateChanged:2870 com.android.server.TelephonyRegistry.notifyServiceStateForPhoneId:1608 com.android.internal.telephony.ITelephonyRegistry$Stub.onTransact:455 android.os.Binder.execTransactInternal:1184 
01-31 10:31:58.636  7390  7423 W BroadcastQueue: Permission Denial: receiving Intent { act=android.intent.action.SERVICE_STATE flg=0x1000010 (has extras) } to ProcessRecord{73f2d9e 8671:com.google.android.wearable.app:background/u0a393} (pid=8671, uid=10393) requires android.permission.READ_PRIVILEGED_PHONE_STATE due to sender android (uid 1001)
01-31 10:31:58.681  7390 10601 I DreamManagerService: Leaving dreamland.
01-31 10:31:58.682  7390  7407 I DreamManagerService: Performing gentle wake from dream.
01-31 10:31:58.682  7390  7407 I DreamController: Stopping dream: name=ComponentInfo{com.android.systemui/com.android.systemui.doze.DozeService}, isTest=false, canDoze=true, userId=0, reason='finished self'(from 'requested stopDream')
01-31 10:31:58.686  7390 10601 I SoundTriggerService: getModelState(): id = 9f6ad62a-1f0b-11e7-87c5-40a8f03d3f15
01-31 10:31:58.700  7390  7423 W BroadcastQueue: Permission Denial: receiving Intent { act=android.intent.action.SERVICE_STATE flg=0x1000010 (has extras) } to ProcessRecord{c9233a0 7578:com.android.systemui/u0a54} (pid=7578, uid=10054) requires android.permission.READ_PHONE_STATE due to sender android (uid 1001)
01-31 10:31:58.701  7390  7423 W BroadcastQueue: Permission Denial: receiving Intent { act=android.intent.action.SERVICE_STATE flg=0x1000010 (has extras) } to com.google.android.cellbroadcastreceiver/com.android.cellbroadcastreceiver.CellBroadcastReceiver requires android.permission.READ_PHONE_STATE due to sender android (uid 1001)
01-31 10:31:58.701  7390 10983 W ContextImpl: Calling a method in the system process without a qualified user: android.app.ContextImpl.sendBroadcastMultiplePermissions:1256 com.android.server.TelephonyRegistry.broadcastServiceStateChanged:2870 com.android.server.TelephonyRegistry.notifyServiceStateForPhoneId:1608 com.android.internal.telephony.ITelephonyRegistry$Stub.onTransact:455 android.os.Binder.execTransactInternal:1184 
01-31 10:31:58.702  7390  7423 W BroadcastQueue: Permission Denial: receiving Intent { act=android.intent.action.SERVICE_STATE flg=0x1000010 (has extras) } to ProcessRecord{73f2d9e 8671:com.google.android.wearable.app:background/u0a393} (pid=8671, uid=10393) requires android.permission.READ_PRIVILEGED_PHONE_STATE due to sender android (uid 1001)
01-31 10:31:58.716  7390  7390 V SoundTriggerService: 9f6ad62a-1f0b-11e7-87c5-40a8f03d3f15: Generic sound trigger event: GenericRecognitionEvent ::RecognitionEvent [status=3, soundModelHandle=89, captureAvailable=true, captureSession=937121, captureDelayMs=0, capturePreambleMs=0, triggerInData=false, sampleRate=16000, encoding=2, channelMask=16, data=17]
01-31 10:31:58.737  7390  7390 V SoundTriggerService: 9f6ad62a-1f0b-11e7-87c5-40a8f03d3f15: onServiceConnected(android.os.BinderProxy@a768b1)
01-31 10:31:58.738  7390  7390 V SoundTriggerService: 9f6ad62a-1f0b-11e7-87c5-40a8f03d3f15: runOp 0
01-31 10:31:58.868  7390 10601 I ActivityManager: Process com.google.android.webview:webview_service (pid 15603) has died: cch+95 CEM 
01-31 10:31:59.052  7390 10601 I ActivityManager: Process com.google.android.euicc (pid 16774) has died: cch+85 CEM 
01-31 10:31:59.147  7390  9863 I ActivityManager: Process com.google.android.dialer (pid 15177) has died: cch+85 CEM 
01-31 10:31:59.160  7390  9855 I ActivityManager: Process com.google.android.permissioncontroller (pid 16765) has died: cch+85 CEM 
01-31 10:31:59.182  7390  9855 I ActivityManager: Process com.google.android.turboadapter (pid 16266) has died: cch+75 CEM 
01-31 10:31:59.210  7390  9183 I ActivityManager: Process com.google.android.flipendo (pid 16282) has died: cch+65 CEM 
01-31 10:31:59.326  7390  7404 V SoundTriggerService: 9f6ad62a-1f0b-11e7-87c5-40a8f03d3f15: destroy
01-31 10:31:59.329  7390 10626 I SoundTriggerService: startRecognition(): id = 9f6ad62a-1f0b-11e7-87c5-40a8f03d3f15
01-31 10:31:59.329  7390 10626 W SoundTriggerHelper: Canceling previous recognition for model id: 9f6ad62a-1f0b-11e7-87c5-40a8f03d3f15
01-31 10:31:59.329  7390 10626 V SoundTriggerService: 9f6ad62a-1f0b-11e7-87c5-40a8f03d3f15: onError: -2147483648
01-31 10:31:59.329  7390 10626 W SoundTriggerService: 9f6ad62a-1f0b-11e7-87c5-40a8f03d3f15: Dropped operation as already destroyed or marked for destruction
01-31 10:31:59.363  7390 10626 I SoundTriggerHelper: startRecognition successful.
01-31 10:31:59.363  7390 10626 W SoundTriggerService: error onStart(): Model 9f6ad62a-1f0b-11e7-87c5-40a8f03d3f15 already started
01-31 10:31:59.364  7390 10626 I SoundTriggerService: deleteSoundModel(): id = 12caddb1-acdb-4dce-8cb0-2e95a2313aee
01-31 10:31:59.364  7390 10626 W SoundTriggerHelper: Unload error: Attempting unload invalid generic model with id:12caddb1-acdb-4dce-8cb0-2e95a2313aee
01-31 10:31:59.364  7390 10626 W SoundTriggerService: error onStop(): Model 12caddb1-acdb-4dce-8cb0-2e95a2313aee has no stats available
01-31 10:32:00.007  7390  7390 W NotificationHistory: Attempted to add notif for locked/gone/disabled user 0
01-31 10:32:04.946  7390  7422 W ProcessStats: Tracking association SourceState{cabecfc io.homeassistant.companion.android/10497 Top #228552} whose proc state 1 is better than process ProcessState{60b5a32 com.google.android.gms/10025 pkg=com.google.android.gms} proc state 2 (141 skipped)
01-31 10:32:07.142  7390  7390 I ContentCaptureManagerService: Content capture data sharing session terminated successfully for package 'com.google.android.googlequicksearchbox'
01-31 10:32:16.051  7390 10601 W ProcessStats: Tracking association SourceState{574bc44 com.google.android.gms/10025 Top #228576} whose proc state 1 is better than process ProcessState{bef8f46 com.google.android.gms.persistent/10025 pkg=com.google.android.gms} proc state 2 (17 skipped)
01-31 10:32:18.389  7390  7434 I PowerManagerService: Powering off display group due to timeout (groupId= 0, uid= 1000)...
01-31 10:32:18.390  7390  7434 I PowerManagerService: Going to sleep due to timeout (uid 1000)...
01-31 10:32:18.969  7390  7434 I DisplayPowerController[0]: Blocking screen off
01-31 10:32:18.969  7390  7434 I DisplayPowerController[0]: Unblocked screen off after 0 ms
01-31 10:32:18.995  7390  7434 V DisplayPowerController[0]: Brightness [0.0] reason changing to: 'screen_off', previous reason: 'automatic'.
01-31 10:32:18.996  7390  7410 I DisplayDeviceRepository: Display device changed state: "Built-in Screen", OFF
01-31 10:32:19.145  7390  7434 I DreamManagerService: Entering dreamland.
01-31 10:32:19.146  7390  7434 I PowerManagerService: Dozing...
01-31 10:32:19.147  7390  7407 I DreamController: Starting dream: name=ComponentInfo{com.android.systemui/com.android.systemui.doze.DozeService}, isTest=false, canDoze=true, userId=0
01-31 10:32:34.391  7390  7473 I PowerManagerService: Powering on display group fromDozing (groupId=0, uid=1000, reason=WAKE_REASON_POWER_BUTTON, details=android.policy:POWER)...
01-31 10:32:34.391  7390  7473 I PowerManagerService: Waking up from Dozing (uid=1000, reason=WAKE_REASON_POWER_BUTTON, details=android.policy:POWER)...
01-31 10:32:34.395  7390  7434 I DisplayPowerController[0]: Blocking screen on until initial contents have been drawn.
01-31 10:32:34.407  7390  7434 V DisplayPowerController[0]: Brightness [0.24432787] reason changing to: 'manual', previous reason: 'screen_off'.
01-31 10:32:34.413  7390  7410 I DisplayDeviceRepository: Display device changed state: "Built-in Screen", ON
01-31 10:32:34.455  7390 10626 W ActivityManager: Background start not allowed: service Intent { act=Orca.PERSISTENT_KICK_SKIP_PING cmp=com.facebook.katana/com.facebook.mqttlite.MqttService (has extras) } to com.facebook.katana/com.facebook.mqttlite.MqttService from pid=16553 uid=10318 pkg=com.facebook.katana startFg?=false
01-31 10:32:34.498  7390 10626 I SoundTriggerService: getModelState(): id = 9f6ad62a-1f0b-11e7-87c5-40a8f03d3f15
01-31 10:32:34.516  7390  7434 V DisplayPowerController[0]: Brightness [0.24431737] reason changing to: 'automatic', previous reason: 'manual'.
01-31 10:32:34.523  7390  7390 V SoundTriggerService: 9f6ad62a-1f0b-11e7-87c5-40a8f03d3f15: Generic sound trigger event: GenericRecognitionEvent ::RecognitionEvent [status=3, soundModelHandle=89, captureAvailable=true, captureSession=937121, captureDelayMs=0, capturePreambleMs=0, triggerInData=false, sampleRate=16000, encoding=2, channelMask=16, data=17]
01-31 10:32:34.537  7390  8219 W ContextImpl: Calling a method in the system process without a qualified user: android.app.ContextImpl.sendBroadcastMultiplePermissions:1256 com.android.server.TelephonyRegistry.broadcastServiceStateChanged:2870 com.android.server.TelephonyRegistry.notifyServiceStateForPhoneId:1608 com.android.internal.telephony.ITelephonyRegistry$Stub.onTransact:455 android.os.Binder.execTransactInternal:1184 
01-31 10:32:34.539  7390  7390 V SoundTriggerService: 9f6ad62a-1f0b-11e7-87c5-40a8f03d3f15: onServiceConnected(android.os.BinderProxy@d58f1bd)
01-31 10:32:34.539  7390  7390 V SoundTriggerService: 9f6ad62a-1f0b-11e7-87c5-40a8f03d3f15: runOp 0
01-31 10:32:34.540  7390  7423 W BroadcastQueue: Permission Denial: receiving Intent { act=android.intent.action.SERVICE_STATE flg=0x1000010 (has extras) } to ProcessRecord{c9233a0 7578:com.android.systemui/u0a54} (pid=7578, uid=10054) requires android.permission.READ_PHONE_STATE due to sender android (uid 1001)
01-31 10:32:34.541  7390  7423 W BroadcastQueue: Permission Denial: receiving Intent { act=android.intent.action.SERVICE_STATE flg=0x1000010 (has extras) } to ProcessRecord{73f2d9e 8671:com.google.android.wearable.app:background/u0a393} (pid=8671, uid=10393) requires android.permission.READ_PRIVILEGED_PHONE_STATE due to sender android (uid 1001)
01-31 10:32:34.541  7390  7423 W BroadcastQueue: Permission Denial: receiving Intent { act=android.intent.action.SERVICE_STATE flg=0x1000010 (has extras) } to com.google.android.cellbroadcastreceiver/com.android.cellbroadcastreceiver.CellBroadcastReceiver requires android.permission.READ_PHONE_STATE due to sender android (uid 1001)
01-31 10:32:34.545  7390  7434 I DisplayPowerController[0]: Unblocked screen on after 150 ms
01-31 10:32:34.584  7390  7423 W BroadcastQueue: Permission Denial: receiving Intent { act=android.intent.action.SERVICE_STATE flg=0x1000010 (has extras) } to ProcessRecord{c9233a0 7578:com.android.systemui/u0a54} (pid=7578, uid=10054) requires android.permission.READ_PHONE_STATE due to sender android (uid 1001)
01-31 10:32:34.584  7390 10626 W ContextImpl: Calling a method in the system process without a qualified user: android.app.ContextImpl.sendBroadcastMultiplePermissions:1256 com.android.server.TelephonyRegistry.broadcastServiceStateChanged:2870 com.android.server.TelephonyRegistry.notifyServiceStateForPhoneId:1608 com.android.internal.telephony.ITelephonyRegistry$Stub.onTransact:455 android.os.Binder.execTransactInternal:1184 
01-31 10:32:34.585  7390  7423 W BroadcastQueue: Permission Denial: receiving Intent { act=android.intent.action.SERVICE_STATE flg=0x1000010 (has extras) } to com.google.android.cellbroadcastreceiver/com.android.cellbroadcastreceiver.CellBroadcastReceiver requires android.permission.READ_PHONE_STATE due to sender android (uid 1001)
01-31 10:32:34.585  7390  7390 D WindowManager: powerPress: eventTime=139110452 interactive=true count=0 beganFromNonInteractive=true mShortPressOnPowerBehavior=1
01-31 10:32:34.586  7390  7423 W BroadcastQueue: Permission Denial: receiving Intent { act=android.intent.action.SERVICE_STATE flg=0x1000010 (has extras) } to ProcessRecord{73f2d9e 8671:com.google.android.wearable.app:background/u0a393} (pid=8671, uid=10393) requires android.permission.READ_PRIVILEGED_PHONE_STATE due to sender android (uid 1001)
01-31 10:32:34.660  7390  7434 W PowerManagerService: Screen on took 277 ms
01-31 10:32:34.660  7390  7434 I DreamManagerService: Gently waking up from dream.
01-31 10:32:34.661  7390  7407 I DreamManagerService: Performing gentle wake from dream.
01-31 10:32:34.694  7390  8220 I DreamManagerService: Leaving dreamland.
01-31 10:32:34.694  7390  7407 I DreamManagerService: Performing gentle wake from dream.
01-31 10:32:34.694  7390  7407 I DreamController: Stopping dream: name=ComponentInfo{com.android.systemui/com.android.systemui.doze.DozeService}, isTest=false, canDoze=true, userId=0, reason='finished self'(from 'requested stopDream')
01-31 10:32:35.164  7390  8220 V SoundTriggerService: 9f6ad62a-1f0b-11e7-87c5-40a8f03d3f15: destroy
01-31 10:32:35.165  7390  9192 I SoundTriggerService: startRecognition(): id = 9f6ad62a-1f0b-11e7-87c5-40a8f03d3f15
01-31 10:32:35.165  7390  9192 W SoundTriggerHelper: Canceling previous recognition for model id: 9f6ad62a-1f0b-11e7-87c5-40a8f03d3f15
01-31 10:32:35.165  7390  9192 V SoundTriggerService: 9f6ad62a-1f0b-11e7-87c5-40a8f03d3f15: onError: -2147483648
01-31 10:32:35.167  7390  9192 W SoundTriggerService: 9f6ad62a-1f0b-11e7-87c5-40a8f03d3f15: Dropped operation as already destroyed or marked for destruction
01-31 10:32:35.190  7390  9192 I SoundTriggerHelper: startRecognition successful.
01-31 10:32:35.191  7390  9192 W SoundTriggerService: error onStart(): Model 9f6ad62a-1f0b-11e7-87c5-40a8f03d3f15 already started
01-31 10:32:35.192  7390  9192 I SoundTriggerService: deleteSoundModel(): id = 12caddb1-acdb-4dce-8cb0-2e95a2313aee
01-31 10:32:35.192  7390  9192 W SoundTriggerHelper: Unload error: Attempting unload invalid generic model with id:12caddb1-acdb-4dce-8cb0-2e95a2313aee
01-31 10:32:35.192  7390  9192 W SoundTriggerService: error onStop(): Model 12caddb1-acdb-4dce-8cb0-2e95a2313aee has no stats available
01-31 10:32:36.593  7390  7390 V Biometrics/AcquisitionClient: Acquired: 7 0, shouldSend: true
01-31 10:32:36.959  7390  7390 V Biometrics/AcquisitionClient: Acquired: 0 0, shouldSend: true
01-31 10:32:36.964  7390  7390 V Biometrics/LoggableMonitor: Authentication latency: 371
01-31 10:32:36.965  7390  7390 V Biometrics/AuthenticationClient: onAuthenticated(true), ID:1909858644, Owner: com.android.systemui, isBP: false, listener: com.android.server.biometrics.sensors.ClientMonitorCallbackConverter@f96923f, requireConfirmation: false, user: 0, clientMonitor: {[120] FingerprintAuthenticationClient, proto=3, owner=com.android.systemui, cookie=0, userId=0}
01-31 10:32:36.965  7390  7390 W Biometrics/AuthenticationClient: Allowing background authentication, this is allowed only for platform or test invocations
01-31 10:32:36.984  7390  7390 D Biometrics/AuthenticationClient: addAuthToken: 0
01-31 10:32:36.986  7390  7390 D BiometricScheduler/Fingerprint21: [Finishing] {[120] FingerprintAuthenticationClient, proto=3, owner=com.android.systemui, cookie=0, userId=0}, success: true
01-31 10:32:36.986  7390  7390 D BiometricCoexCoordinator: removeAuthenticationClient(OtherFp), client: {[120] FingerprintAuthenticationClient, proto=3, owner=com.android.systemui, cookie=0, userId=0}
01-31 10:32:36.986  7390  7390 D FingerprintService: Client finished, fps state updated to 0, client {[120] FingerprintAuthenticationClient, proto=3, owner=com.android.systemui, cookie=0, userId=0}
01-31 10:32:36.987  7390  7390 D GestureAvailabilityTracker: Notifying gesture availability, active=true
01-31 10:32:36.987  7390  7390 D BiometricScheduler/Fingerprint21: No operations, returning to idle
01-31 10:32:36.993  7390 10626 I ActivityTaskManager: START u0 {act=com.viber.voip.action.CONVERSATION pkg=com.viber.voip cmp=com.viber.voip/.messages.ui.ConversationActivity (has extras)} from uid 10185
01-31 10:32:36.998  7390 10626 W ActivityTaskManager: startActivity called from non-Activity context; forcing Intent.FLAG_ACTIVITY_NEW_TASK for: Intent { act=com.viber.voip.action.CONVERSATION pkg=com.viber.voip cmp=com.viber.voip/.messages.ui.ConversationActivity (has extras) }
01-31 10:32:37.012  7390  9855 E AlarmManager: Attempt to decrement existing alarm count 0 by 1 for uid 1000
01-31 10:32:37.047  7390  7468 E AlarmManager: Attempt to decrement existing alarm count 0 by 1 for uid 1000
01-31 10:32:37.088  7390  7390 E AlarmManager: Attempt to decrement existing alarm count 0 by 1 for uid 1000
01-31 10:32:37.091  7390  7390 D TwilightService: onLocationChanged: provider=fused accuracy=14.37 time=1675114357015
01-31 10:32:37.155  7390  7423 I DropBoxManagerService: add tag=system_server_wtf isTagEnabled=true flags=0x6
01-31 10:32:37.165  7390  7423 D CompatibilityChangeReporter: Compat change id reported: 168419799; UID 10433; state: DISABLED
01-31 10:32:37.242  7390  7423 I DropBoxManagerService: add tag=system_server_wtf isTagEnabled=true flags=0x6
01-31 10:32:37.247  7390  7449 W AlarmManager: Window length 289135573ms too long; limiting to 1 day
01-31 10:32:37.250  7390  7449 D CompatibilityChangeReporter: Compat change id reported: 168419799; UID 10255; state: DISABLED
01-31 10:32:37.312  7390  7423 I DropBoxManagerService: add tag=system_server_wtf isTagEnabled=true flags=0x6
01-31 10:32:37.314  7390  7874 D ActivityTaskManager: Top Process State changed to PROCESS_STATE_TOP
01-31 10:32:37.314  7390  7874 D ActivityTaskManager: awakeFromSleepingLocked: previously pausing activity didn't pause
01-31 10:32:37.318  7390  7874 D CompatibilityChangeReporter: Compat change id reported: 181136395; UID 10185; state: DISABLED
01-31 10:32:37.319  7390  7874 D CompatibilityChangeReporter: Compat change id reported: 174042936; UID 10185; state: DISABLED
01-31 10:32:37.436  7390  7390 D CompatibilityChangeReporter: Compat change id reported: 135634846; UID 10072; state: DISABLED
01-31 10:32:37.436  7390  7390 D CompatibilityChangeReporter: Compat change id reported: 177438394; UID 10072; state: DISABLED
01-31 10:32:37.436  7390  7390 D CompatibilityChangeReporter: Compat change id reported: 135772972; UID 10072; state: DISABLED
01-31 10:32:37.437  7390  7390 D CompatibilityChangeReporter: Compat change id reported: 135754954; UID 10072; state: ENABLED
01-31 10:32:37.437  7390  7424 D CompatibilityChangeReporter: Compat change id reported: 143937733; UID 10072; state: ENABLED
01-31 10:32:37.454  7390  7424 I ActivityManager: Start proc 18394:com.google.android.youtube/u0a72 for service {com.google.android.youtube/androidx.work.impl.background.systemjob.SystemJobService}
01-31 10:32:37.497  7390 10983 W ActivityManager: Background start not allowed: service Intent { act=Orca.START cmp=com.instagram.android/com.facebook.rti.push.service.FbnsService (has extras) } to com.instagram.android/com.facebook.rti.push.service.FbnsService from pid=17479 uid=10433 pkg=com.instagram.android startFg?=false
01-31 10:32:37.506  7390 10983 W AppOps  : Noting op not finished: uid 10173 pkg com.urbandroid.sleep code 79 startTime of in progress event=1675114357426
01-31 10:32:37.512  7390  7410 W ActivityTaskManager: Activity top resumed state loss timeout for ActivityRecord{79d24ea u0 com.viber.voip/.messages.ui.ConversationActivity t82484}
01-31 10:32:37.522  7390  7449 W AppOps  : Noting op not finished: uid 10025 pkg com.google.android.gms code 113 startTime of in progress event=1675114318627
01-31 10:32:37.548  7390  7449 W AppOps  : Noting op not finished: uid 10126 pkg com.google.android.apps.maps code 79 startTime of in progress event=1675114357356
01-31 10:32:37.552  7390 10983 W AppOps  : Noting op not finished: uid 10346 pkg com.google.android.gms.location.history code 79 startTime of in progress event=1675037432798
01-31 10:32:37.559  7390 10983 W AppOps  : Noting op not finished: uid 10025 pkg com.google.android.gms code 113 startTime of in progress event=1675114173922
01-31 10:32:37.889  7390 10626 I ActivityManager: Process com.google.android.apps.turbo:aab (pid 17371) has died: cch+99 CEM 
01-31 10:32:37.929  7390 10626 I ActivityManager: Process android.process.media (pid 15677) has died: cch+75 CEM 
01-31 10:32:38.078  7390 10681 W ActivityManager: Background start not allowed: service Intent { act=com.whatsapp.messaging.MessageService.START cmp=com.whatsapp/.messaging.MessageService } to com.whatsapp/.messaging.MessageService from pid=17754 uid=10255 pkg=com.whatsapp startFg?=false
01-31 10:32:38.140  7390 10681 I ActivityManager: Process com.google.android.gm (pid 6808) has died: cch+30 CAC 
01-31 10:32:38.141  7390  9866 I WindowManager: WIN DEATH: Window{130d3a2 u0 com.google.android.gm/com.google.android.gm.ui.MailActivityGmail}
01-31 10:32:38.146  7390  7410 W ActivityManager: setHasOverlayUi called on unknown pid: 6808
01-31 10:32:38.146  7390  7422 W UsageStatsService: Unexpected activity event reported! (com.google.android.gm/com.google.android.gm.ui.MailActivityGmail event : 23 instanceId : 255092516)
01-31 10:32:38.353  7390 10983 W WindowManager: Cannot find window which accessibility connection is added to
01-31 10:32:38.353  7390  7390 W Looper  : Slow dispatch took 903ms main h=android.app.ActivityThread$H c=android.app.LoadedApk$ReceiverDispatcher$Args$$ExternalSyntheticLambda0@ce00357 m=0
01-31 10:32:38.353  7390  7390 W Looper  : Slow delivery took 919ms main h=android.app.ActivityThread$H c=android.app.LoadedApk$ReceiverDispatcher$Args$$ExternalSyntheticLambda0@8b01e44 m=0
01-31 10:32:38.356  7390  7390 W Looper  : Drained
01-31 10:32:38.361  7390 10983 D CompatibilityChangeReporter: Compat change id reported: 135634846; UID 10412; state: DISABLED
01-31 10:32:38.361  7390 10983 D CompatibilityChangeReporter: Compat change id reported: 177438394; UID 10412; state: DISABLED
01-31 10:32:38.361  7390 10983 D CompatibilityChangeReporter: Compat change id reported: 135772972; UID 10412; state: DISABLED
01-31 10:32:38.361  7390 10983 D CompatibilityChangeReporter: Compat change id reported: 135754954; UID 10412; state: ENABLED
01-31 10:32:38.362  7390  7424 D CompatibilityChangeReporter: Compat change id reported: 143937733; UID 10412; state: ENABLED
01-31 10:32:38.368  7390  7424 I ActivityManager: Start proc 18439:com.google.android.turboadapter/u0a412 for service {com.google.android.turboadapter/com.google.android.turboadapter.GoogleBatteryService}
01-31 10:32:38.673  7390  7411 D CompatibilityChangeReporter: Compat change id reported: 158002302; UID 10185; state: ENABLED
01-31 10:32:38.785  7390  9184 D ContentCapturePerUserService: Notified activity assist data for activity: Token{77404d5 ActivityRecord{79d24ea u0 com.viber.voip/.messages.ui.ConversationActivity t82484}} without a session Id
01-31 10:32:38.869  7390  9184 I ActivityManager: Process com.snapchat.android (pid 15368) has died: cch+65 CEM 
01-31 10:32:39.378  7390 10984 I ActivityManager: Process com.android.providers.calendar (pid 17091) has died: cch+65 CEM 
01-31 10:32:39.405  7390 10984 I ActivityManager: Process com.google.android.settings.intelligence (pid 15171) has died: cch+65 CEM 
01-31 10:32:40.219  7390  7437 E VerityUtils: Failed to measure fs-verity, errno 1: /data/app/~~yDe5R0HeWuJM5RXjqfP0eA==/com.google.android.youtube-Sgr6pbNo8HlKZXjloVndIQ==/base.apk
01-31 10:32:40.299  7390  7404 D CompatibilityChangeReporter: Compat change id reported: 183164979; UID 10072; state: ENABLED
01-31 10:32:40.545  7390  7565 D CompatibilityChangeReporter: Compat change id reported: 177438394; UID 10174; state: DISABLED
01-31 10:32:40.545  7390  7565 D CompatibilityChangeReporter: Compat change id reported: 135772972; UID 10174; state: DISABLED
01-31 10:32:40.545  7390  7565 D CompatibilityChangeReporter: Compat change id reported: 135754954; UID 10174; state: ENABLED
01-31 10:32:40.545  7390  7424 D CompatibilityChangeReporter: Compat change id reported: 143937733; UID 10174; state: ENABLED
01-31 10:32:40.552  7390  7424 I ActivityManager: Start proc 18611:com.google.android.apps.tachyon/u0a174 for service {com.google.android.apps.tachyon/com.google.android.apps.tachyon.contacts.sync.SyncService}
01-31 10:32:40.648  7390 10681 I ActivityManager: Process com.google.process.gapps (pid 11447) has died: cch+55 CEM 
01-31 10:32:40.675  7390  7404 I ActivityManager: Process com.android.settings (pid 15317) has died: cch+65 CEM 
01-31 10:32:41.009  7390  9866 I DropBoxManagerService: add tag=event_data isTagEnabled=true flags=0x2
01-31 10:32:41.107  7390  9866 I DropBoxManagerService: add tag=dumpsys:account isTagEnabled=true flags=0x2
01-31 10:32:41.355  7390 10984 D CompatibilityChangeReporter: Compat change id reported: 135634846; UID 10364; state: DISABLED
01-31 10:32:41.355  7390 10984 D CompatibilityChangeReporter: Compat change id reported: 177438394; UID 10364; state: DISABLED
01-31 10:32:41.355  7390 10984 D CompatibilityChangeReporter: Compat change id reported: 135772972; UID 10364; state: DISABLED
01-31 10:32:41.355  7390 10984 D CompatibilityChangeReporter: Compat change id reported: 135754954; UID 10364; state: ENABLED
01-31 10:32:41.355  7390  7424 D CompatibilityChangeReporter: Compat change id reported: 143937733; UID 10364; state: ENABLED
01-31 10:32:41.363  7390  7424 I ActivityManager: Start proc 18703:com.microsoft.teams/u0a364 for service {com.microsoft.teams/androidx.work.impl.background.systemjob.SystemJobService}
01-31 10:32:41.522  7390 10984 I ActivityManager: Process com.discord (pid 18142) has died: cch+55 CEM 
01-31 10:32:41.550  7390 10984 I ActivityManager: Process com.google.vr.vrcore (pid 23448) has died: cch+60 CACC
01-31 10:32:41.551  7390 10984 W ActivityManager: Scheduling restart of crashed service com.google.vr.vrcore/.common.VrCoreSdkService in 1000ms for connection
01-31 10:32:41.581  7390  7403 I ActivityManager: Process com.google.android.apps.wellbeing (pid 17511) has died: cch+99 CEM 
01-31 10:32:42.017  7390  7403 D CompatibilityChangeReporter: Compat change id reported: 135634846; UID 10436; state: DISABLED
01-31 10:32:42.017  7390  7403 D CompatibilityChangeReporter: Compat change id reported: 177438394; UID 10436; state: DISABLED
01-31 10:32:42.017  7390  7403 D CompatibilityChangeReporter: Compat change id reported: 135772972; UID 10436; state: DISABLED
01-31 10:32:42.017  7390  7403 D CompatibilityChangeReporter: Compat change id reported: 135754954; UID 10436; state: ENABLED
01-31 10:32:42.017  7390  7424 D CompatibilityChangeReporter: Compat change id reported: 143937733; UID 10436; state: ENABLED
01-31 10:32:42.023  7390  7424 I ActivityManager: Start proc 18789:com.google.android.apps.fitness/u0a436 for broadcast {com.google.android.apps.fitness/com.google.android.apps.fitness.shared.sync.receiver.PlatformSyncListener_Receiver}
01-31 10:32:42.059  7390  7876 D CompatibilityChangeReporter: Compat change id reported: 168419799; UID 10436; state: DISABLED
01-31 10:32:42.140  7390  7390 D CompatibilityChangeReporter: Compat change id reported: 135634846; UID 10228; state: DISABLED
01-31 10:32:42.141  7390  7390 D CompatibilityChangeReporter: Compat change id reported: 177438394; UID 10228; state: DISABLED
01-31 10:32:42.141  7390  7390 D CompatibilityChangeReporter: Compat change id reported: 135772972; UID 10228; state: DISABLED
01-31 10:32:42.141  7390  7390 D CompatibilityChangeReporter: Compat change id reported: 135754954; UID 10228; state: ENABLED
01-31 10:32:42.141  7390  7424 D CompatibilityChangeReporter: Compat change id reported: 143937733; UID 10228; state: ENABLED
01-31 10:32:42.148  7390  7424 I ActivityManager: Start proc 18811:com.snapchat.android/u0a228 for service {com.snapchat.android/androidx.work.impl.background.systemjob.SystemJobService}
01-31 10:32:42.388  7390  9866 I ActivityManager: Process com.nextcloud.client (pid 16700) has died: cch+95 CEM 
01-31 10:32:42.553  7390  7423 D CompatibilityChangeReporter: Compat change id reported: 135634846; UID 10121; state: DISABLED
01-31 10:32:42.553  7390  7423 D CompatibilityChangeReporter: Compat change id reported: 177438394; UID 10121; state: DISABLED
