01-31 08:29:22.497  7390  7390 E RemoteFillService: 	at com.android.server.SystemServer.run(SystemServer.java:903)
01-31 08:29:22.497  7390  7390 E RemoteFillService: 	at com.android.server.SystemServer.main(SystemServer.java:610)
01-31 08:29:22.497  7390  7390 E RemoteFillService: 	at java.lang.reflect.Method.invoke(Native Method)
01-31 08:29:22.497  7390  7390 E RemoteFillService: 	at com.android.internal.os.RuntimeInit$MethodAndArgsCaller.run(RuntimeInit.java:548)
01-31 08:29:22.497  7390  7390 E RemoteFillService: 	at com.android.internal.os.ZygoteInit.main(ZygoteInit.java:981)
01-31 08:29:26.161  7390  7449 D ContentCapturePerUserService: Notified activity assist data for activity: Token{b8219d7 ActivityRecord{7d205ad u0 com.android.chrome/com.google.android.apps.chrome.Main t82488}} without a session Id
01-31 08:29:28.593  7390  7390 W WindowManager: removeWindowToken: Attempted to remove non-existing token: android.os.Binder@f13c1c9
01-31 08:29:31.177  7390  7390 E RemoteFillService: Error calling on fill request
01-31 08:29:31.177  7390  7390 E RemoteFillService: java.util.concurrent.TimeoutException
01-31 08:29:31.177  7390  7390 E RemoteFillService: 	at com.android.internal.infra.AndroidFuture.triggerTimeout(AndroidFuture.java:290)
01-31 08:29:31.177  7390  7390 E RemoteFillService: 	at com.android.internal.infra.AndroidFuture$$ExternalSyntheticLambda0.run(Unknown Source:2)
01-31 08:29:31.177  7390  7390 E RemoteFillService: 	at android.os.Handler.handleCallback(Handler.java:938)
01-31 08:29:31.177  7390  7390 E RemoteFillService: 	at android.os.Handler.dispatchMessage(Handler.java:99)
01-31 08:29:31.177  7390  7390 E RemoteFillService: 	at android.os.Looper.loopOnce(Looper.java:201)
01-31 08:29:31.177  7390  7390 E RemoteFillService: 	at android.os.Looper.loop(Looper.java:288)
01-31 08:29:31.177  7390  7390 E RemoteFillService: 	at com.android.server.SystemServer.run(SystemServer.java:903)
01-31 08:29:31.177  7390  7390 E RemoteFillService: 	at com.android.server.SystemServer.main(SystemServer.java:610)
01-31 08:29:31.177  7390  7390 E RemoteFillService: 	at java.lang.reflect.Method.invoke(Native Method)
01-31 08:29:31.177  7390  7390 E RemoteFillService: 	at com.android.internal.os.RuntimeInit$MethodAndArgsCaller.run(RuntimeInit.java:548)
01-31 08:29:31.177  7390  7390 E RemoteFillService: 	at com.android.internal.os.ZygoteInit.main(ZygoteInit.java:981)
01-31 08:29:45.172  7390  7390 D CompatibilityChangeReporter: Compat change id reported: 168419799; UID 10246; state: DISABLED
01-31 08:30:10.652  7390  7390 D TwilightService: onLocationChanged: provider=fused accuracy=6.61 time=1675107010619
01-31 08:30:13.349  7390  7863 W AppOps  : Noting op not finished: uid 10173 pkg com.urbandroid.sleep code 79 startTime of in progress event=1675106890277
01-31 08:30:13.352  7390  7863 W AppOps  : Noting op not finished: uid 10025 pkg com.google.android.gms code 113 startTime of in progress event=1675106336938
01-31 08:30:13.353  7390  7423 D CompatibilityChangeReporter: Compat change id reported: 135634846; UID 10173; state: DISABLED
01-31 08:30:13.353  7390  7423 D CompatibilityChangeReporter: Compat change id reported: 177438394; UID 10173; state: DISABLED
01-31 08:30:13.353  7390  7423 D CompatibilityChangeReporter: Compat change id reported: 135772972; UID 10173; state: DISABLED
01-31 08:30:13.353  7390  7423 D CompatibilityChangeReporter: Compat change id reported: 135754954; UID 10173; state: ENABLED
01-31 08:30:13.353  7390  7424 D CompatibilityChangeReporter: Compat change id reported: 143937733; UID 10173; state: ENABLED
01-31 08:30:13.358  7390 10601 W AppOps  : Noting op not finished: uid 10126 pkg com.google.android.apps.maps code 79 startTime of in progress event=1675106890620
01-31 08:30:13.360  7390 10601 W AppOps  : Noting op not finished: uid 10346 pkg com.google.android.gms.location.history code 79 startTime of in progress event=1675037432798
01-31 08:30:13.362  7390  7863 W AppOps  : Noting op not finished: uid 10025 pkg com.google.android.gms code 113 startTime of in progress event=1675101616338
01-31 08:30:13.365  7390  7424 I ActivityManager: Start proc 6228:com.urbandroid.sleep/u0a173 for broadcast {com.urbandroid.sleep/com.urbandroid.sleep.activityrecognition.ActivityReceiver}
01-31 08:30:13.855  7390 10983 W AppOps  : Noting op not finished: uid 10173 pkg com.urbandroid.sleep code 79 startTime of in progress event=1675107013850
01-31 08:30:13.863  7390 10983 W AppOps  : Noting op not finished: uid 10025 pkg com.google.android.gms code 113 startTime of in progress event=1675106336938
01-31 08:30:13.867  7390 10983 W AppOps  : Noting op not finished: uid 10126 pkg com.google.android.apps.maps code 79 startTime of in progress event=1675107013835
01-31 08:30:13.867  7390 10983 W AppOps  : Noting op not finished: uid 10173 pkg com.urbandroid.sleep code 79 startTime of in progress event=1675107013863
01-31 08:30:13.868  7390 10601 W AppOps  : Noting op not finished: uid 10346 pkg com.google.android.gms.location.history code 79 startTime of in progress event=1675037432798
01-31 08:30:13.870  7390 10601 W AppOps  : Noting op not finished: uid 10025 pkg com.google.android.gms code 113 startTime of in progress event=1675101616338
01-31 08:30:13.979  7390 10601 W AppOps  : Noting op not finished: uid 10126 pkg com.google.android.apps.maps code 79 startTime of in progress event=1675107013977
01-31 08:30:13.998  7390  7449 W AppOps  : Noting op not finished: uid 10126 pkg com.google.android.apps.maps code 79 startTime of in progress event=1675107013996
01-31 08:30:38.065  7390  7390 D WindowManager: powerPress: eventTime=137414858 interactive=true count=0 beganFromNonInteractive=false mShortPressOnPowerBehavior=1
01-31 08:30:38.067  7390  7390 I PowerManagerService: Powering off display group due to power_button (groupId= 0, uid= 1000)...
01-31 08:30:38.067  7390  7390 I PowerManagerService: Going to sleep due to power_button (uid 1000)...
01-31 08:30:38.108  7390  9865 D BiometricUtils: isEncrypted: false isLockdown: false
01-31 08:30:38.109  7390  7390 D BiometricScheduler/Fingerprint21: [Added] {[105] FingerprintUpdateActiveUserClient, proto=1, owner=android, cookie=0, userId=0}, new queue size: 1
01-31 08:30:38.109  7390  7390 D BiometricScheduler/Fingerprint21: [Polled] {[105] FingerprintUpdateActiveUserClient, proto=1, owner=android, cookie=0, userId=0}, State: 0
01-31 08:30:38.109  7390  7390 D BiometricScheduler/Fingerprint21: [Starting] {[105] FingerprintUpdateActiveUserClient, proto=1, owner=android, cookie=0, userId=0}, State: 0
01-31 08:30:38.109  7390  7390 D BiometricScheduler/Fingerprint21: [Started] {[105] FingerprintUpdateActiveUserClient, proto=1, owner=android, cookie=0, userId=0}
01-31 08:30:38.109  7390  7390 D FingerprintUpdateActiveUserClient: Already user: 0, returning
01-31 08:30:38.110  7390  7390 D BiometricScheduler/Fingerprint21: [Added] {[106] FingerprintAuthenticationClient, proto=3, owner=com.android.systemui, cookie=0, userId=0}, new queue size: 1
01-31 08:30:38.110  7390  7390 V BiometricScheduler/Fingerprint21: Not idle, current operation: {[105] FingerprintUpdateActiveUserClient, proto=1, owner=android, cookie=0, userId=0}, State: 2
01-31 08:30:38.110  7390  7390 D BiometricScheduler/Fingerprint21: [Finishing] {[105] FingerprintUpdateActiveUserClient, proto=1, owner=android, cookie=0, userId=0}, success: true
01-31 08:30:38.110  7390  7390 D BiometricScheduler/Fingerprint21: [Polled] {[106] FingerprintAuthenticationClient, proto=3, owner=com.android.systemui, cookie=0, userId=0}, State: 0
01-31 08:30:38.110  7390  7390 D GestureAvailabilityTracker: Notifying gesture availability, active=false
01-31 08:30:38.110  7390  7390 D BiometricScheduler/Fingerprint21: [Starting] {[106] FingerprintAuthenticationClient, proto=3, owner=com.android.systemui, cookie=0, userId=0}, State: 0
01-31 08:30:38.110  7390  7390 D BiometricScheduler/Fingerprint21: [Started] {[106] FingerprintAuthenticationClient, proto=3, owner=com.android.systemui, cookie=0, userId=0}
01-31 08:30:38.110  7390  7390 D BiometricCoexCoordinator: addAuthenticationClient(OtherFp), client: {[106] FingerprintAuthenticationClient, proto=3, owner=com.android.systemui, cookie=0, userId=0}
01-31 08:30:38.110  7390  7390 D FingerprintService: Fps state updated from 0 to 2, client {[106] FingerprintAuthenticationClient, proto=3, owner=com.android.systemui, cookie=0, userId=0}
01-31 08:30:38.110  7390  7390 D Biometrics/AuthenticationClient: Requesting auth for com.android.systemui
01-31 08:30:38.606  7390  7434 I DisplayPowerController[0]: Blocking screen off
01-31 08:30:38.607  7390  7434 I DisplayPowerController[0]: Unblocked screen off after 1 ms
01-31 08:30:38.620  7390  7434 D ActivityTaskManager: Top Process State changed to PROCESS_STATE_TOP_SLEEPING
01-31 08:30:38.645  7390  7410 W ProcessStats: Tracking association SourceState{574bc44 com.google.android.gms/10025 Top #212286} whose proc state 1 is better than process ProcessState{bef8f46 com.google.android.gms.persistent/10025 pkg=com.google.android.gms} proc state 2 (20 skipped)
01-31 08:30:38.657  7390  7434 V DisplayPowerController[0]: Brightness [0.0] reason changing to: 'screen_off', previous reason: 'automatic'.
01-31 08:30:38.660  7390  7410 I DisplayDeviceRepository: Display device changed state: "Built-in Screen", OFF
01-31 08:30:38.784  7390  7434 I DreamManagerService: Entering dreamland.
01-31 08:30:38.784  7390  7434 I PowerManagerService: Dozing...
01-31 08:30:38.784  7390  7407 I DreamController: Starting dream: name=ComponentInfo{com.android.systemui/com.android.systemui.doze.DozeService}, isTest=false, canDoze=true, userId=0
01-31 08:30:39.123  7390  7410 W ActivityTaskManager: Activity pause timeout for ActivityRecord{7d205ad u0 com.android.chrome/com.google.android.apps.chrome.Main t82488}
01-31 08:30:48.816  7390  7410 W ProcessStats: Tracking association SourceState{574bc44 com.google.android.gms/10025 Top #212404} whose proc state 1 is better than process ProcessState{bef8f46 com.google.android.gms.persistent/10025 pkg=com.google.android.gms} proc state 2 (256 skipped)
01-31 08:30:59.153  7390  7455 W ProcessStats: Tracking association SourceState{574bc44 com.google.android.gms/10025 Top #212419} whose proc state 1 is better than process ProcessState{bef8f46 com.google.android.gms.persistent/10025 pkg=com.google.android.gms} proc state 2 (35 skipped)
01-31 08:31:11.577  7390  7473 I PowerManagerService: Powering on display group fromDozing (groupId=0, uid=1000, reason=WAKE_REASON_POWER_BUTTON, details=android.policy:POWER)...
01-31 08:31:11.577  7390  7473 I PowerManagerService: Waking up from Dozing (uid=1000, reason=WAKE_REASON_POWER_BUTTON, details=android.policy:POWER)...
01-31 08:31:11.585  7390  7434 I DisplayPowerController[0]: Blocking screen on until initial contents have been drawn.
01-31 08:31:11.593  7390  7434 V DisplayPowerController[0]: Brightness [0.21942468] reason changing to: 'manual', previous reason: 'screen_off'.
01-31 08:31:11.594  7390  7410 I DisplayDeviceRepository: Display device changed state: "Built-in Screen", ON
01-31 08:31:11.601  7390  7390 W ProcessStats: Tracking association SourceState{574bc44 com.google.android.gms/10025 Top #212429} whose proc state 1 is better than process ProcessState{bef8f46 com.google.android.gms.persistent/10025 pkg=com.google.android.gms} proc state 2 (19 skipped)
01-31 08:31:11.671  7390  7390 I WindowManager: Suppressed redundant power key press while already in the process of turning the screen on.
01-31 08:31:11.699  7390 10601 I SoundTriggerService: getModelState(): id = 9f6ad62a-1f0b-11e7-87c5-40a8f03d3f15
01-31 08:31:11.703  7390  7434 V DisplayPowerController[0]: Brightness [0.21996462] reason changing to: 'automatic', previous reason: 'manual'.
01-31 08:31:11.731  7390  7434 I DisplayPowerController[0]: Unblocked screen on after 146 ms
01-31 08:31:11.743  7390 10601 D CompatibilityChangeReporter: Compat change id reported: 135634846; UID 10075; state: DISABLED
01-31 08:31:11.743  7390 10601 D CompatibilityChangeReporter: Compat change id reported: 177438394; UID 10075; state: DISABLED
01-31 08:31:11.743  7390 10601 D CompatibilityChangeReporter: Compat change id reported: 135772972; UID 10075; state: DISABLED
01-31 08:31:11.743  7390 10601 D CompatibilityChangeReporter: Compat change id reported: 135754954; UID 10075; state: ENABLED
01-31 08:31:11.744  7390  7424 D CompatibilityChangeReporter: Compat change id reported: 143937733; UID 10075; state: ENABLED
01-31 08:31:11.750  7390  7390 V SoundTriggerService: 9f6ad62a-1f0b-11e7-87c5-40a8f03d3f15: Generic sound trigger event: GenericRecognitionEvent ::RecognitionEvent [status=3, soundModelHandle=85, captureAvailable=true, captureSession=936889, captureDelayMs=0, capturePreambleMs=0, triggerInData=false, sampleRate=16000, encoding=2, channelMask=16, data=12]
01-31 08:31:11.754  7390  7424 I ActivityManager: Start proc 6315:com.google.android.apps.messaging/u0a75 for content provider {com.google.android.apps.messaging/com.google.android.apps.messaging.shared.datamodel.provider.sharedstorage.SharedStorageProvider}
01-31 08:31:11.779  7390  7390 V SoundTriggerService: 9f6ad62a-1f0b-11e7-87c5-40a8f03d3f15: onServiceConnected(android.os.BinderProxy@a8a19f6)
01-31 08:31:11.779  7390  7390 V SoundTriggerService: 9f6ad62a-1f0b-11e7-87c5-40a8f03d3f15: runOp 0
01-31 08:31:11.836  7390  7434 W PowerManagerService: Screen on took 266 ms
01-31 08:31:11.836  7390  7434 I DreamManagerService: Gently waking up from dream.
01-31 08:31:11.836  7390  7407 I DreamManagerService: Performing gentle wake from dream.
01-31 08:31:11.878  7390  7449 I DreamManagerService: Leaving dreamland.
01-31 08:31:11.881  7390  7407 I DreamManagerService: Performing gentle wake from dream.
01-31 08:31:11.882  7390  7407 I DreamController: Stopping dream: name=ComponentInfo{com.android.systemui/com.android.systemui.doze.DozeService}, isTest=false, canDoze=true, userId=0, reason='finished self'(from 'requested stopDream')
01-31 08:31:12.238  7390  7863 V SoundTriggerService: 9f6ad62a-1f0b-11e7-87c5-40a8f03d3f15: destroy
01-31 08:31:12.239  7390  7449 I SoundTriggerService: startRecognition(): id = 9f6ad62a-1f0b-11e7-87c5-40a8f03d3f15
01-31 08:31:12.239  7390  7449 W SoundTriggerHelper: Canceling previous recognition for model id: 9f6ad62a-1f0b-11e7-87c5-40a8f03d3f15
01-31 08:31:12.239  7390  7449 V SoundTriggerService: 9f6ad62a-1f0b-11e7-87c5-40a8f03d3f15: onError: -2147483648
01-31 08:31:12.242  7390  7449 W SoundTriggerService: 9f6ad62a-1f0b-11e7-87c5-40a8f03d3f15: Dropped operation as already destroyed or marked for destruction
01-31 08:31:12.274  7390  7449 I SoundTriggerHelper: startRecognition successful.
01-31 08:31:12.274  7390  7449 W SoundTriggerService: error onStart(): Model 9f6ad62a-1f0b-11e7-87c5-40a8f03d3f15 already started
01-31 08:31:12.274  7390  7449 I SoundTriggerService: deleteSoundModel(): id = 12caddb1-acdb-4dce-8cb0-2e95a2313aee
01-31 08:31:12.275  7390  7449 W SoundTriggerHelper: Unload error: Attempting unload invalid generic model with id:12caddb1-acdb-4dce-8cb0-2e95a2313aee
01-31 08:31:12.275  7390  7449 W SoundTriggerService: error onStop(): Model 12caddb1-acdb-4dce-8cb0-2e95a2313aee has no stats available
01-31 08:31:15.360  7390  7449 W AppOps  : Noting op not finished: uid 10025 pkg com.google.android.gms code 79 startTime of in progress event=1675101616338
01-31 08:31:15.388  7390  7663 W AppOps  : Noting op not finished: uid 10126 pkg com.google.android.apps.maps code 79 startTime of in progress event=1675107014010
01-31 08:31:15.392  7390  7663 W AppOps  : Noting op not finished: uid 10039 pkg com.google.android.apps.scone code 79 startTime of in progress event=1675068376349
01-31 08:31:15.397  7390  7663 W AppOps  : Noting op not finished: uid 10173 pkg com.urbandroid.sleep code 79 startTime of in progress event=1675107014047
01-31 08:31:15.539  7390  7449 W AppOps  : Noting op not finished: uid 10126 pkg com.google.android.apps.maps code 79 startTime of in progress event=1675107075530
01-31 08:31:15.642  7390  7663 E AppOps  : Operation not started: uid=10126 pkg=com.google.android.apps.maps(null) op=MONITOR_LOCATION
01-31 08:31:18.534  7390  7449 W AppOps  : Noting op not finished: uid 10025 pkg com.google.android.gms code 79 startTime of in progress event=1675101616338
01-31 08:31:18.537  7390  7449 W AppOps  : Noting op not finished: uid 10126 pkg com.google.android.apps.maps code 79 startTime of in progress event=1675107075557
01-31 08:31:18.541  7390  7449 W AppOps  : Noting op not finished: uid 10039 pkg com.google.android.apps.scone code 79 startTime of in progress event=1675068376349
01-31 08:31:18.546  7390  7449 W AppOps  : Noting op not finished: uid 10173 pkg com.urbandroid.sleep code 79 startTime of in progress event=1675107075743
01-31 08:31:18.580  7390  7863 W AppOps  : Noting op not finished: uid 10126 pkg com.google.android.apps.maps code 79 startTime of in progress event=1675107078575
01-31 08:31:22.438  7390  7863 W ProcessStats: Tracking association SourceState{5705b31 com.android.chrome/10110 Top #212635} whose proc state 1 is better than process ProcessState{60b5a32 com.google.android.gms/10025 pkg=com.google.android.gms} proc state 7 (333 skipped)
01-31 08:31:25.345  7390  7863 D CompatibilityChangeReporter: Compat change id reported: 135634846; UID 10412; state: DISABLED
01-31 08:31:25.345  7390  7863 D CompatibilityChangeReporter: Compat change id reported: 177438394; UID 10412; state: DISABLED
01-31 08:31:25.345  7390  7863 D CompatibilityChangeReporter: Compat change id reported: 135772972; UID 10412; state: DISABLED
01-31 08:31:25.345  7390  7863 D CompatibilityChangeReporter: Compat change id reported: 135754954; UID 10412; state: ENABLED
01-31 08:31:25.346  7390  7424 D CompatibilityChangeReporter: Compat change id reported: 143937733; UID 10412; state: ENABLED
01-31 08:31:25.353  7390  7424 I ActivityManager: Start proc 6394:com.google.android.turboadapter/u0a412 for service {com.google.android.turboadapter/com.google.android.turboadapter.GoogleBatteryService}
01-31 08:31:27.304  7390  7423 W BroadcastQueue: Permission Denial: broadcasting Intent { act=com.google.android.apps.gmm.NAVIGATION_STATE flg=0x10 pkg=com.google.android.googlequicksearchbox (has extras) } from null (pid=-1, uid=-1) requires com.google.android.googlequicksearchbox.permission.LAUNCH_FROM_GMM due to registered receiver BroadcastFilter{5448745 10059/u0 ReceiverList{f8a5bbc 12534 com.google.android.googlequicksearchbox:search/10059/u0 remote:31f6baf}}
01-31 08:31:27.305  7390  7423 W BroadcastQueue: Permission Denial: broadcasting Intent { act=com.google.android.apps.gmm.NAVIGATION_STATE flg=0x10 pkg=com.google.android.gms (has extras) } from null (pid=-1, uid=-1) requires com.google.android.googlequicksearchbox.permission.LAUNCH_FROM_GMM due to registered receiver BroadcastFilter{5448745 10059/u0 ReceiverList{f8a5bbc 12534 com.google.android.googlequicksearchbox:search/10059/u0 remote:31f6baf}}
01-31 08:31:33.384  7390 10626 W ProcessStats: Tracking association SourceState{574bc44 com.google.android.gms/10025 Top #212688} whose proc state 1 is better than process ProcessState{bef8f46 com.google.android.gms.persistent/10025 pkg=com.google.android.gms} proc state 2 (57 skipped)
01-31 08:31:41.420  7390  7390 V Biometrics/AcquisitionClient: Acquired: 7 0, shouldSend: true
01-31 08:31:41.672  7390  7390 V Biometrics/AcquisitionClient: Acquired: 0 0, shouldSend: true
01-31 08:31:41.678  7390  7390 V Biometrics/LoggableMonitor: Authentication latency: 258
01-31 08:31:41.678  7390  7390 V Biometrics/AuthenticationClient: onAuthenticated(true), ID:1909858644, Owner: com.android.systemui, isBP: false, listener: com.android.server.biometrics.sensors.ClientMonitorCallbackConverter@f5a132f, requireConfirmation: false, user: 0, clientMonitor: {[106] FingerprintAuthenticationClient, proto=3, owner=com.android.systemui, cookie=0, userId=0}
01-31 08:31:41.678  7390  7390 W Biometrics/AuthenticationClient: Allowing background authentication, this is allowed only for platform or test invocations
01-31 08:31:41.692  7390  7390 D Biometrics/AuthenticationClient: addAuthToken: 0
01-31 08:31:41.694  7390  7390 D BiometricScheduler/Fingerprint21: [Finishing] {[106] FingerprintAuthenticationClient, proto=3, owner=com.android.systemui, cookie=0, userId=0}, success: true
01-31 08:31:41.694  7390  7390 D BiometricCoexCoordinator: removeAuthenticationClient(OtherFp), client: {[106] FingerprintAuthenticationClient, proto=3, owner=com.android.systemui, cookie=0, userId=0}
01-31 08:31:41.694  7390  7390 D FingerprintService: Client finished, fps state updated to 0, client {[106] FingerprintAuthenticationClient, proto=3, owner=com.android.systemui, cookie=0, userId=0}
01-31 08:31:41.694  7390  7390 D GestureAvailabilityTracker: Notifying gesture availability, active=true
01-31 08:31:41.694  7390  7390 D BiometricScheduler/Fingerprint21: No operations, returning to idle
01-31 08:31:41.698  7390 10626 I ActivityTaskManager: START u0 {act=com.facebook.orca.notify.SECURE_VIEW dat=fb-messenger://groupthreadfbid/5200601080043659 flg=0x4000000 pkg=com.facebook.orca cmp=com.facebook.orca/com.facebook.messenger.intents.SecureIntentHandlerActivity (has extras)} from uid 10179
01-31 08:31:41.702  7390 10626 W ActivityTaskManager: startActivity called from non-Activity context; forcing Intent.FLAG_ACTIVITY_NEW_TASK for: Intent { act=com.facebook.orca.notify.SECURE_VIEW dat=fb-messenger://groupthreadfbid/5200601080043659 flg=0x4800000 pkg=com.facebook.orca cmp=com.facebook.orca/com.facebook.messenger.intents.SecureIntentHandlerActivity (has extras) }
01-31 08:31:41.703  7390 10626 W ActivityTaskManager: Can't find TaskDisplayArea to determine support for multi window. Task id=82496 attached=false
01-31 08:31:41.706  7390 10626 D CompatibilityChangeReporter: Compat change id reported: 174042980; UID 10179; state: DISABLED
01-31 08:31:41.707  7390 10626 D CompatibilityChangeReporter: Compat change id reported: 184838306; UID 10179; state: DISABLED
01-31 08:31:41.707  7390 10626 D CompatibilityChangeReporter: Compat change id reported: 185004937; UID 10179; state: DISABLED
01-31 08:31:41.707  7390 10626 D CompatibilityChangeReporter: Compat change id reported: 181136395; UID 10179; state: DISABLED
01-31 08:31:41.708  7390 10626 D CompatibilityChangeReporter: Compat change id reported: 174042936; UID 10179; state: DISABLED
01-31 08:31:41.710  7390 10626 D CompatibilityChangeReporter: Compat change id reported: 168419799; UID 10179; state: DISABLED
01-31 08:31:41.715  7390  7410 D CompatibilityChangeReporter: Compat change id reported: 135634846; UID 10179; state: DISABLED
01-31 08:31:41.715  7390  7410 D CompatibilityChangeReporter: Compat change id reported: 177438394; UID 10179; state: DISABLED
01-31 08:31:41.715  7390  7410 D CompatibilityChangeReporter: Compat change id reported: 135772972; UID 10179; state: DISABLED
01-31 08:31:41.715  7390  7410 D CompatibilityChangeReporter: Compat change id reported: 135754954; UID 10179; state: ENABLED
01-31 08:31:41.715  7390  7424 D CompatibilityChangeReporter: Compat change id reported: 143937733; UID 10179; state: ENABLED
01-31 08:31:41.721  7390  7424 I ActivityManager: Start proc 6442:com.facebook.orca/u0a179 for top-activity {com.facebook.orca/com.facebook.messenger.intents.SecureIntentHandlerActivity}
01-31 08:31:42.164  7390  7663 D ActivityTaskManager: Top Process State changed to PROCESS_STATE_TOP
01-31 08:31:42.164  7390  7663 D ActivityTaskManager: awakeFromSleepingLocked: previously pausing activity didn't pause
01-31 08:31:42.261  7390  7410 W ActivityTaskManager: Activity top resumed state loss timeout for ActivityRecord{e81bd8c u0 com.facebook.orca/com.facebook.messenger.intents.SecureIntentHandlerActivity t82496}
01-31 08:31:42.313  7390  7423 I ActivityManager: Waited long enough for: ServiceRecord{ab52c1 u0 com.google.android.googlequicksearchbox/com.google.android.apps.gsa.shared.util.keepalive.StandaloneKeepAlive$KeepAliveService}
01-31 08:31:42.741  7390 10626 I ActivityManager: Process com.qualcomm.telephony (pid 2245) has died: cch+65 SVC 
01-31 08:31:42.743  7390 10626 W ActivityManager: Scheduling restart of crashed service com.qualcomm.atfwd/.AtFwdService in 1000ms for start-requested
01-31 08:31:42.777  7390 10626 I ActivityManager: Process com.Slack (pid 32147) has died: cch+55 CEM 
01-31 08:31:42.992  7390 10983 I ActivityTaskManager: START u0 {flg=0x4000000 cmp=com.facebook.orca/com.facebook.messenger.neue.MainActivity (has extras)} from uid 10179
01-31 08:31:43.020  7390 10983 W WindowManager: Cannot find window which accessibility connection is added to
01-31 08:31:43.071  7390 10983 W WindowManager: Failed looking up window session=Session{1948610 6442:u0a10179} callers=com.android.server.wm.WindowManagerService.windowForClientLocked:5582 com.android.server.wm.Session.insetsModified:629 android.view.IWindowSession$Stub.onTransact:1151 
01-31 08:31:43.078  7390  7663 W ActivityTaskManager: Tried to set launchTime (133239365) < mLastActivityLaunchTime (137478666)
01-31 08:31:43.114  7390  7411 D CompatibilityChangeReporter: Compat change id reported: 158002302; UID 10179; state: ENABLED
01-31 08:31:43.127  7390  9856 I ActivityManager: Process com.transactor.android.columbus (pid 4891) has died: cch+55 CEM 
01-31 08:31:43.267  7390  9856 I ActivityManager: Process com.alibaba.aliexpresshd:channel (pid 5392) has died: cch+95 CEM 
01-31 08:31:43.310  7390  7423 W BroadcastQueue: Background execution not allowed: receiving Intent { act=android.intent.action.USER_PRESENT flg=0x24200010 } to com.android.chrome/org.chromium.chrome.browser.sharing.click_to_call.ClickToCallMessageHandler$PhoneUnlockedReceiver
01-31 08:31:43.311  7390  7423 W BroadcastQueue: Background execution not allowed: receiving Intent { act=android.intent.action.USER_PRESENT flg=0x24200010 } to com.google.android.gms/.auth.setup.devicesignals.LockScreenReceiver
01-31 08:31:43.311  7390  7423 W BroadcastQueue: Background execution not allowed: receiving Intent { act=android.intent.action.USER_PRESENT flg=0x24200010 } to com.google.android.gms/.chimera.GmsIntentOperationService$PersistentTrustedReceiver
01-31 08:31:43.311  7390  7423 W BroadcastQueue: Background execution not allowed: receiving Intent { act=android.intent.action.USER_PRESENT flg=0x24200010 } to com.alibaba.aliexpresshd/.receiver.SystemBroadcastReceiver
01-31 08:31:43.311  7390  7423 W BroadcastQueue: Background execution not allowed: receiving Intent { act=android.intent.action.USER_PRESENT flg=0x24200010 } to com.alibaba.aliexpresshd/com.taobao.accs.EventReceiver
01-31 08:31:43.311  7390  7423 W BroadcastQueue: Background execution not allowed: receiving Intent { act=android.intent.action.USER_PRESENT flg=0x24200010 } to com.instagram.android/com.instagram.push.FbnsInitBroadcastReceiver
01-31 08:31:43.610  7390  7403 D CompatibilityChangeReporter: Compat change id reported: 183164979; UID 10179; state: ENABLED
01-31 08:31:43.744  7390  7423 D CompatibilityChangeReporter: Compat change id reported: 135634846; UID 10331; state: DISABLED
01-31 08:31:43.744  7390  7423 D CompatibilityChangeReporter: Compat change id reported: 177438394; UID 10331; state: DISABLED
01-31 08:31:43.744  7390  7423 D CompatibilityChangeReporter: Compat change id reported: 135772972; UID 10331; state: DISABLED
01-31 08:31:43.744  7390  7423 D CompatibilityChangeReporter: Compat change id reported: 135754954; UID 10331; state: DISABLED
01-31 08:31:43.744  7390  7424 D CompatibilityChangeReporter: Compat change id reported: 143937733; UID 10331; state: DISABLED
01-31 08:31:43.753  7390  7424 I ActivityManager: Start proc 6586:com.qualcomm.telephony/u0a331 for service {com.qualcomm.atfwd/com.qualcomm.atfwd.AtFwdService}
01-31 08:31:43.767  7390  7390 W Looper  : Slow dispatch took 455ms main h=android.app.ActivityThread$H c=android.app.LoadedApk$ReceiverDispatcher$Args$$ExternalSyntheticLambda0@7df54e1 m=0
01-31 08:31:43.768  7390  7390 W Looper  : Slow delivery took 459ms main h=android.app.ActivityThread$H c=android.app.LoadedApk$ReceiverDispatcher$Args$$ExternalSyntheticLambda0@cf9e206 m=0
01-31 08:31:43.769  7390  7390 W Looper  : Drained
01-31 08:31:43.777  7390  8261 D CompatibilityChangeReporter: Compat change id reported: 168419799; UID 10331; state: DISABLED
01-31 08:31:44.451  7390  8261 W WindowManager: Cannot find window which accessibility connection is added to
01-31 08:31:44.455  7390  8261 W WindowManager: Failed looking up window session=Session{e57161c 7578:u0a10054} callers=com.android.server.wm.WindowManagerService.windowForClientLocked:5582 com.android.server.wm.WindowManagerService.removeWindow:2026 com.android.server.wm.Session.remove:218 
01-31 08:31:45.395  7390  8261 I ActivityManager: Process com.google.android.youtube.player (pid 14949) has died: cch+85 CEM 
01-31 08:31:45.647  7390  7408 I ActivityTaskManager: START u0 {act=android.intent.action.MAIN cat=[android.intent.category.HOME] flg=0x10000100 cmp=com.google.android.apps.nexuslauncher/.NexusLauncherActivity (has extras)} from uid 0
01-31 08:31:45.831  7390  7422 W UsageStatsService: Unexpected activity event reported! (com.android.chrome/org.chromium.chrome.browser.ChromeTabbedActivity event : 23 instanceId : 193075671)
01-31 08:31:47.382  7390  8485 D CompatibilityChangeReporter: Compat change id reported: 135634846; UID 10318; state: DISABLED
01-31 08:31:47.382  7390  8485 D CompatibilityChangeReporter: Compat change id reported: 177438394; UID 10318; state: DISABLED
01-31 08:31:47.382  7390  8485 D CompatibilityChangeReporter: Compat change id reported: 135772972; UID 10318; state: DISABLED
01-31 08:31:47.382  7390  8485 D CompatibilityChangeReporter: Compat change id reported: 135754954; UID 10318; state: ENABLED
01-31 08:31:47.383  7390  7424 D CompatibilityChangeReporter: Compat change id reported: 143937733; UID 10318; state: ENABLED
01-31 08:31:47.401  7390  7424 I ActivityManager: Start proc 6669:com.facebook.katana/u0a318 for content provider {com.facebook.katana/com.facebook.katana.provider.AttributionIdProvider}
01-31 08:31:49.101  7390  8261 D CompatibilityChangeReporter: Compat change id reported: 183164979; UID 10318; state: ENABLED
01-31 08:31:49.876  7390  8261 I ActivityTaskManager: START u0 {act=android.intent.action.VIEW flg=0x1000c000 pkg=com.google.android.gm cmp=com.google.android.gm/.ui.MailActivityGmail bnds=[37,539][1043,693] (has extras)} from uid 10092
01-31 08:31:49.895  7390  8261 W ActivityTaskManager: Can't find TaskDisplayArea to determine support for multi window. Task id=82497 attached=false
01-31 08:31:49.897  7390  8261 D CompatibilityChangeReporter: Compat change id reported: 174042980; UID 10092; state: DISABLED
01-31 08:31:49.898  7390  8261 D CompatibilityChangeReporter: Compat change id reported: 184838306; UID 10092; state: DISABLED
01-31 08:31:49.898  7390  8261 D CompatibilityChangeReporter: Compat change id reported: 185004937; UID 10092; state: DISABLED
01-31 08:31:49.898  7390  8261 D CompatibilityChangeReporter: Compat change id reported: 181136395; UID 10092; state: DISABLED
01-31 08:31:49.899  7390  8261 D CompatibilityChangeReporter: Compat change id reported: 174042936; UID 10092; state: DISABLED
01-31 08:31:49.901  7390  8261 D CompatibilityChangeReporter: Compat change id reported: 168419799; UID 10092; state: DISABLED
01-31 08:31:49.908  7390  7410 D CompatibilityChangeReporter: Compat change id reported: 177438394; UID 10092; state: DISABLED
01-31 08:31:49.908  7390  7410 D CompatibilityChangeReporter: Compat change id reported: 135772972; UID 10092; state: DISABLED
01-31 08:31:49.908  7390  7410 D CompatibilityChangeReporter: Compat change id reported: 135754954; UID 10092; state: ENABLED
01-31 08:31:49.908  7390  7424 D CompatibilityChangeReporter: Compat change id reported: 143937733; UID 10092; state: ENABLED
01-31 08:31:49.916  7390  7424 I ActivityManager: Start proc 6808:com.google.android.gm/u0a92 for pre-top-activity {com.google.android.gm/com.google.android.gm.ui.MailActivityGmail}
01-31 08:31:49.967  7390  9856 W WindowManager: Cannot find window which accessibility connection is added to
01-31 08:31:50.667  7390  7411 D CompatibilityChangeReporter: Compat change id reported: 158002302; UID 10092; state: ENABLED
01-31 08:31:51.154  7390  7450 W WindowManager: Cannot find window which accessibility connection is added to
01-31 08:31:51.158  7390  8485 W WindowManager: Failed looking up window session=Session{e57161c 7578:u0a10054} callers=com.android.server.wm.WindowManagerService.windowForClientLocked:5582 com.android.server.wm.WindowManagerService.removeWindow:2026 com.android.server.wm.Session.remove:218 
01-31 08:31:51.649  7390  9856 D CompatibilityChangeReporter: Compat change id reported: 135634846; UID 10105; state: DISABLED
01-31 08:31:51.649  7390  7424 D CompatibilityChangeReporter: Compat change id reported: 143937733; UID 10105; state: ENABLED
01-31 08:31:51.669  7390  7424 I ActivityManager: Start proc 6986:com.google.android.webview:webview_service/u0a105 for service {com.google.android.webview/org.chromium.android_webview.services.VariationsSeedServer}
01-31 08:31:51.688  7390  7600 D CompatibilityChangeReporter: Compat change id reported: 135634846; UID 10092; state: DISABLED
01-31 08:31:51.689  7390  7424 D CompatibilityChangeReporter: Compat change id reported: 143937733; UID 10092; state: ENABLED
01-31 08:31:51.703  7390  7424 I ActivityManager: Start proc 6991:com.google.android.webview:sandboxed_process0:org.chromium.content.app.SandboxedProcessService0:0/u0i89 for  {com.google.android.gm/org.chromium.content.app.SandboxedProcessService0:0}
01-31 08:31:51.733  7390  7390 E RemoteFillService: Error calling on fill request
01-31 08:31:51.733  7390  7390 E RemoteFillService: java.util.concurrent.TimeoutException
01-31 08:31:51.733  7390  7390 E RemoteFillService: 	at com.android.internal.infra.AndroidFuture.triggerTimeout(AndroidFuture.java:290)
01-31 08:31:51.733  7390  7390 E RemoteFillService: 	at com.android.internal.infra.AndroidFuture$$ExternalSyntheticLambda0.run(Unknown Source:2)
01-31 08:31:51.733  7390  7390 E RemoteFillService: 	at android.os.Handler.handleCallback(Handler.java:938)
01-31 08:31:51.733  7390  7390 E RemoteFillService: 	at android.os.Handler.dispatchMessage(Handler.java:99)
01-31 08:31:51.733  7390  7390 E RemoteFillService: 	at android.os.Looper.loopOnce(Looper.java:201)
01-31 08:31:51.733  7390  7390 E RemoteFillService: 	at android.os.Looper.loop(Looper.java:288)
01-31 08:31:51.733  7390  7390 E RemoteFillService: 	at com.android.server.SystemServer.run(SystemServer.java:903)
01-31 08:31:51.733  7390  7390 E RemoteFillService: 	at com.android.server.SystemServer.main(SystemServer.java:610)
01-31 08:31:51.733  7390  7390 E RemoteFillService: 	at java.lang.reflect.Method.invoke(Native Method)
01-31 08:31:51.733  7390  7390 E RemoteFillService: 	at com.android.internal.os.RuntimeInit$MethodAndArgsCaller.run(RuntimeInit.java:548)
01-31 08:31:51.733  7390  7390 E RemoteFillService: 	at com.android.internal.os.ZygoteInit.main(ZygoteInit.java:981)
01-31 08:31:51.817  7390  9856 D CompatibilityChangeReporter: Compat change id reported: 168419799; UID 10105; state: DISABLED
01-31 08:31:51.837  7390  7390 D CompatibilityChangeReporter: Compat change id reported: 135634846; UID 10105; state: DISABLED
01-31 08:31:51.837  7390  7424 D CompatibilityChangeReporter: Compat change id reported: 143937733; UID 10105; state: ENABLED
01-31 08:31:51.842  7390  7424 I ActivityManager: Start proc 7032:com.google.android.webview:webview_apk/u0a105 for service {com.google.android.webview/org.chromium.android_webview.nonembedded.AwComponentUpdateService}
01-31 08:31:52.548  7390  7450 I ActivityManager: Process nz.govt.at.atmobile (pid 6002) has died: cch+65 CEM 
01-31 08:31:52.552  7390  7485 D CompatibilityChangeReporter: Compat change id reported: 171306433; UID 10508; state: ENABLED
01-31 08:31:53.851  7390  9856 I ActivityManager: Process com.google.android.webview:sandboxed_process0:org.chromium.content.app.SandboxedProcessService0:0 (pid 8225) has died: cch+60 CACC
01-31 08:31:53.851  7390  9856 W ActivityManager: Scheduling restart of crashed service com.viber.voip/org.chromium.content.app.SandboxedProcessService0:0 in 1000ms for connection
01-31 08:31:54.085  7390  9856 D CompatibilityChangeReporter: Compat change id reported: 135634846; UID 10185; state: DISABLED
01-31 08:31:54.085  7390  7424 D CompatibilityChangeReporter: Compat change id reported: 143937733; UID 10185; state: ENABLED
01-31 08:31:54.096  7390  7424 I ActivityManager: Start proc 7174:com.google.android.webview:sandboxed_process0:org.chromium.content.app.SandboxedProcessService0:1/u0i90 for  {com.viber.voip/org.chromium.content.app.SandboxedProcessService0:1}
01-31 08:31:54.147  7390  9184 I ActivityManager: Process com.google.android.permissioncontroller (pid 5909) has died: cch+55 CEM 
01-31 08:31:54.221  7390  9184 I ActivityManager: Process com.authy.authy (pid 5718) has died: cch+50 CAC 
01-31 08:31:54.221  7390  8485 I WindowManager: WIN DEATH: Window{8c1cf02 u0 com.authy.authy/com.authy.authy.activities.TokensActivity}
01-31 08:31:54.226  7390 10681 W WindowManager: Cannot find window which accessibility connection is added to
01-31 08:31:54.231  7390  7410 W ActivityManager: setHasOverlayUi called on unknown pid: 5718
01-31 08:31:54.790  7390  7874 D CompatibilityChangeReporter: Compat change id reported: 168419799; UID 10318; state: DISABLED
01-31 08:31:54.898  7390  7407 D CompanionDeviceManagerService: onPackageModified(packageName = com.facebook.orca)
01-31 08:31:54.905  7390  7455 D CompatibilityChangeReporter: Compat change id reported: 171306433; UID 10179; state: ENABLED
01-31 08:31:54.906  7390  7407 D CompatibilityChangeReporter: Compat change id reported: 135634846; UID 10329; state: DISABLED
01-31 08:31:54.906  7390  7407 D CompatibilityChangeReporter: Compat change id reported: 177438394; UID 10329; state: DISABLED
01-31 08:31:54.906  7390  7407 D CompatibilityChangeReporter: Compat change id reported: 135772972; UID 10329; state: DISABLED
01-31 08:31:54.906  7390  7407 D CompatibilityChangeReporter: Compat change id reported: 135754954; UID 10329; state: ENABLED
01-31 08:31:54.907  7390  7424 D CompatibilityChangeReporter: Compat change id reported: 143937733; UID 10329; state: ENABLED
01-31 08:31:54.925  7390  7424 I ActivityManager: Start proc 7220:com.google.android.permissioncontroller/u0a329 for service {com.google.android.permissioncontroller/com.android.permissioncontroller.permission.service.PermissionControllerServiceImpl}
01-31 08:31:54.936  7390  7390 I Telecom : DefaultDialerCache: Refreshing default dialer for user 0: now com.google.android.dialer: DDC.oR@EC4
01-31 08:31:54.937  7390  7390 I Telecom : DefaultDialerCache: Refreshing default dialer for user 10: now null: DDC.oR@EC4
01-31 08:31:54.937  7390  7390 I Telecom : DefaultDialerCache: Refreshing default dialer for user 11: now com.google.android.dialer: DDC.oR@EC4
01-31 08:31:54.950  7390  9184 D CompatibilityChangeReporter: Compat change id reported: 168419799; UID 10061; state: DISABLED
01-31 08:31:55.006  7390  9192 I ActivityManager: Killing 7174:com.google.android.webview:sandboxed_process0:org.chromium.content.app.SandboxedProcessService0:1/u0a185i90 (adj 0): isolated not needed
01-31 08:31:55.010  7390  7449 I ActivityManager: Process com.google.android.inputmethod.latin (pid 5577) has died: cch+55 CEM 
01-31 08:31:55.027  7390  8485 D CompatibilityChangeReporter: Compat change id reported: 168419799; UID 10329; state: DISABLED
01-31 08:31:55.056  7390  9192 I ActivityManager: Process com.google.android.apps.maps (pid 30659) has died: cch+35 CEM 
01-31 08:31:55.108  7390  7600 I ActivityManager: Process com.android.chrome:sandboxed_process0:org.chromium.content.app.SandboxedProcessService0:18 (pid 16040) has died: cch+30 CACC
01-31 08:31:55.109  7390  7600 W ActivityManager: Scheduling restart of crashed service com.android.chrome/org.chromium.content.app.SandboxedProcessService0:18 in 1000ms for connection
01-31 08:31:55.458  7390  7422 W UsageStatsService: Unexpected activity event reported! (com.authy.authy/com.authy.authy.activities.TokensActivity event : 23 instanceId : 34625800)
01-31 08:31:55.545  7390  9184 I ActivityManager: Process com.viber.voip (pid 7308) has died: cch+30 CAC 
01-31 08:31:55.546  7390  7663 I WindowManager: WIN DEATH: Window{5e4dc27 u0 com.viber.voip/com.viber.voip.messages.ui.ConversationActivity}
01-31 08:31:55.553  7390  7485 D CompatibilityChangeReporter: Compat change id reported: 171306433; UID 10185; state: ENABLED
01-31 08:31:55.558  7390  7410 W ActivityManager: setHasOverlayUi called on unknown pid: 7308
01-31 08:31:55.856  7390  9184 W ActivityManager: Background start not allowed: service Intent { act=Orca.START cmp=com.facebook.katana/com.facebook.mqttlite.MqttService (has extras) } to com.facebook.katana/com.facebook.mqttlite.MqttService from pid=6669 uid=10318 pkg=com.facebook.katana startFg?=false
01-31 08:31:55.866  7390  9184 W ActivityManager: Background start not allowed: service Intent { act=Orca.START cmp=com.facebook.katana/com.facebook.mqttlite.MqttService (has extras) } to com.facebook.katana/com.facebook.mqttlite.MqttService from pid=6669 uid=10318 pkg=com.facebook.katana startFg?=false
01-31 08:31:55.942  7390  9184 D CompatibilityChangeReporter: Compat change id reported: 135634846; UID 10110; state: DISABLED
01-31 08:31:55.942  7390  7424 D CompatibilityChangeReporter: Compat change id reported: 143937733; UID 10110; state: ENABLED
01-31 08:31:55.950  7390  7424 I ActivityManager: Start proc 7320:com.android.chrome:sandboxed_process0:org.chromium.content.app.SandboxedProcessService0:19/u0ai9 for  {com.android.chrome/org.chromium.content.app.SandboxedProcessService0:19}
01-31 08:31:57.152  7390  7663 W ActivityManager: Background start not allowed: service Intent { act=Orca.PERSISTENT_KICK_SKIP_PING cmp=com.facebook.katana/com.facebook.mqttlite.MqttService (has extras) } to com.facebook.katana/com.facebook.mqttlite.MqttService from pid=6669 uid=10318 pkg=com.facebook.katana startFg?=false
01-31 08:31:57.646  7390  7423 W BroadcastQueue: Permission Denial: broadcasting Intent { act=android.net.conn.CONNECTIVITY_CHANGE flg=0x4200010 (has extras) } from null (pid=-1, uid=-1) requires com.facebook.permission.prod.FB_APP_COMMUNICATION due to registered receiver BroadcastFilter{8d953be 10179/u0 ReceiverList{2631a79 6442 com.facebook.orca/10179/u0 remote:64f2b40}}
01-31 08:31:57.998  7390  7422 W UsageStatsService: Unexpected activity event reported! (com.viber.voip/com.viber.voip.messages.ui.ConversationActivity event : 23 instanceId : 125043925)
01-31 08:31:58.309  7390  9184 D CompatibilityChangeReporter: Compat change id reported: 168419799; UID 10179; state: DISABLED
01-31 08:31:58.416  7390  9855 D CompatibilityChangeReporter: Compat change id reported: 149924527; UID 10179; state: ENABLED
01-31 08:31:58.417  7390  9184 D CompatibilityChangeReporter: Compat change id reported: 132649864; UID 10179; state: DISABLED
01-31 08:31:58.418  7390  9184 D CompatibilityChangeReporter: Compat change id reported: 182734110; UID 10179; state: ENABLED
01-31 08:31:59.563  7390  7423 W BroadcastQueue: Permission Denial: broadcasting Intent { act=android.net.conn.CONNECTIVITY_CHANGE flg=0x4200010 (has extras) } from null (pid=-1, uid=-1) requires com.facebook.permission.prod.FB_APP_COMMUNICATION due to registered receiver BroadcastFilter{229d2e5 10318/u0 ReceiverList{90d11dc 6669 com.facebook.katana/10318/u0 remote:e00a64f}}
01-31 08:31:59.647  7390  7407 D CompanionDeviceManagerService: onPackageModified(packageName = com.facebook.orca)
01-31 08:31:59.670  7390  7390 I Telecom : DefaultDialerCache: Refreshing default dialer for user 0: now com.google.android.dialer: DDC.oR@EDA
01-31 08:31:59.670  7390  7390 I Telecom : DefaultDialerCache: Refreshing default dialer for user 10: now null: DDC.oR@EDA
01-31 08:31:59.670  7390  7390 I Telecom : DefaultDialerCache: Refreshing default dialer for user 11: now com.google.android.dialer: DDC.oR@EDA
01-31 08:32:00.076  6669  6761 E ActivityThread: Failed to find provider info for com.facebook.appmanager.firstparty.crashreporter
01-31 08:32:01.234  7390  7407 D CompanionDeviceManagerService: onPackageModified(packageName = com.facebook.katana)
01-31 08:32:01.273  7390  7390 I Telecom : DefaultDialerCache: Refreshing default dialer for user 0: now com.google.android.dialer: DDC.oR@EDE
01-31 08:32:01.273  7390  7390 I Telecom : DefaultDialerCache: Refreshing default dialer for user 10: now null: DDC.oR@EDE
01-31 08:32:01.273  7390  7390 I Telecom : DefaultDialerCache: Refreshing default dialer for user 11: now com.google.android.dialer: DDC.oR@EDE
01-31 08:32:14.000  7390 10983 W AppOps  : Noting op not finished: uid 10173 pkg com.urbandroid.sleep code 79 startTime of in progress event=1675107078631
01-31 08:32:14.004  7390 10983 W AppOps  : Noting op not finished: uid 10025 pkg com.google.android.gms code 113 startTime of in progress event=1675106336938
01-31 08:32:14.008  7390  7423 D CompatibilityChangeReporter: Compat change id reported: 168419799; UID 10173; state: DISABLED
01-31 08:32:14.018  7390 10983 W AppOps  : Noting op not finished: uid 10126 pkg com.google.android.apps.maps code 79 startTime of in progress event=1675107078593
01-31 08:32:14.023  7390  7663 W AppOps  : Noting op not finished: uid 10346 pkg com.google.android.gms.location.history code 79 startTime of in progress event=1675037432798
01-31 08:32:14.028  7390  7663 W AppOps  : Noting op not finished: uid 10025 pkg com.google.android.gms code 113 startTime of in progress event=1675101616338
01-31 08:32:14.039  7390  7403 D CompatibilityChangeReporter: Compat change id reported: 177438394; UID 10126; state: DISABLED
01-31 08:32:14.039  7390  7403 D CompatibilityChangeReporter: Compat change id reported: 135772972; UID 10126; state: DISABLED
01-31 08:32:14.039  7390  7403 D CompatibilityChangeReporter: Compat change id reported: 135754954; UID 10126; state: ENABLED
01-31 08:32:14.040  7390  7424 D CompatibilityChangeReporter: Compat change id reported: 143937733; UID 10126; state: ENABLED
01-31 08:32:14.051  7390  7424 I ActivityManager: Start proc 7661:com.google.android.apps.maps/u0a126 for broadcast {com.google.android.apps.maps/com.google.android.apps.gmm.locationsharing.reporting.ActivityRecognitionBroadcastReceiver}
01-31 08:32:14.089  7390 10983 D CompatibilityChangeReporter: Compat change id reported: 181136395; UID 10092; state: DISABLED
01-31 08:32:14.089  7390 10983 D CompatibilityChangeReporter: Compat change id reported: 174042936; UID 10092; state: DISABLED
01-31 08:32:14.506  7390  7411 D CompatibilityChangeReporter: Compat change id reported: 158002302; UID 10092; state: ENABLED
01-31 08:32:14.845  7390  7663 W AppOps  : Noting op not finished: uid 10126 pkg com.google.android.apps.maps code 79 startTime of in progress event=1675107134834
01-31 08:32:14.857  7390  7408 D CompatibilityChangeReporter: Compat change id reported: 171306433; UID 10126; state: ENABLED
01-31 08:32:14.885  7390 10983 W AppOps  : Noting op not finished: uid 10126 pkg com.google.android.apps.maps code 79 startTime of in progress event=1675107134883
01-31 08:32:19.084  7390  9230 W AppOps  : Noting op not finished: uid 10173 pkg com.urbandroid.sleep code 79 startTime of in progress event=1675107134091
01-31 08:32:19.086  7390  9230 W AppOps  : Noting op not finished: uid 10025 pkg com.google.android.gms code 113 startTime of in progress event=1675106336938
01-31 08:32:19.092  7390  9230 W AppOps  : Noting op not finished: uid 10126 pkg com.google.android.apps.maps code 79 startTime of in progress event=1675107134895
01-31 08:32:19.094  7390  7403 W AppOps  : Noting op not finished: uid 10346 pkg com.google.android.gms.location.history code 79 startTime of in progress event=1675037432798
01-31 08:32:19.100  7390  8220 W AppOps  : Noting op not finished: uid 10025 pkg com.google.android.gms code 113 startTime of in progress event=1675101616338
01-31 08:32:19.128  7390  9230 W AppOps  : Noting op not finished: uid 10126 pkg com.google.android.apps.maps code 79 startTime of in progress event=1675107139124
01-31 08:32:19.164  7390  9192 W AppOps  : Noting op not finished: uid 10126 pkg com.google.android.apps.maps code 79 startTime of in progress event=1675107139161
01-31 08:32:19.588  7390  7430 E KernelCpuUidUserSysTimeReader: Negative user/sys time delta for UID=90008
01-31 08:32:19.588  7390  7430 E KernelCpuUidUserSysTimeReader: Prev times: u=21500000 s=3164000 Curr times: u=21444000 s=3044000
01-31 08:32:20.769  7390  7422 W UsageStatsService: Unexpected activity event reported! (com.google.android.apps.nexuslauncher/com.google.android.apps.nexuslauncher.NexusLauncherActivity event : 23 instanceId : 197043951)
01-31 08:32:22.513  7390  7663 W AppOps  : Noting op not finished: uid 10173 pkg com.urbandroid.sleep code 79 startTime of in progress event=1675107139114
01-31 08:32:22.519  7390  7408 D CompatibilityChangeReporter: Compat change id reported: 171306433; UID 10173; state: ENABLED
01-31 08:32:23.408  7390  7663 D CompatibilityChangeReporter: Compat change id reported: 135634846; UID 10008; state: DISABLED
01-31 08:32:23.408  7390  7663 D CompatibilityChangeReporter: Compat change id reported: 177438394; UID 10008; state: DISABLED
01-31 08:32:23.408  7390  7663 D CompatibilityChangeReporter: Compat change id reported: 135772972; UID 10008; state: DISABLED
01-31 08:32:23.409  7390  7663 D CompatibilityChangeReporter: Compat change id reported: 135754954; UID 10008; state: ENABLED
01-31 08:32:23.409  7390  7424 D CompatibilityChangeReporter: Compat change id reported: 143937733; UID 10008; state: ENABLED
